09:20:55 **** Build of configuration Debug for project PRJ_c8t6 ****
make -j10 all 
arm-none-eabi-gcc "../Src/Lib/mx_c8t6/USB_DEVICE/Target/usbd_conf.c" -mcpu=cortex-m3 -std=gnu11 -g3 -DSTM32F103xB -c -I"/Users/chmnku/Developement/Bluepill/c8t6_fw/Src" -I"/Users/chmnku/Developement/Bluepill/c8t6_fw/Src/App/inc" -I"/Users/chmnku/Developement/Bluepill/c8t6_fw/Src/Definition" -I"/Users/chmnku/Developement/Bluepill/c8t6_fw/Src/Device/Bsp/inc" -I"/Users/chmnku/Developement/Bluepill/c8t6_fw/Src/Device/Hw/inc" -I"/Users/chmnku/Developement/Bluepill/c8t6_fw/Src/Lib/mx_c8t6/Drivers/CMSIS/Device/ST/STM32F1xx/Include" -I"/Users/chmnku/Developement/Bluepill/c8t6_fw/Src/Lib/mx_c8t6/Drivers/CMSIS/Include" -I"/Users/chmnku/Developement/Bluepill/c8t6_fw/Src/Lib/mx_c8t6/Drivers/STM32F1xx_HAL_Driver/Inc" -I"/Users/chmnku/Developement/Bluepill/c8t6_fw/Src/Lib/mx_c8t6/Middlewares/ST/STM32_USB_Device_Library/Class/CDC/Inc" -I"/Users/chmnku/Developement/Bluepill/c8t6_fw/Src/Lib/mx_c8t6/Middlewares/ST/STM32_USB_Device_Library/Core/Inc" -I"/Users/chmnku/Developement/Bluepill/c8t6_fw/Src/Lib/mx_c8t6/USB_DEVICE/App" -I"/Users/chmnku/Developement/Bluepill/c8t6_fw/Src/Lib/mx_c8t6/USB_DEVICE/Target" -I"/Users/chmnku/Developement/Bluepill/c8t6_fw/Src/Definition/include" -O0 -ffunction-sections -fdata-sections -Wall -fstack-usage -fcyclomatic-complexity -MMD -MP -MF"Src/Lib/mx_c8t6/USB_DEVICE/Target/usbd_conf.d" -MT"Src/Lib/mx_c8t6/USB_DEVICE/Target/usbd_conf.o" --specs=nano.specs -mfloat-abi=soft -mthumb -o "Src/Lib/mx_c8t6/USB_DEVICE/Target/usbd_conf.o"
arm-none-eabi-gcc "../Src/Lib/mx_c8t6/USB_DEVICE/App/usb_device.c" -mcpu=cortex-m3 -std=gnu11 -g3 -DSTM32F103xB -c -I"/Users/chmnku/Developement/Bluepill/c8t6_fw/Src" -I"/Users/chmnku/Developement/Bluepill/c8t6_fw/Src/App/inc" -I"/Users/chmnku/Developement/Bluepill/c8t6_fw/Src/Definition" -I"/Users/chmnku/Developement/Bluepill/c8t6_fw/Src/Device/Bsp/inc" -I"/Users/chmnku/Developement/Bluepill/c8t6_fw/Src/Device/Hw/inc" -I"/Users/chmnku/Developement/Bluepill/c8t6_fw/Src/Lib/mx_c8t6/Drivers/CMSIS/Device/ST/STM32F1xx/Include" -I"/Users/chmnku/Developement/Bluepill/c8t6_fw/Src/Lib/mx_c8t6/Drivers/CMSIS/Include" -I"/Users/chmnku/Developement/Bluepill/c8t6_fw/Src/Lib/mx_c8t6/Drivers/STM32F1xx_HAL_Driver/Inc" -I"/Users/chmnku/Developement/Bluepill/c8t6_fw/Src/Lib/mx_c8t6/Middlewares/ST/STM32_USB_Device_Library/Class/CDC/Inc" -I"/Users/chmnku/Developement/Bluepill/c8t6_fw/Src/Lib/mx_c8t6/Middlewares/ST/STM32_USB_Device_Library/Core/Inc" -I"/Users/chmnku/Developement/Bluepill/c8t6_fw/Src/Lib/mx_c8t6/USB_DEVICE/App" -I"/Users/chmnku/Developement/Bluepill/c8t6_fw/Src/Lib/mx_c8t6/USB_DEVICE/Target" -I"/Users/chmnku/Developement/Bluepill/c8t6_fw/Src/Definition/include" -O0 -ffunction-sections -fdata-sections -Wall -fstack-usage -fcyclomatic-complexity -MMD -MP -MF"Src/Lib/mx_c8t6/USB_DEVICE/App/usb_device.d" -MT"Src/Lib/mx_c8t6/USB_DEVICE/App/usb_device.o" --specs=nano.specs -mfloat-abi=soft -mthumb -o "Src/Lib/mx_c8t6/USB_DEVICE/App/usb_device.o"
arm-none-eabi-gcc "../Src/Lib/mx_c8t6/USB_DEVICE/App/usbd_cdc_if.c" -mcpu=cortex-m3 -std=gnu11 -g3 -DSTM32F103xB -c -I"/Users/chmnku/Developement/Bluepill/c8t6_fw/Src" -I"/Users/chmnku/Developement/Bluepill/c8t6_fw/Src/App/inc" -I"/Users/chmnku/Developement/Bluepill/c8t6_fw/Src/Definition" -I"/Users/chmnku/Developement/Bluepill/c8t6_fw/Src/Device/Bsp/inc" -I"/Users/chmnku/Developement/Bluepill/c8t6_fw/Src/Device/Hw/inc" -I"/Users/chmnku/Developement/Bluepill/c8t6_fw/Src/Lib/mx_c8t6/Drivers/CMSIS/Device/ST/STM32F1xx/Include" -I"/Users/chmnku/Developement/Bluepill/c8t6_fw/Src/Lib/mx_c8t6/Drivers/CMSIS/Include" -I"/Users/chmnku/Developement/Bluepill/c8t6_fw/Src/Lib/mx_c8t6/Drivers/STM32F1xx_HAL_Driver/Inc" -I"/Users/chmnku/Developement/Bluepill/c8t6_fw/Src/Lib/mx_c8t6/Middlewares/ST/STM32_USB_Device_Library/Class/CDC/Inc" -I"/Users/chmnku/Developement/Bluepill/c8t6_fw/Src/Lib/mx_c8t6/Middlewares/ST/STM32_USB_Device_Library/Core/Inc" -I"/Users/chmnku/Developement/Bluepill/c8t6_fw/Src/Lib/mx_c8t6/USB_DEVICE/App" -I"/Users/chmnku/Developement/Bluepill/c8t6_fw/Src/Lib/mx_c8t6/USB_DEVICE/Target" -I"/Users/chmnku/Developement/Bluepill/c8t6_fw/Src/Definition/include" -O0 -ffunction-sections -fdata-sections -Wall -fstack-usage -fcyclomatic-complexity -MMD -MP -MF"Src/Lib/mx_c8t6/USB_DEVICE/App/usbd_cdc_if.d" -MT"Src/Lib/mx_c8t6/USB_DEVICE/App/usbd_cdc_if.o" --specs=nano.specs -mfloat-abi=soft -mthumb -o "Src/Lib/mx_c8t6/USB_DEVICE/App/usbd_cdc_if.o"
arm-none-eabi-gcc "../Src/Lib/mx_c8t6/USB_DEVICE/App/usbd_desc.c" -mcpu=cortex-m3 -std=gnu11 -g3 -DSTM32F103xB -c -I"/Users/chmnku/Developement/Bluepill/c8t6_fw/Src" -I"/Users/chmnku/Developement/Bluepill/c8t6_fw/Src/App/inc" -I"/Users/chmnku/Developement/Bluepill/c8t6_fw/Src/Definition" -I"/Users/chmnku/Developement/Bluepill/c8t6_fw/Src/Device/Bsp/inc" -I"/Users/chmnku/Developement/Bluepill/c8t6_fw/Src/Device/Hw/inc" -I"/Users/chmnku/Developement/Bluepill/c8t6_fw/Src/Lib/mx_c8t6/Drivers/CMSIS/Device/ST/STM32F1xx/Include" -I"/Users/chmnku/Developement/Bluepill/c8t6_fw/Src/Lib/mx_c8t6/Drivers/CMSIS/Include" -I"/Users/chmnku/Developement/Bluepill/c8t6_fw/Src/Lib/mx_c8t6/Drivers/STM32F1xx_HAL_Driver/Inc" -I"/Users/chmnku/Developement/Bluepill/c8t6_fw/Src/Lib/mx_c8t6/Middlewares/ST/STM32_USB_Device_Library/Class/CDC/Inc" -I"/Users/chmnku/Developement/Bluepill/c8t6_fw/Src/Lib/mx_c8t6/Middlewares/ST/STM32_USB_Device_Library/Core/Inc" -I"/Users/chmnku/Developement/Bluepill/c8t6_fw/Src/Lib/mx_c8t6/USB_DEVICE/App" -I"/Users/chmnku/Developement/Bluepill/c8t6_fw/Src/Lib/mx_c8t6/USB_DEVICE/Target" -I"/Users/chmnku/Developement/Bluepill/c8t6_fw/Src/Definition/include" -O0 -ffunction-sections -fdata-sections -Wall -fstack-usage -fcyclomatic-complexity -MMD -MP -MF"Src/Lib/mx_c8t6/USB_DEVICE/App/usbd_desc.d" -MT"Src/Lib/mx_c8t6/USB_DEVICE/App/usbd_desc.o" --specs=nano.specs -mfloat-abi=soft -mthumb -o "Src/Lib/mx_c8t6/USB_DEVICE/App/usbd_desc.o"
arm-none-eabi-gcc "../Src/Lib/mx_c8t6/Middlewares/ST/STM32_USB_Device_Library/Core/Src/usbd_core.c" -mcpu=cortex-m3 -std=gnu11 -g3 -DSTM32F103xB -c -I"/Users/chmnku/Developement/Bluepill/c8t6_fw/Src" -I"/Users/chmnku/Developement/Bluepill/c8t6_fw/Src/App/inc" -I"/Users/chmnku/Developement/Bluepill/c8t6_fw/Src/Definition" -I"/Users/chmnku/Developement/Bluepill/c8t6_fw/Src/Device/Bsp/inc" -I"/Users/chmnku/Developement/Bluepill/c8t6_fw/Src/Device/Hw/inc" -I"/Users/chmnku/Developement/Bluepill/c8t6_fw/Src/Lib/mx_c8t6/Drivers/CMSIS/Device/ST/STM32F1xx/Include" -I"/Users/chmnku/Developement/Bluepill/c8t6_fw/Src/Lib/mx_c8t6/Drivers/CMSIS/Include" -I"/Users/chmnku/Developement/Bluepill/c8t6_fw/Src/Lib/mx_c8t6/Drivers/STM32F1xx_HAL_Driver/Inc" -I"/Users/chmnku/Developement/Bluepill/c8t6_fw/Src/Lib/mx_c8t6/Middlewares/ST/STM32_USB_Device_Library/Class/CDC/Inc" -I"/Users/chmnku/Developement/Bluepill/c8t6_fw/Src/Lib/mx_c8t6/Middlewares/ST/STM32_USB_Device_Library/Core/Inc" -I"/Users/chmnku/Developement/Bluepill/c8t6_fw/Src/Lib/mx_c8t6/USB_DEVICE/App" -I"/Users/chmnku/Developement/Bluepill/c8t6_fw/Src/Lib/mx_c8t6/USB_DEVICE/Target" -I"/Users/chmnku/Developement/Bluepill/c8t6_fw/Src/Definition/include" -O0 -ffunction-sections -fdata-sections -Wall -fstack-usage -fcyclomatic-complexity -MMD -MP -MF"Src/Lib/mx_c8t6/Middlewares/ST/STM32_USB_Device_Library/Core/Src/usbd_core.d" -MT"Src/Lib/mx_c8t6/Middlewares/ST/STM32_USB_Device_Library/Core/Src/usbd_core.o" --specs=nano.specs -mfloat-abi=soft -mthumb -o "Src/Lib/mx_c8t6/Middlewares/ST/STM32_USB_Device_Library/Core/Src/usbd_core.o"
arm-none-eabi-gcc "../Src/Lib/mx_c8t6/Middlewares/ST/STM32_USB_Device_Library/Core/Src/usbd_ctlreq.c" -mcpu=cortex-m3 -std=gnu11 -g3 -DSTM32F103xB -c -I"/Users/chmnku/Developement/Bluepill/c8t6_fw/Src" -I"/Users/chmnku/Developement/Bluepill/c8t6_fw/Src/App/inc" -I"/Users/chmnku/Developement/Bluepill/c8t6_fw/Src/Definition" -I"/Users/chmnku/Developement/Bluepill/c8t6_fw/Src/Device/Bsp/inc" -I"/Users/chmnku/Developement/Bluepill/c8t6_fw/Src/Device/Hw/inc" -I"/Users/chmnku/Developement/Bluepill/c8t6_fw/Src/Lib/mx_c8t6/Drivers/CMSIS/Device/ST/STM32F1xx/Include" -I"/Users/chmnku/Developement/Bluepill/c8t6_fw/Src/Lib/mx_c8t6/Drivers/CMSIS/Include" -I"/Users/chmnku/Developement/Bluepill/c8t6_fw/Src/Lib/mx_c8t6/Drivers/STM32F1xx_HAL_Driver/Inc" -I"/Users/chmnku/Developement/Bluepill/c8t6_fw/Src/Lib/mx_c8t6/Middlewares/ST/STM32_USB_Device_Library/Class/CDC/Inc" -I"/Users/chmnku/Developement/Bluepill/c8t6_fw/Src/Lib/mx_c8t6/Middlewares/ST/STM32_USB_Device_Library/Core/Inc" -I"/Users/chmnku/Developement/Bluepill/c8t6_fw/Src/Lib/mx_c8t6/USB_DEVICE/App" -I"/Users/chmnku/Developement/Bluepill/c8t6_fw/Src/Lib/mx_c8t6/USB_DEVICE/Target" -I"/Users/chmnku/Developement/Bluepill/c8t6_fw/Src/Definition/include" -O0 -ffunction-sections -fdata-sections -Wall -fstack-usage -fcyclomatic-complexity -MMD -MP -MF"Src/Lib/mx_c8t6/Middlewares/ST/STM32_USB_Device_Library/Core/Src/usbd_ctlreq.d" -MT"Src/Lib/mx_c8t6/Middlewares/ST/STM32_USB_Device_Library/Core/Src/usbd_ctlreq.o" --specs=nano.specs -mfloat-abi=soft -mthumb -o "Src/Lib/mx_c8t6/Middlewares/ST/STM32_USB_Device_Library/Core/Src/usbd_ctlreq.o"
arm-none-eabi-gcc "../Src/Lib/mx_c8t6/Middlewares/ST/STM32_USB_Device_Library/Core/Src/usbd_ioreq.c" -mcpu=cortex-m3 -std=gnu11 -g3 -DSTM32F103xB -c -I"/Users/chmnku/Developement/Bluepill/c8t6_fw/Src" -I"/Users/chmnku/Developement/Bluepill/c8t6_fw/Src/App/inc" -I"/Users/chmnku/Developement/Bluepill/c8t6_fw/Src/Definition" -I"/Users/chmnku/Developement/Bluepill/c8t6_fw/Src/Device/Bsp/inc" -I"/Users/chmnku/Developement/Bluepill/c8t6_fw/Src/Device/Hw/inc" -I"/Users/chmnku/Developement/Bluepill/c8t6_fw/Src/Lib/mx_c8t6/Drivers/CMSIS/Device/ST/STM32F1xx/Include" -I"/Users/chmnku/Developement/Bluepill/c8t6_fw/Src/Lib/mx_c8t6/Drivers/CMSIS/Include" -I"/Users/chmnku/Developement/Bluepill/c8t6_fw/Src/Lib/mx_c8t6/Drivers/STM32F1xx_HAL_Driver/Inc" -I"/Users/chmnku/Developement/Bluepill/c8t6_fw/Src/Lib/mx_c8t6/Middlewares/ST/STM32_USB_Device_Library/Class/CDC/Inc" -I"/Users/chmnku/Developement/Bluepill/c8t6_fw/Src/Lib/mx_c8t6/Middlewares/ST/STM32_USB_Device_Library/Core/Inc" -I"/Users/chmnku/Developement/Bluepill/c8t6_fw/Src/Lib/mx_c8t6/USB_DEVICE/App" -I"/Users/chmnku/Developement/Bluepill/c8t6_fw/Src/Lib/mx_c8t6/USB_DEVICE/Target" -I"/Users/chmnku/Developement/Bluepill/c8t6_fw/Src/Definition/include" -O0 -ffunction-sections -fdata-sections -Wall -fstack-usage -fcyclomatic-complexity -MMD -MP -MF"Src/Lib/mx_c8t6/Middlewares/ST/STM32_USB_Device_Library/Core/Src/usbd_ioreq.d" -MT"Src/Lib/mx_c8t6/Middlewares/ST/STM32_USB_Device_Library/Core/Src/usbd_ioreq.o" --specs=nano.specs -mfloat-abi=soft -mthumb -o "Src/Lib/mx_c8t6/Middlewares/ST/STM32_USB_Device_Library/Core/Src/usbd_ioreq.o"
arm-none-eabi-gcc "../Src/Lib/mx_c8t6/Middlewares/ST/STM32_USB_Device_Library/Class/CDC/Src/usbd_cdc.c" -mcpu=cortex-m3 -std=gnu11 -g3 -DSTM32F103xB -c -I"/Users/chmnku/Developement/Bluepill/c8t6_fw/Src" -I"/Users/chmnku/Developement/Bluepill/c8t6_fw/Src/App/inc" -I"/Users/chmnku/Developement/Bluepill/c8t6_fw/Src/Definition" -I"/Users/chmnku/Developement/Bluepill/c8t6_fw/Src/Device/Bsp/inc" -I"/Users/chmnku/Developement/Bluepill/c8t6_fw/Src/Device/Hw/inc" -I"/Users/chmnku/Developement/Bluepill/c8t6_fw/Src/Lib/mx_c8t6/Drivers/CMSIS/Device/ST/STM32F1xx/Include" -I"/Users/chmnku/Developement/Bluepill/c8t6_fw/Src/Lib/mx_c8t6/Drivers/CMSIS/Include" -I"/Users/chmnku/Developement/Bluepill/c8t6_fw/Src/Lib/mx_c8t6/Drivers/STM32F1xx_HAL_Driver/Inc" -I"/Users/chmnku/Developement/Bluepill/c8t6_fw/Src/Lib/mx_c8t6/Middlewares/ST/STM32_USB_Device_Library/Class/CDC/Inc" -I"/Users/chmnku/Developement/Bluepill/c8t6_fw/Src/Lib/mx_c8t6/Middlewares/ST/STM32_USB_Device_Library/Core/Inc" -I"/Users/chmnku/Developement/Bluepill/c8t6_fw/Src/Lib/mx_c8t6/USB_DEVICE/App" -I"/Users/chmnku/Developement/Bluepill/c8t6_fw/Src/Lib/mx_c8t6/USB_DEVICE/Target" -I"/Users/chmnku/Developement/Bluepill/c8t6_fw/Src/Definition/include" -O0 -ffunction-sections -fdata-sections -Wall -fstack-usage -fcyclomatic-complexity -MMD -MP -MF"Src/Lib/mx_c8t6/Middlewares/ST/STM32_USB_Device_Library/Class/CDC/Src/usbd_cdc.d" -MT"Src/Lib/mx_c8t6/Middlewares/ST/STM32_USB_Device_Library/Class/CDC/Src/usbd_cdc.o" --specs=nano.specs -mfloat-abi=soft -mthumb -o "Src/Lib/mx_c8t6/Middlewares/ST/STM32_USB_Device_Library/Class/CDC/Src/usbd_cdc.o"
arm-none-eabi-gcc "../Src/Lib/mx_c8t6/Drivers/STM32F1xx_HAL_Driver/Src/stm32f1xx_hal.c" -mcpu=cortex-m3 -std=gnu11 -g3 -DSTM32F103xB -c -I"/Users/chmnku/Developement/Bluepill/c8t6_fw/Src" -I"/Users/chmnku/Developement/Bluepill/c8t6_fw/Src/App/inc" -I"/Users/chmnku/Developement/Bluepill/c8t6_fw/Src/Definition" -I"/Users/chmnku/Developement/Bluepill/c8t6_fw/Src/Device/Bsp/inc" -I"/Users/chmnku/Developement/Bluepill/c8t6_fw/Src/Device/Hw/inc" -I"/Users/chmnku/Developement/Bluepill/c8t6_fw/Src/Lib/mx_c8t6/Drivers/CMSIS/Device/ST/STM32F1xx/Include" -I"/Users/chmnku/Developement/Bluepill/c8t6_fw/Src/Lib/mx_c8t6/Drivers/CMSIS/Include" -I"/Users/chmnku/Developement/Bluepill/c8t6_fw/Src/Lib/mx_c8t6/Drivers/STM32F1xx_HAL_Driver/Inc" -I"/Users/chmnku/Developement/Bluepill/c8t6_fw/Src/Lib/mx_c8t6/Middlewares/ST/STM32_USB_Device_Library/Class/CDC/Inc" -I"/Users/chmnku/Developement/Bluepill/c8t6_fw/Src/Lib/mx_c8t6/Middlewares/ST/STM32_USB_Device_Library/Core/Inc" -I"/Users/chmnku/Developement/Bluepill/c8t6_fw/Src/Lib/mx_c8t6/USB_DEVICE/App" -I"/Users/chmnku/Developement/Bluepill/c8t6_fw/Src/Lib/mx_c8t6/USB_DEVICE/Target" -I"/Users/chmnku/Developement/Bluepill/c8t6_fw/Src/Definition/include" -O0 -ffunction-sections -fdata-sections -Wall -fstack-usage -fcyclomatic-complexity -MMD -MP -MF"Src/Lib/mx_c8t6/Drivers/STM32F1xx_HAL_Driver/Src/stm32f1xx_hal.d" -MT"Src/Lib/mx_c8t6/Drivers/STM32F1xx_HAL_Driver/Src/stm32f1xx_hal.o" --specs=nano.specs -mfloat-abi=soft -mthumb -o "Src/Lib/mx_c8t6/Drivers/STM32F1xx_HAL_Driver/Src/stm32f1xx_hal.o"
arm-none-eabi-gcc "../Src/Lib/mx_c8t6/Drivers/STM32F1xx_HAL_Driver/Src/stm32f1xx_hal_cortex.c" -mcpu=cortex-m3 -std=gnu11 -g3 -DSTM32F103xB -c -I"/Users/chmnku/Developement/Bluepill/c8t6_fw/Src" -I"/Users/chmnku/Developement/Bluepill/c8t6_fw/Src/App/inc" -I"/Users/chmnku/Developement/Bluepill/c8t6_fw/Src/Definition" -I"/Users/chmnku/Developement/Bluepill/c8t6_fw/Src/Device/Bsp/inc" -I"/Users/chmnku/Developement/Bluepill/c8t6_fw/Src/Device/Hw/inc" -I"/Users/chmnku/Developement/Bluepill/c8t6_fw/Src/Lib/mx_c8t6/Drivers/CMSIS/Device/ST/STM32F1xx/Include" -I"/Users/chmnku/Developement/Bluepill/c8t6_fw/Src/Lib/mx_c8t6/Drivers/CMSIS/Include" -I"/Users/chmnku/Developement/Bluepill/c8t6_fw/Src/Lib/mx_c8t6/Drivers/STM32F1xx_HAL_Driver/Inc" -I"/Users/chmnku/Developement/Bluepill/c8t6_fw/Src/Lib/mx_c8t6/Middlewares/ST/STM32_USB_Device_Library/Class/CDC/Inc" -I"/Users/chmnku/Developement/Bluepill/c8t6_fw/Src/Lib/mx_c8t6/Middlewares/ST/STM32_USB_Device_Library/Core/Inc" -I"/Users/chmnku/Developement/Bluepill/c8t6_fw/Src/Lib/mx_c8t6/USB_DEVICE/App" -I"/Users/chmnku/Developement/Bluepill/c8t6_fw/Src/Lib/mx_c8t6/USB_DEVICE/Target" -I"/Users/chmnku/Developement/Bluepill/c8t6_fw/Src/Definition/include" -O0 -ffunction-sections -fdata-sections -Wall -fstack-usage -fcyclomatic-complexity -MMD -MP -MF"Src/Lib/mx_c8t6/Drivers/STM32F1xx_HAL_Driver/Src/stm32f1xx_hal_cortex.d" -MT"Src/Lib/mx_c8t6/Drivers/STM32F1xx_HAL_Driver/Src/stm32f1xx_hal_cortex.o" --specs=nano.specs -mfloat-abi=soft -mthumb -o "Src/Lib/mx_c8t6/Drivers/STM32F1xx_HAL_Driver/Src/stm32f1xx_hal_cortex.o"
arm-none-eabi-gcc "../Src/Lib/mx_c8t6/Drivers/STM32F1xx_HAL_Driver/Src/stm32f1xx_hal_dma.c" -mcpu=cortex-m3 -std=gnu11 -g3 -DSTM32F103xB -c -I"/Users/chmnku/Developement/Bluepill/c8t6_fw/Src" -I"/Users/chmnku/Developement/Bluepill/c8t6_fw/Src/App/inc" -I"/Users/chmnku/Developement/Bluepill/c8t6_fw/Src/Definition" -I"/Users/chmnku/Developement/Bluepill/c8t6_fw/Src/Device/Bsp/inc" -I"/Users/chmnku/Developement/Bluepill/c8t6_fw/Src/Device/Hw/inc" -I"/Users/chmnku/Developement/Bluepill/c8t6_fw/Src/Lib/mx_c8t6/Drivers/CMSIS/Device/ST/STM32F1xx/Include" -I"/Users/chmnku/Developement/Bluepill/c8t6_fw/Src/Lib/mx_c8t6/Drivers/CMSIS/Include" -I"/Users/chmnku/Developement/Bluepill/c8t6_fw/Src/Lib/mx_c8t6/Drivers/STM32F1xx_HAL_Driver/Inc" -I"/Users/chmnku/Developement/Bluepill/c8t6_fw/Src/Lib/mx_c8t6/Middlewares/ST/STM32_USB_Device_Library/Class/CDC/Inc" -I"/Users/chmnku/Developement/Bluepill/c8t6_fw/Src/Lib/mx_c8t6/Middlewares/ST/STM32_USB_Device_Library/Core/Inc" -I"/Users/chmnku/Developement/Bluepill/c8t6_fw/Src/Lib/mx_c8t6/USB_DEVICE/App" -I"/Users/chmnku/Developement/Bluepill/c8t6_fw/Src/Lib/mx_c8t6/USB_DEVICE/Target" -I"/Users/chmnku/Developement/Bluepill/c8t6_fw/Src/Definition/include" -O0 -ffunction-sections -fdata-sections -Wall -fstack-usage -fcyclomatic-complexity -MMD -MP -MF"Src/Lib/mx_c8t6/Drivers/STM32F1xx_HAL_Driver/Src/stm32f1xx_hal_dma.d" -MT"Src/Lib/mx_c8t6/Drivers/STM32F1xx_HAL_Driver/Src/stm32f1xx_hal_dma.o" --specs=nano.specs -mfloat-abi=soft -mthumb -o "Src/Lib/mx_c8t6/Drivers/STM32F1xx_HAL_Driver/Src/stm32f1xx_hal_dma.o"
arm-none-eabi-gcc "../Src/Lib/mx_c8t6/Drivers/STM32F1xx_HAL_Driver/Src/stm32f1xx_hal_exti.c" -mcpu=cortex-m3 -std=gnu11 -g3 -DSTM32F103xB -c -I"/Users/chmnku/Developement/Bluepill/c8t6_fw/Src" -I"/Users/chmnku/Developement/Bluepill/c8t6_fw/Src/App/inc" -I"/Users/chmnku/Developement/Bluepill/c8t6_fw/Src/Definition" -I"/Users/chmnku/Developement/Bluepill/c8t6_fw/Src/Device/Bsp/inc" -I"/Users/chmnku/Developement/Bluepill/c8t6_fw/Src/Device/Hw/inc" -I"/Users/chmnku/Developement/Bluepill/c8t6_fw/Src/Lib/mx_c8t6/Drivers/CMSIS/Device/ST/STM32F1xx/Include" -I"/Users/chmnku/Developement/Bluepill/c8t6_fw/Src/Lib/mx_c8t6/Drivers/CMSIS/Include" -I"/Users/chmnku/Developement/Bluepill/c8t6_fw/Src/Lib/mx_c8t6/Drivers/STM32F1xx_HAL_Driver/Inc" -I"/Users/chmnku/Developement/Bluepill/c8t6_fw/Src/Lib/mx_c8t6/Middlewares/ST/STM32_USB_Device_Library/Class/CDC/Inc" -I"/Users/chmnku/Developement/Bluepill/c8t6_fw/Src/Lib/mx_c8t6/Middlewares/ST/STM32_USB_Device_Library/Core/Inc" -I"/Users/chmnku/Developement/Bluepill/c8t6_fw/Src/Lib/mx_c8t6/USB_DEVICE/App" -I"/Users/chmnku/Developement/Bluepill/c8t6_fw/Src/Lib/mx_c8t6/USB_DEVICE/Target" -I"/Users/chmnku/Developement/Bluepill/c8t6_fw/Src/Definition/include" -O0 -ffunction-sections -fdata-sections -Wall -fstack-usage -fcyclomatic-complexity -MMD -MP -MF"Src/Lib/mx_c8t6/Drivers/STM32F1xx_HAL_Driver/Src/stm32f1xx_hal_exti.d" -MT"Src/Lib/mx_c8t6/Drivers/STM32F1xx_HAL_Driver/Src/stm32f1xx_hal_exti.o" --specs=nano.specs -mfloat-abi=soft -mthumb -o "Src/Lib/mx_c8t6/Drivers/STM32F1xx_HAL_Driver/Src/stm32f1xx_hal_exti.o"
arm-none-eabi-gcc "../Src/Lib/mx_c8t6/Drivers/STM32F1xx_HAL_Driver/Src/stm32f1xx_hal_flash.c" -mcpu=cortex-m3 -std=gnu11 -g3 -DSTM32F103xB -c -I"/Users/chmnku/Developement/Bluepill/c8t6_fw/Src" -I"/Users/chmnku/Developement/Bluepill/c8t6_fw/Src/App/inc" -I"/Users/chmnku/Developement/Bluepill/c8t6_fw/Src/Definition" -I"/Users/chmnku/Developement/Bluepill/c8t6_fw/Src/Device/Bsp/inc" -I"/Users/chmnku/Developement/Bluepill/c8t6_fw/Src/Device/Hw/inc" -I"/Users/chmnku/Developement/Bluepill/c8t6_fw/Src/Lib/mx_c8t6/Drivers/CMSIS/Device/ST/STM32F1xx/Include" -I"/Users/chmnku/Developement/Bluepill/c8t6_fw/Src/Lib/mx_c8t6/Drivers/CMSIS/Include" -I"/Users/chmnku/Developement/Bluepill/c8t6_fw/Src/Lib/mx_c8t6/Drivers/STM32F1xx_HAL_Driver/Inc" -I"/Users/chmnku/Developement/Bluepill/c8t6_fw/Src/Lib/mx_c8t6/Middlewares/ST/STM32_USB_Device_Library/Class/CDC/Inc" -I"/Users/chmnku/Developement/Bluepill/c8t6_fw/Src/Lib/mx_c8t6/Middlewares/ST/STM32_USB_Device_Library/Core/Inc" -I"/Users/chmnku/Developement/Bluepill/c8t6_fw/Src/Lib/mx_c8t6/USB_DEVICE/App" -I"/Users/chmnku/Developement/Bluepill/c8t6_fw/Src/Lib/mx_c8t6/USB_DEVICE/Target" -I"/Users/chmnku/Developement/Bluepill/c8t6_fw/Src/Definition/include" -O0 -ffunction-sections -fdata-sections -Wall -fstack-usage -fcyclomatic-complexity -MMD -MP -MF"Src/Lib/mx_c8t6/Drivers/STM32F1xx_HAL_Driver/Src/stm32f1xx_hal_flash.d" -MT"Src/Lib/mx_c8t6/Drivers/STM32F1xx_HAL_Driver/Src/stm32f1xx_hal_flash.o" --specs=nano.specs -mfloat-abi=soft -mthumb -o "Src/Lib/mx_c8t6/Drivers/STM32F1xx_HAL_Driver/Src/stm32f1xx_hal_flash.o"
arm-none-eabi-gcc "../Src/Lib/mx_c8t6/Drivers/STM32F1xx_HAL_Driver/Src/stm32f1xx_hal_flash_ex.c" -mcpu=cortex-m3 -std=gnu11 -g3 -DSTM32F103xB -c -I"/Users/chmnku/Developement/Bluepill/c8t6_fw/Src" -I"/Users/chmnku/Developement/Bluepill/c8t6_fw/Src/App/inc" -I"/Users/chmnku/Developement/Bluepill/c8t6_fw/Src/Definition" -I"/Users/chmnku/Developement/Bluepill/c8t6_fw/Src/Device/Bsp/inc" -I"/Users/chmnku/Developement/Bluepill/c8t6_fw/Src/Device/Hw/inc" -I"/Users/chmnku/Developement/Bluepill/c8t6_fw/Src/Lib/mx_c8t6/Drivers/CMSIS/Device/ST/STM32F1xx/Include" -I"/Users/chmnku/Developement/Bluepill/c8t6_fw/Src/Lib/mx_c8t6/Drivers/CMSIS/Include" -I"/Users/chmnku/Developement/Bluepill/c8t6_fw/Src/Lib/mx_c8t6/Drivers/STM32F1xx_HAL_Driver/Inc" -I"/Users/chmnku/Developement/Bluepill/c8t6_fw/Src/Lib/mx_c8t6/Middlewares/ST/STM32_USB_Device_Library/Class/CDC/Inc" -I"/Users/chmnku/Developement/Bluepill/c8t6_fw/Src/Lib/mx_c8t6/Middlewares/ST/STM32_USB_Device_Library/Core/Inc" -I"/Users/chmnku/Developement/Bluepill/c8t6_fw/Src/Lib/mx_c8t6/USB_DEVICE/App" -I"/Users/chmnku/Developement/Bluepill/c8t6_fw/Src/Lib/mx_c8t6/USB_DEVICE/Target" -I"/Users/chmnku/Developement/Bluepill/c8t6_fw/Src/Definition/include" -O0 -ffunction-sections -fdata-sections -Wall -fstack-usage -fcyclomatic-complexity -MMD -MP -MF"Src/Lib/mx_c8t6/Drivers/STM32F1xx_HAL_Driver/Src/stm32f1xx_hal_flash_ex.d" -MT"Src/Lib/mx_c8t6/Drivers/STM32F1xx_HAL_Driver/Src/stm32f1xx_hal_flash_ex.o" --specs=nano.specs -mfloat-abi=soft -mthumb -o "Src/Lib/mx_c8t6/Drivers/STM32F1xx_HAL_Driver/Src/stm32f1xx_hal_flash_ex.o"
arm-none-eabi-gcc "../Src/Lib/mx_c8t6/Drivers/STM32F1xx_HAL_Driver/Src/stm32f1xx_hal_gpio.c" -mcpu=cortex-m3 -std=gnu11 -g3 -DSTM32F103xB -c -I"/Users/chmnku/Developement/Bluepill/c8t6_fw/Src" -I"/Users/chmnku/Developement/Bluepill/c8t6_fw/Src/App/inc" -I"/Users/chmnku/Developement/Bluepill/c8t6_fw/Src/Definition" -I"/Users/chmnku/Developement/Bluepill/c8t6_fw/Src/Device/Bsp/inc" -I"/Users/chmnku/Developement/Bluepill/c8t6_fw/Src/Device/Hw/inc" -I"/Users/chmnku/Developement/Bluepill/c8t6_fw/Src/Lib/mx_c8t6/Drivers/CMSIS/Device/ST/STM32F1xx/Include" -I"/Users/chmnku/Developement/Bluepill/c8t6_fw/Src/Lib/mx_c8t6/Drivers/CMSIS/Include" -I"/Users/chmnku/Developement/Bluepill/c8t6_fw/Src/Lib/mx_c8t6/Drivers/STM32F1xx_HAL_Driver/Inc" -I"/Users/chmnku/Developement/Bluepill/c8t6_fw/Src/Lib/mx_c8t6/Middlewares/ST/STM32_USB_Device_Library/Class/CDC/Inc" -I"/Users/chmnku/Developement/Bluepill/c8t6_fw/Src/Lib/mx_c8t6/Middlewares/ST/STM32_USB_Device_Library/Core/Inc" -I"/Users/chmnku/Developement/Bluepill/c8t6_fw/Src/Lib/mx_c8t6/USB_DEVICE/App" -I"/Users/chmnku/Developement/Bluepill/c8t6_fw/Src/Lib/mx_c8t6/USB_DEVICE/Target" -I"/Users/chmnku/Developement/Bluepill/c8t6_fw/Src/Definition/include" -O0 -ffunction-sections -fdata-sections -Wall -fstack-usage -fcyclomatic-complexity -MMD -MP -MF"Src/Lib/mx_c8t6/Drivers/STM32F1xx_HAL_Driver/Src/stm32f1xx_hal_gpio.d" -MT"Src/Lib/mx_c8t6/Drivers/STM32F1xx_HAL_Driver/Src/stm32f1xx_hal_gpio.o" --specs=nano.specs -mfloat-abi=soft -mthumb -o "Src/Lib/mx_c8t6/Drivers/STM32F1xx_HAL_Driver/Src/stm32f1xx_hal_gpio.o"
arm-none-eabi-gcc "../Src/Lib/mx_c8t6/Drivers/STM32F1xx_HAL_Driver/Src/stm32f1xx_hal_gpio_ex.c" -mcpu=cortex-m3 -std=gnu11 -g3 -DSTM32F103xB -c -I"/Users/chmnku/Developement/Bluepill/c8t6_fw/Src" -I"/Users/chmnku/Developement/Bluepill/c8t6_fw/Src/App/inc" -I"/Users/chmnku/Developement/Bluepill/c8t6_fw/Src/Definition" -I"/Users/chmnku/Developement/Bluepill/c8t6_fw/Src/Device/Bsp/inc" -I"/Users/chmnku/Developement/Bluepill/c8t6_fw/Src/Device/Hw/inc" -I"/Users/chmnku/Developement/Bluepill/c8t6_fw/Src/Lib/mx_c8t6/Drivers/CMSIS/Device/ST/STM32F1xx/Include" -I"/Users/chmnku/Developement/Bluepill/c8t6_fw/Src/Lib/mx_c8t6/Drivers/CMSIS/Include" -I"/Users/chmnku/Developement/Bluepill/c8t6_fw/Src/Lib/mx_c8t6/Drivers/STM32F1xx_HAL_Driver/Inc" -I"/Users/chmnku/Developement/Bluepill/c8t6_fw/Src/Lib/mx_c8t6/Middlewares/ST/STM32_USB_Device_Library/Class/CDC/Inc" -I"/Users/chmnku/Developement/Bluepill/c8t6_fw/Src/Lib/mx_c8t6/Middlewares/ST/STM32_USB_Device_Library/Core/Inc" -I"/Users/chmnku/Developement/Bluepill/c8t6_fw/Src/Lib/mx_c8t6/USB_DEVICE/App" -I"/Users/chmnku/Developement/Bluepill/c8t6_fw/Src/Lib/mx_c8t6/USB_DEVICE/Target" -I"/Users/chmnku/Developement/Bluepill/c8t6_fw/Src/Definition/include" -O0 -ffunction-sections -fdata-sections -Wall -fstack-usage -fcyclomatic-complexity -MMD -MP -MF"Src/Lib/mx_c8t6/Drivers/STM32F1xx_HAL_Driver/Src/stm32f1xx_hal_gpio_ex.d" -MT"Src/Lib/mx_c8t6/Drivers/STM32F1xx_HAL_Driver/Src/stm32f1xx_hal_gpio_ex.o" --specs=nano.specs -mfloat-abi=soft -mthumb -o "Src/Lib/mx_c8t6/Drivers/STM32F1xx_HAL_Driver/Src/stm32f1xx_hal_gpio_ex.o"
arm-none-eabi-gcc "../Src/Lib/mx_c8t6/Drivers/STM32F1xx_HAL_Driver/Src/stm32f1xx_hal_i2c.c" -mcpu=cortex-m3 -std=gnu11 -g3 -DSTM32F103xB -c -I"/Users/chmnku/Developement/Bluepill/c8t6_fw/Src" -I"/Users/chmnku/Developement/Bluepill/c8t6_fw/Src/App/inc" -I"/Users/chmnku/Developement/Bluepill/c8t6_fw/Src/Definition" -I"/Users/chmnku/Developement/Bluepill/c8t6_fw/Src/Device/Bsp/inc" -I"/Users/chmnku/Developement/Bluepill/c8t6_fw/Src/Device/Hw/inc" -I"/Users/chmnku/Developement/Bluepill/c8t6_fw/Src/Lib/mx_c8t6/Drivers/CMSIS/Device/ST/STM32F1xx/Include" -I"/Users/chmnku/Developement/Bluepill/c8t6_fw/Src/Lib/mx_c8t6/Drivers/CMSIS/Include" -I"/Users/chmnku/Developement/Bluepill/c8t6_fw/Src/Lib/mx_c8t6/Drivers/STM32F1xx_HAL_Driver/Inc" -I"/Users/chmnku/Developement/Bluepill/c8t6_fw/Src/Lib/mx_c8t6/Middlewares/ST/STM32_USB_Device_Library/Class/CDC/Inc" -I"/Users/chmnku/Developement/Bluepill/c8t6_fw/Src/Lib/mx_c8t6/Middlewares/ST/STM32_USB_Device_Library/Core/Inc" -I"/Users/chmnku/Developement/Bluepill/c8t6_fw/Src/Lib/mx_c8t6/USB_DEVICE/App" -I"/Users/chmnku/Developement/Bluepill/c8t6_fw/Src/Lib/mx_c8t6/USB_DEVICE/Target" -I"/Users/chmnku/Developement/Bluepill/c8t6_fw/Src/Definition/include" -O0 -ffunction-sections -fdata-sections -Wall -fstack-usage -fcyclomatic-complexity -MMD -MP -MF"Src/Lib/mx_c8t6/Drivers/STM32F1xx_HAL_Driver/Src/stm32f1xx_hal_i2c.d" -MT"Src/Lib/mx_c8t6/Drivers/STM32F1xx_HAL_Driver/Src/stm32f1xx_hal_i2c.o" --specs=nano.specs -mfloat-abi=soft -mthumb -o "Src/Lib/mx_c8t6/Drivers/STM32F1xx_HAL_Driver/Src/stm32f1xx_hal_i2c.o"
arm-none-eabi-gcc "../Src/Lib/mx_c8t6/Drivers/STM32F1xx_HAL_Driver/Src/stm32f1xx_hal_pcd.c" -mcpu=cortex-m3 -std=gnu11 -g3 -DSTM32F103xB -c -I"/Users/chmnku/Developement/Bluepill/c8t6_fw/Src" -I"/Users/chmnku/Developement/Bluepill/c8t6_fw/Src/App/inc" -I"/Users/chmnku/Developement/Bluepill/c8t6_fw/Src/Definition" -I"/Users/chmnku/Developement/Bluepill/c8t6_fw/Src/Device/Bsp/inc" -I"/Users/chmnku/Developement/Bluepill/c8t6_fw/Src/Device/Hw/inc" -I"/Users/chmnku/Developement/Bluepill/c8t6_fw/Src/Lib/mx_c8t6/Drivers/CMSIS/Device/ST/STM32F1xx/Include" -I"/Users/chmnku/Developement/Bluepill/c8t6_fw/Src/Lib/mx_c8t6/Drivers/CMSIS/Include" -I"/Users/chmnku/Developement/Bluepill/c8t6_fw/Src/Lib/mx_c8t6/Drivers/STM32F1xx_HAL_Driver/Inc" -I"/Users/chmnku/Developement/Bluepill/c8t6_fw/Src/Lib/mx_c8t6/Middlewares/ST/STM32_USB_Device_Library/Class/CDC/Inc" -I"/Users/chmnku/Developement/Bluepill/c8t6_fw/Src/Lib/mx_c8t6/Middlewares/ST/STM32_USB_Device_Library/Core/Inc" -I"/Users/chmnku/Developement/Bluepill/c8t6_fw/Src/Lib/mx_c8t6/USB_DEVICE/App" -I"/Users/chmnku/Developement/Bluepill/c8t6_fw/Src/Lib/mx_c8t6/USB_DEVICE/Target" -I"/Users/chmnku/Developement/Bluepill/c8t6_fw/Src/Definition/include" -O0 -ffunction-sections -fdata-sections -Wall -fstack-usage -fcyclomatic-complexity -MMD -MP -MF"Src/Lib/mx_c8t6/Drivers/STM32F1xx_HAL_Driver/Src/stm32f1xx_hal_pcd.d" -MT"Src/Lib/mx_c8t6/Drivers/STM32F1xx_HAL_Driver/Src/stm32f1xx_hal_pcd.o" --specs=nano.specs -mfloat-abi=soft -mthumb -o "Src/Lib/mx_c8t6/Drivers/STM32F1xx_HAL_Driver/Src/stm32f1xx_hal_pcd.o"
arm-none-eabi-gcc "../Src/Lib/mx_c8t6/Drivers/STM32F1xx_HAL_Driver/Src/stm32f1xx_hal_pcd_ex.c" -mcpu=cortex-m3 -std=gnu11 -g3 -DSTM32F103xB -c -I"/Users/chmnku/Developement/Bluepill/c8t6_fw/Src" -I"/Users/chmnku/Developement/Bluepill/c8t6_fw/Src/App/inc" -I"/Users/chmnku/Developement/Bluepill/c8t6_fw/Src/Definition" -I"/Users/chmnku/Developement/Bluepill/c8t6_fw/Src/Device/Bsp/inc" -I"/Users/chmnku/Developement/Bluepill/c8t6_fw/Src/Device/Hw/inc" -I"/Users/chmnku/Developement/Bluepill/c8t6_fw/Src/Lib/mx_c8t6/Drivers/CMSIS/Device/ST/STM32F1xx/Include" -I"/Users/chmnku/Developement/Bluepill/c8t6_fw/Src/Lib/mx_c8t6/Drivers/CMSIS/Include" -I"/Users/chmnku/Developement/Bluepill/c8t6_fw/Src/Lib/mx_c8t6/Drivers/STM32F1xx_HAL_Driver/Inc" -I"/Users/chmnku/Developement/Bluepill/c8t6_fw/Src/Lib/mx_c8t6/Middlewares/ST/STM32_USB_Device_Library/Class/CDC/Inc" -I"/Users/chmnku/Developement/Bluepill/c8t6_fw/Src/Lib/mx_c8t6/Middlewares/ST/STM32_USB_Device_Library/Core/Inc" -I"/Users/chmnku/Developement/Bluepill/c8t6_fw/Src/Lib/mx_c8t6/USB_DEVICE/App" -I"/Users/chmnku/Developement/Bluepill/c8t6_fw/Src/Lib/mx_c8t6/USB_DEVICE/Target" -I"/Users/chmnku/Developement/Bluepill/c8t6_fw/Src/Definition/include" -O0 -ffunction-sections -fdata-sections -Wall -fstack-usage -fcyclomatic-complexity -MMD -MP -MF"Src/Lib/mx_c8t6/Drivers/STM32F1xx_HAL_Driver/Src/stm32f1xx_hal_pcd_ex.d" -MT"Src/Lib/mx_c8t6/Drivers/STM32F1xx_HAL_Driver/Src/stm32f1xx_hal_pcd_ex.o" --specs=nano.specs -mfloat-abi=soft -mthumb -o "Src/Lib/mx_c8t6/Drivers/STM32F1xx_HAL_Driver/Src/stm32f1xx_hal_pcd_ex.o"
arm-none-eabi-gcc "../Src/Lib/mx_c8t6/Drivers/STM32F1xx_HAL_Driver/Src/stm32f1xx_hal_pwr.c" -mcpu=cortex-m3 -std=gnu11 -g3 -DSTM32F103xB -c -I"/Users/chmnku/Developement/Bluepill/c8t6_fw/Src" -I"/Users/chmnku/Developement/Bluepill/c8t6_fw/Src/App/inc" -I"/Users/chmnku/Developement/Bluepill/c8t6_fw/Src/Definition" -I"/Users/chmnku/Developement/Bluepill/c8t6_fw/Src/Device/Bsp/inc" -I"/Users/chmnku/Developement/Bluepill/c8t6_fw/Src/Device/Hw/inc" -I"/Users/chmnku/Developement/Bluepill/c8t6_fw/Src/Lib/mx_c8t6/Drivers/CMSIS/Device/ST/STM32F1xx/Include" -I"/Users/chmnku/Developement/Bluepill/c8t6_fw/Src/Lib/mx_c8t6/Drivers/CMSIS/Include" -I"/Users/chmnku/Developement/Bluepill/c8t6_fw/Src/Lib/mx_c8t6/Drivers/STM32F1xx_HAL_Driver/Inc" -I"/Users/chmnku/Developement/Bluepill/c8t6_fw/Src/Lib/mx_c8t6/Middlewares/ST/STM32_USB_Device_Library/Class/CDC/Inc" -I"/Users/chmnku/Developement/Bluepill/c8t6_fw/Src/Lib/mx_c8t6/Middlewares/ST/STM32_USB_Device_Library/Core/Inc" -I"/Users/chmnku/Developement/Bluepill/c8t6_fw/Src/Lib/mx_c8t6/USB_DEVICE/App" -I"/Users/chmnku/Developement/Bluepill/c8t6_fw/Src/Lib/mx_c8t6/USB_DEVICE/Target" -I"/Users/chmnku/Developement/Bluepill/c8t6_fw/Src/Definition/include" -O0 -ffunction-sections -fdata-sections -Wall -fstack-usage -fcyclomatic-complexity -MMD -MP -MF"Src/Lib/mx_c8t6/Drivers/STM32F1xx_HAL_Driver/Src/stm32f1xx_hal_pwr.d" -MT"Src/Lib/mx_c8t6/Drivers/STM32F1xx_HAL_Driver/Src/stm32f1xx_hal_pwr.o" --specs=nano.specs -mfloat-abi=soft -mthumb -o "Src/Lib/mx_c8t6/Drivers/STM32F1xx_HAL_Driver/Src/stm32f1xx_hal_pwr.o"
arm-none-eabi-gcc "../Src/Lib/mx_c8t6/Drivers/STM32F1xx_HAL_Driver/Src/stm32f1xx_hal_rcc.c" -mcpu=cortex-m3 -std=gnu11 -g3 -DSTM32F103xB -c -I"/Users/chmnku/Developement/Bluepill/c8t6_fw/Src" -I"/Users/chmnku/Developement/Bluepill/c8t6_fw/Src/App/inc" -I"/Users/chmnku/Developement/Bluepill/c8t6_fw/Src/Definition" -I"/Users/chmnku/Developement/Bluepill/c8t6_fw/Src/Device/Bsp/inc" -I"/Users/chmnku/Developement/Bluepill/c8t6_fw/Src/Device/Hw/inc" -I"/Users/chmnku/Developement/Bluepill/c8t6_fw/Src/Lib/mx_c8t6/Drivers/CMSIS/Device/ST/STM32F1xx/Include" -I"/Users/chmnku/Developement/Bluepill/c8t6_fw/Src/Lib/mx_c8t6/Drivers/CMSIS/Include" -I"/Users/chmnku/Developement/Bluepill/c8t6_fw/Src/Lib/mx_c8t6/Drivers/STM32F1xx_HAL_Driver/Inc" -I"/Users/chmnku/Developement/Bluepill/c8t6_fw/Src/Lib/mx_c8t6/Middlewares/ST/STM32_USB_Device_Library/Class/CDC/Inc" -I"/Users/chmnku/Developement/Bluepill/c8t6_fw/Src/Lib/mx_c8t6/Middlewares/ST/STM32_USB_Device_Library/Core/Inc" -I"/Users/chmnku/Developement/Bluepill/c8t6_fw/Src/Lib/mx_c8t6/USB_DEVICE/App" -I"/Users/chmnku/Developement/Bluepill/c8t6_fw/Src/Lib/mx_c8t6/USB_DEVICE/Target" -I"/Users/chmnku/Developement/Bluepill/c8t6_fw/Src/Definition/include" -O0 -ffunction-sections -fdata-sections -Wall -fstack-usage -fcyclomatic-complexity -MMD -MP -MF"Src/Lib/mx_c8t6/Drivers/STM32F1xx_HAL_Driver/Src/stm32f1xx_hal_rcc.d" -MT"Src/Lib/mx_c8t6/Drivers/STM32F1xx_HAL_Driver/Src/stm32f1xx_hal_rcc.o" --specs=nano.specs -mfloat-abi=soft -mthumb -o "Src/Lib/mx_c8t6/Drivers/STM32F1xx_HAL_Driver/Src/stm32f1xx_hal_rcc.o"
arm-none-eabi-gcc "../Src/Lib/mx_c8t6/Drivers/STM32F1xx_HAL_Driver/Src/stm32f1xx_hal_rcc_ex.c" -mcpu=cortex-m3 -std=gnu11 -g3 -DSTM32F103xB -c -I"/Users/chmnku/Developement/Bluepill/c8t6_fw/Src" -I"/Users/chmnku/Developement/Bluepill/c8t6_fw/Src/App/inc" -I"/Users/chmnku/Developement/Bluepill/c8t6_fw/Src/Definition" -I"/Users/chmnku/Developement/Bluepill/c8t6_fw/Src/Device/Bsp/inc" -I"/Users/chmnku/Developement/Bluepill/c8t6_fw/Src/Device/Hw/inc" -I"/Users/chmnku/Developement/Bluepill/c8t6_fw/Src/Lib/mx_c8t6/Drivers/CMSIS/Device/ST/STM32F1xx/Include" -I"/Users/chmnku/Developement/Bluepill/c8t6_fw/Src/Lib/mx_c8t6/Drivers/CMSIS/Include" -I"/Users/chmnku/Developement/Bluepill/c8t6_fw/Src/Lib/mx_c8t6/Drivers/STM32F1xx_HAL_Driver/Inc" -I"/Users/chmnku/Developement/Bluepill/c8t6_fw/Src/Lib/mx_c8t6/Middlewares/ST/STM32_USB_Device_Library/Class/CDC/Inc" -I"/Users/chmnku/Developement/Bluepill/c8t6_fw/Src/Lib/mx_c8t6/Middlewares/ST/STM32_USB_Device_Library/Core/Inc" -I"/Users/chmnku/Developement/Bluepill/c8t6_fw/Src/Lib/mx_c8t6/USB_DEVICE/App" -I"/Users/chmnku/Developement/Bluepill/c8t6_fw/Src/Lib/mx_c8t6/USB_DEVICE/Target" -I"/Users/chmnku/Developement/Bluepill/c8t6_fw/Src/Definition/include" -O0 -ffunction-sections -fdata-sections -Wall -fstack-usage -fcyclomatic-complexity -MMD -MP -MF"Src/Lib/mx_c8t6/Drivers/STM32F1xx_HAL_Driver/Src/stm32f1xx_hal_rcc_ex.d" -MT"Src/Lib/mx_c8t6/Drivers/STM32F1xx_HAL_Driver/Src/stm32f1xx_hal_rcc_ex.o" --specs=nano.specs -mfloat-abi=soft -mthumb -o "Src/Lib/mx_c8t6/Drivers/STM32F1xx_HAL_Driver/Src/stm32f1xx_hal_rcc_ex.o"
arm-none-eabi-gcc "../Src/Lib/mx_c8t6/Drivers/STM32F1xx_HAL_Driver/Src/stm32f1xx_hal_tim.c" -mcpu=cortex-m3 -std=gnu11 -g3 -DSTM32F103xB -c -I"/Users/chmnku/Developement/Bluepill/c8t6_fw/Src" -I"/Users/chmnku/Developement/Bluepill/c8t6_fw/Src/App/inc" -I"/Users/chmnku/Developement/Bluepill/c8t6_fw/Src/Definition" -I"/Users/chmnku/Developement/Bluepill/c8t6_fw/Src/Device/Bsp/inc" -I"/Users/chmnku/Developement/Bluepill/c8t6_fw/Src/Device/Hw/inc" -I"/Users/chmnku/Developement/Bluepill/c8t6_fw/Src/Lib/mx_c8t6/Drivers/CMSIS/Device/ST/STM32F1xx/Include" -I"/Users/chmnku/Developement/Bluepill/c8t6_fw/Src/Lib/mx_c8t6/Drivers/CMSIS/Include" -I"/Users/chmnku/Developement/Bluepill/c8t6_fw/Src/Lib/mx_c8t6/Drivers/STM32F1xx_HAL_Driver/Inc" -I"/Users/chmnku/Developement/Bluepill/c8t6_fw/Src/Lib/mx_c8t6/Middlewares/ST/STM32_USB_Device_Library/Class/CDC/Inc" -I"/Users/chmnku/Developement/Bluepill/c8t6_fw/Src/Lib/mx_c8t6/Middlewares/ST/STM32_USB_Device_Library/Core/Inc" -I"/Users/chmnku/Developement/Bluepill/c8t6_fw/Src/Lib/mx_c8t6/USB_DEVICE/App" -I"/Users/chmnku/Developement/Bluepill/c8t6_fw/Src/Lib/mx_c8t6/USB_DEVICE/Target" -I"/Users/chmnku/Developement/Bluepill/c8t6_fw/Src/Definition/include" -O0 -ffunction-sections -fdata-sections -Wall -fstack-usage -fcyclomatic-complexity -MMD -MP -MF"Src/Lib/mx_c8t6/Drivers/STM32F1xx_HAL_Driver/Src/stm32f1xx_hal_tim.d" -MT"Src/Lib/mx_c8t6/Drivers/STM32F1xx_HAL_Driver/Src/stm32f1xx_hal_tim.o" --specs=nano.specs -mfloat-abi=soft -mthumb -o "Src/Lib/mx_c8t6/Drivers/STM32F1xx_HAL_Driver/Src/stm32f1xx_hal_tim.o"
arm-none-eabi-gcc "../Src/Lib/mx_c8t6/Drivers/STM32F1xx_HAL_Driver/Src/stm32f1xx_hal_tim_ex.c" -mcpu=cortex-m3 -std=gnu11 -g3 -DSTM32F103xB -c -I"/Users/chmnku/Developement/Bluepill/c8t6_fw/Src" -I"/Users/chmnku/Developement/Bluepill/c8t6_fw/Src/App/inc" -I"/Users/chmnku/Developement/Bluepill/c8t6_fw/Src/Definition" -I"/Users/chmnku/Developement/Bluepill/c8t6_fw/Src/Device/Bsp/inc" -I"/Users/chmnku/Developement/Bluepill/c8t6_fw/Src/Device/Hw/inc" -I"/Users/chmnku/Developement/Bluepill/c8t6_fw/Src/Lib/mx_c8t6/Drivers/CMSIS/Device/ST/STM32F1xx/Include" -I"/Users/chmnku/Developement/Bluepill/c8t6_fw/Src/Lib/mx_c8t6/Drivers/CMSIS/Include" -I"/Users/chmnku/Developement/Bluepill/c8t6_fw/Src/Lib/mx_c8t6/Drivers/STM32F1xx_HAL_Driver/Inc" -I"/Users/chmnku/Developement/Bluepill/c8t6_fw/Src/Lib/mx_c8t6/Middlewares/ST/STM32_USB_Device_Library/Class/CDC/Inc" -I"/Users/chmnku/Developement/Bluepill/c8t6_fw/Src/Lib/mx_c8t6/Middlewares/ST/STM32_USB_Device_Library/Core/Inc" -I"/Users/chmnku/Developement/Bluepill/c8t6_fw/Src/Lib/mx_c8t6/USB_DEVICE/App" -I"/Users/chmnku/Developement/Bluepill/c8t6_fw/Src/Lib/mx_c8t6/USB_DEVICE/Target" -I"/Users/chmnku/Developement/Bluepill/c8t6_fw/Src/Definition/include" -O0 -ffunction-sections -fdata-sections -Wall -fstack-usage -fcyclomatic-complexity -MMD -MP -MF"Src/Lib/mx_c8t6/Drivers/STM32F1xx_HAL_Driver/Src/stm32f1xx_hal_tim_ex.d" -MT"Src/Lib/mx_c8t6/Drivers/STM32F1xx_HAL_Driver/Src/stm32f1xx_hal_tim_ex.o" --specs=nano.specs -mfloat-abi=soft -mthumb -o "Src/Lib/mx_c8t6/Drivers/STM32F1xx_HAL_Driver/Src/stm32f1xx_hal_tim_ex.o"
arm-none-eabi-gcc "../Src/Lib/mx_c8t6/Drivers/STM32F1xx_HAL_Driver/Src/stm32f1xx_ll_usb.c" -mcpu=cortex-m3 -std=gnu11 -g3 -DSTM32F103xB -c -I"/Users/chmnku/Developement/Bluepill/c8t6_fw/Src" -I"/Users/chmnku/Developement/Bluepill/c8t6_fw/Src/App/inc" -I"/Users/chmnku/Developement/Bluepill/c8t6_fw/Src/Definition" -I"/Users/chmnku/Developement/Bluepill/c8t6_fw/Src/Device/Bsp/inc" -I"/Users/chmnku/Developement/Bluepill/c8t6_fw/Src/Device/Hw/inc" -I"/Users/chmnku/Developement/Bluepill/c8t6_fw/Src/Lib/mx_c8t6/Drivers/CMSIS/Device/ST/STM32F1xx/Include" -I"/Users/chmnku/Developement/Bluepill/c8t6_fw/Src/Lib/mx_c8t6/Drivers/CMSIS/Include" -I"/Users/chmnku/Developement/Bluepill/c8t6_fw/Src/Lib/mx_c8t6/Drivers/STM32F1xx_HAL_Driver/Inc" -I"/Users/chmnku/Developement/Bluepill/c8t6_fw/Src/Lib/mx_c8t6/Middlewares/ST/STM32_USB_Device_Library/Class/CDC/Inc" -I"/Users/chmnku/Developement/Bluepill/c8t6_fw/Src/Lib/mx_c8t6/Middlewares/ST/STM32_USB_Device_Library/Core/Inc" -I"/Users/chmnku/Developement/Bluepill/c8t6_fw/Src/Lib/mx_c8t6/USB_DEVICE/App" -I"/Users/chmnku/Developement/Bluepill/c8t6_fw/Src/Lib/mx_c8t6/USB_DEVICE/Target" -I"/Users/chmnku/Developement/Bluepill/c8t6_fw/Src/Definition/include" -O0 -ffunction-sections -fdata-sections -Wall -fstack-usage -fcyclomatic-complexity -MMD -MP -MF"Src/Lib/mx_c8t6/Drivers/STM32F1xx_HAL_Driver/Src/stm32f1xx_ll_usb.d" -MT"Src/Lib/mx_c8t6/Drivers/STM32F1xx_HAL_Driver/Src/stm32f1xx_ll_usb.o" --specs=nano.specs -mfloat-abi=soft -mthumb -o "Src/Lib/mx_c8t6/Drivers/STM32F1xx_HAL_Driver/Src/stm32f1xx_ll_usb.o"
arm-none-eabi-gcc "../Src/Device/Hw/src/hw.c" -mcpu=cortex-m3 -std=gnu11 -g3 -DSTM32F103xB -c -I"/Users/chmnku/Developement/Bluepill/c8t6_fw/Src" -I"/Users/chmnku/Developement/Bluepill/c8t6_fw/Src/App/inc" -I"/Users/chmnku/Developement/Bluepill/c8t6_fw/Src/Definition" -I"/Users/chmnku/Developement/Bluepill/c8t6_fw/Src/Device/Bsp/inc" -I"/Users/chmnku/Developement/Bluepill/c8t6_fw/Src/Device/Hw/inc" -I"/Users/chmnku/Developement/Bluepill/c8t6_fw/Src/Lib/mx_c8t6/Drivers/CMSIS/Device/ST/STM32F1xx/Include" -I"/Users/chmnku/Developement/Bluepill/c8t6_fw/Src/Lib/mx_c8t6/Drivers/CMSIS/Include" -I"/Users/chmnku/Developement/Bluepill/c8t6_fw/Src/Lib/mx_c8t6/Drivers/STM32F1xx_HAL_Driver/Inc" -I"/Users/chmnku/Developement/Bluepill/c8t6_fw/Src/Lib/mx_c8t6/Middlewares/ST/STM32_USB_Device_Library/Class/CDC/Inc" -I"/Users/chmnku/Developement/Bluepill/c8t6_fw/Src/Lib/mx_c8t6/Middlewares/ST/STM32_USB_Device_Library/Core/Inc" -I"/Users/chmnku/Developement/Bluepill/c8t6_fw/Src/Lib/mx_c8t6/USB_DEVICE/App" -I"/Users/chmnku/Developement/Bluepill/c8t6_fw/Src/Lib/mx_c8t6/USB_DEVICE/Target" -I"/Users/chmnku/Developement/Bluepill/c8t6_fw/Src/Definition/include" -O0 -ffunction-sections -fdata-sections -Wall -fstack-usage -fcyclomatic-complexity -MMD -MP -MF"Src/Device/Hw/src/hw.d" -MT"Src/Device/Hw/src/hw.o" --specs=nano.specs -mfloat-abi=soft -mthumb -o "Src/Device/Hw/src/hw.o"
arm-none-eabi-gcc "../Src/Device/Hw/driver/uart.c" -mcpu=cortex-m3 -std=gnu11 -g3 -DSTM32F103xB -c -I"/Users/chmnku/Developement/Bluepill/c8t6_fw/Src" -I"/Users/chmnku/Developement/Bluepill/c8t6_fw/Src/App/inc" -I"/Users/chmnku/Developement/Bluepill/c8t6_fw/Src/Definition" -I"/Users/chmnku/Developement/Bluepill/c8t6_fw/Src/Device/Bsp/inc" -I"/Users/chmnku/Developement/Bluepill/c8t6_fw/Src/Device/Hw/inc" -I"/Users/chmnku/Developement/Bluepill/c8t6_fw/Src/Lib/mx_c8t6/Drivers/CMSIS/Device/ST/STM32F1xx/Include" -I"/Users/chmnku/Developement/Bluepill/c8t6_fw/Src/Lib/mx_c8t6/Drivers/CMSIS/Include" -I"/Users/chmnku/Developement/Bluepill/c8t6_fw/Src/Lib/mx_c8t6/Drivers/STM32F1xx_HAL_Driver/Inc" -I"/Users/chmnku/Developement/Bluepill/c8t6_fw/Src/Lib/mx_c8t6/Middlewares/ST/STM32_USB_Device_Library/Class/CDC/Inc" -I"/Users/chmnku/Developement/Bluepill/c8t6_fw/Src/Lib/mx_c8t6/Middlewares/ST/STM32_USB_Device_Library/Core/Inc" -I"/Users/chmnku/Developement/Bluepill/c8t6_fw/Src/Lib/mx_c8t6/USB_DEVICE/App" -I"/Users/chmnku/Developement/Bluepill/c8t6_fw/Src/Lib/mx_c8t6/USB_DEVICE/Target" -I"/Users/chmnku/Developement/Bluepill/c8t6_fw/Src/Definition/include" -O0 -ffunction-sections -fdata-sections -Wall -fstack-usage -fcyclomatic-complexity -MMD -MP -MF"Src/Device/Hw/driver/uart.d" -MT"Src/Device/Hw/driver/uart.o" --specs=nano.specs -mfloat-abi=soft -mthumb -o "Src/Device/Hw/driver/uart.o"
arm-none-eabi-gcc -mcpu=cortex-m3 -g3 -DDEBUG -c -x assembler-with-cpp -MMD -MP -MF"Src/Device/Bsp/startup/startup_stm32f103c8tx.d" -MT"Src/Device/Bsp/startup/startup_stm32f103c8tx.o" --specs=nano.specs -mfloat-abi=soft -mthumb -o "Src/Device/Bsp/startup/startup_stm32f103c8tx.o" "../Src/Device/Bsp/startup/startup_stm32f103c8tx.s"
arm-none-eabi-gcc "../Src/Device/Bsp/src/bsp.c" -mcpu=cortex-m3 -std=gnu11 -g3 -DSTM32F103xB -c -I"/Users/chmnku/Developement/Bluepill/c8t6_fw/Src" -I"/Users/chmnku/Developement/Bluepill/c8t6_fw/Src/App/inc" -I"/Users/chmnku/Developement/Bluepill/c8t6_fw/Src/Definition" -I"/Users/chmnku/Developement/Bluepill/c8t6_fw/Src/Device/Bsp/inc" -I"/Users/chmnku/Developement/Bluepill/c8t6_fw/Src/Device/Hw/inc" -I"/Users/chmnku/Developement/Bluepill/c8t6_fw/Src/Lib/mx_c8t6/Drivers/CMSIS/Device/ST/STM32F1xx/Include" -I"/Users/chmnku/Developement/Bluepill/c8t6_fw/Src/Lib/mx_c8t6/Drivers/CMSIS/Include" -I"/Users/chmnku/Developement/Bluepill/c8t6_fw/Src/Lib/mx_c8t6/Drivers/STM32F1xx_HAL_Driver/Inc" -I"/Users/chmnku/Developement/Bluepill/c8t6_fw/Src/Lib/mx_c8t6/Middlewares/ST/STM32_USB_Device_Library/Class/CDC/Inc" -I"/Users/chmnku/Developement/Bluepill/c8t6_fw/Src/Lib/mx_c8t6/Middlewares/ST/STM32_USB_Device_Library/Core/Inc" -I"/Users/chmnku/Developement/Bluepill/c8t6_fw/Src/Lib/mx_c8t6/USB_DEVICE/App" -I"/Users/chmnku/Developement/Bluepill/c8t6_fw/Src/Lib/mx_c8t6/USB_DEVICE/Target" -I"/Users/chmnku/Developement/Bluepill/c8t6_fw/Src/Definition/include" -O0 -ffunction-sections -fdata-sections -Wall -fstack-usage -fcyclomatic-complexity -MMD -MP -MF"Src/Device/Bsp/src/bsp.d" -MT"Src/Device/Bsp/src/bsp.o" --specs=nano.specs -mfloat-abi=soft -mthumb -o "Src/Device/Bsp/src/bsp.o"
arm-none-eabi-gcc "../Src/Device/Bsp/src/stm32f1xx_hal_msp.c" -mcpu=cortex-m3 -std=gnu11 -g3 -DSTM32F103xB -c -I"/Users/chmnku/Developement/Bluepill/c8t6_fw/Src" -I"/Users/chmnku/Developement/Bluepill/c8t6_fw/Src/App/inc" -I"/Users/chmnku/Developement/Bluepill/c8t6_fw/Src/Definition" -I"/Users/chmnku/Developement/Bluepill/c8t6_fw/Src/Device/Bsp/inc" -I"/Users/chmnku/Developement/Bluepill/c8t6_fw/Src/Device/Hw/inc" -I"/Users/chmnku/Developement/Bluepill/c8t6_fw/Src/Lib/mx_c8t6/Drivers/CMSIS/Device/ST/STM32F1xx/Include" -I"/Users/chmnku/Developement/Bluepill/c8t6_fw/Src/Lib/mx_c8t6/Drivers/CMSIS/Include" -I"/Users/chmnku/Developement/Bluepill/c8t6_fw/Src/Lib/mx_c8t6/Drivers/STM32F1xx_HAL_Driver/Inc" -I"/Users/chmnku/Developement/Bluepill/c8t6_fw/Src/Lib/mx_c8t6/Middlewares/ST/STM32_USB_Device_Library/Class/CDC/Inc" -I"/Users/chmnku/Developement/Bluepill/c8t6_fw/Src/Lib/mx_c8t6/Middlewares/ST/STM32_USB_Device_Library/Core/Inc" -I"/Users/chmnku/Developement/Bluepill/c8t6_fw/Src/Lib/mx_c8t6/USB_DEVICE/App" -I"/Users/chmnku/Developement/Bluepill/c8t6_fw/Src/Lib/mx_c8t6/USB_DEVICE/Target" -I"/Users/chmnku/Developement/Bluepill/c8t6_fw/Src/Definition/include" -O0 -ffunction-sections -fdata-sections -Wall -fstack-usage -fcyclomatic-complexity -MMD -MP -MF"Src/Device/Bsp/src/stm32f1xx_hal_msp.d" -MT"Src/Device/Bsp/src/stm32f1xx_hal_msp.o" --specs=nano.specs -mfloat-abi=soft -mthumb -o "Src/Device/Bsp/src/stm32f1xx_hal_msp.o"
arm-none-eabi-gcc "../Src/Device/Bsp/src/stm32f1xx_it.c" -mcpu=cortex-m3 -std=gnu11 -g3 -DSTM32F103xB -c -I"/Users/chmnku/Developement/Bluepill/c8t6_fw/Src" -I"/Users/chmnku/Developement/Bluepill/c8t6_fw/Src/App/inc" -I"/Users/chmnku/Developement/Bluepill/c8t6_fw/Src/Definition" -I"/Users/chmnku/Developement/Bluepill/c8t6_fw/Src/Device/Bsp/inc" -I"/Users/chmnku/Developement/Bluepill/c8t6_fw/Src/Device/Hw/inc" -I"/Users/chmnku/Developement/Bluepill/c8t6_fw/Src/Lib/mx_c8t6/Drivers/CMSIS/Device/ST/STM32F1xx/Include" -I"/Users/chmnku/Developement/Bluepill/c8t6_fw/Src/Lib/mx_c8t6/Drivers/CMSIS/Include" -I"/Users/chmnku/Developement/Bluepill/c8t6_fw/Src/Lib/mx_c8t6/Drivers/STM32F1xx_HAL_Driver/Inc" -I"/Users/chmnku/Developement/Bluepill/c8t6_fw/Src/Lib/mx_c8t6/Middlewares/ST/STM32_USB_Device_Library/Class/CDC/Inc" -I"/Users/chmnku/Developement/Bluepill/c8t6_fw/Src/Lib/mx_c8t6/Middlewares/ST/STM32_USB_Device_Library/Core/Inc" -I"/Users/chmnku/Developement/Bluepill/c8t6_fw/Src/Lib/mx_c8t6/USB_DEVICE/App" -I"/Users/chmnku/Developement/Bluepill/c8t6_fw/Src/Lib/mx_c8t6/USB_DEVICE/Target" -I"/Users/chmnku/Developement/Bluepill/c8t6_fw/Src/Definition/include" -O0 -ffunction-sections -fdata-sections -Wall -fstack-usage -fcyclomatic-complexity -MMD -MP -MF"Src/Device/Bsp/src/stm32f1xx_it.d" -MT"Src/Device/Bsp/src/stm32f1xx_it.o" --specs=nano.specs -mfloat-abi=soft -mthumb -o "Src/Device/Bsp/src/stm32f1xx_it.o"
arm-none-eabi-gcc "../Src/Device/Bsp/src/syscalls.c" -mcpu=cortex-m3 -std=gnu11 -g3 -DSTM32F103xB -c -I"/Users/chmnku/Developement/Bluepill/c8t6_fw/Src" -I"/Users/chmnku/Developement/Bluepill/c8t6_fw/Src/App/inc" -I"/Users/chmnku/Developement/Bluepill/c8t6_fw/Src/Definition" -I"/Users/chmnku/Developement/Bluepill/c8t6_fw/Src/Device/Bsp/inc" -I"/Users/chmnku/Developement/Bluepill/c8t6_fw/Src/Device/Hw/inc" -I"/Users/chmnku/Developement/Bluepill/c8t6_fw/Src/Lib/mx_c8t6/Drivers/CMSIS/Device/ST/STM32F1xx/Include" -I"/Users/chmnku/Developement/Bluepill/c8t6_fw/Src/Lib/mx_c8t6/Drivers/CMSIS/Include" -I"/Users/chmnku/Developement/Bluepill/c8t6_fw/Src/Lib/mx_c8t6/Drivers/STM32F1xx_HAL_Driver/Inc" -I"/Users/chmnku/Developement/Bluepill/c8t6_fw/Src/Lib/mx_c8t6/Middlewares/ST/STM32_USB_Device_Library/Class/CDC/Inc" -I"/Users/chmnku/Developement/Bluepill/c8t6_fw/Src/Lib/mx_c8t6/Middlewares/ST/STM32_USB_Device_Library/Core/Inc" -I"/Users/chmnku/Developement/Bluepill/c8t6_fw/Src/Lib/mx_c8t6/USB_DEVICE/App" -I"/Users/chmnku/Developement/Bluepill/c8t6_fw/Src/Lib/mx_c8t6/USB_DEVICE/Target" -I"/Users/chmnku/Developement/Bluepill/c8t6_fw/Src/Definition/include" -O0 -ffunction-sections -fdata-sections -Wall -fstack-usage -fcyclomatic-complexity -MMD -MP -MF"Src/Device/Bsp/src/syscalls.d" -MT"Src/Device/Bsp/src/syscalls.o" --specs=nano.specs -mfloat-abi=soft -mthumb -o "Src/Device/Bsp/src/syscalls.o"
arm-none-eabi-gcc "../Src/Device/Bsp/src/sysmem.c" -mcpu=cortex-m3 -std=gnu11 -g3 -DSTM32F103xB -c -I"/Users/chmnku/Developement/Bluepill/c8t6_fw/Src" -I"/Users/chmnku/Developement/Bluepill/c8t6_fw/Src/App/inc" -I"/Users/chmnku/Developement/Bluepill/c8t6_fw/Src/Definition" -I"/Users/chmnku/Developement/Bluepill/c8t6_fw/Src/Device/Bsp/inc" -I"/Users/chmnku/Developement/Bluepill/c8t6_fw/Src/Device/Hw/inc" -I"/Users/chmnku/Developement/Bluepill/c8t6_fw/Src/Lib/mx_c8t6/Drivers/CMSIS/Device/ST/STM32F1xx/Include" -I"/Users/chmnku/Developement/Bluepill/c8t6_fw/Src/Lib/mx_c8t6/Drivers/CMSIS/Include" -I"/Users/chmnku/Developement/Bluepill/c8t6_fw/Src/Lib/mx_c8t6/Drivers/STM32F1xx_HAL_Driver/Inc" -I"/Users/chmnku/Developement/Bluepill/c8t6_fw/Src/Lib/mx_c8t6/Middlewares/ST/STM32_USB_Device_Library/Class/CDC/Inc" -I"/Users/chmnku/Developement/Bluepill/c8t6_fw/Src/Lib/mx_c8t6/Middlewares/ST/STM32_USB_Device_Library/Core/Inc" -I"/Users/chmnku/Developement/Bluepill/c8t6_fw/Src/Lib/mx_c8t6/USB_DEVICE/App" -I"/Users/chmnku/Developement/Bluepill/c8t6_fw/Src/Lib/mx_c8t6/USB_DEVICE/Target" -I"/Users/chmnku/Developement/Bluepill/c8t6_fw/Src/Definition/include" -O0 -ffunction-sections -fdata-sections -Wall -fstack-usage -fcyclomatic-complexity -MMD -MP -MF"Src/Device/Bsp/src/sysmem.d" -MT"Src/Device/Bsp/src/sysmem.o" --specs=nano.specs -mfloat-abi=soft -mthumb -o "Src/Device/Bsp/src/sysmem.o"
arm-none-eabi-gcc "../Src/Device/Bsp/src/system_stm32f1xx.c" -mcpu=cortex-m3 -std=gnu11 -g3 -DSTM32F103xB -c -I"/Users/chmnku/Developement/Bluepill/c8t6_fw/Src" -I"/Users/chmnku/Developement/Bluepill/c8t6_fw/Src/App/inc" -I"/Users/chmnku/Developement/Bluepill/c8t6_fw/Src/Definition" -I"/Users/chmnku/Developement/Bluepill/c8t6_fw/Src/Device/Bsp/inc" -I"/Users/chmnku/Developement/Bluepill/c8t6_fw/Src/Device/Hw/inc" -I"/Users/chmnku/Developement/Bluepill/c8t6_fw/Src/Lib/mx_c8t6/Drivers/CMSIS/Device/ST/STM32F1xx/Include" -I"/Users/chmnku/Developement/Bluepill/c8t6_fw/Src/Lib/mx_c8t6/Drivers/CMSIS/Include" -I"/Users/chmnku/Developement/Bluepill/c8t6_fw/Src/Lib/mx_c8t6/Drivers/STM32F1xx_HAL_Driver/Inc" -I"/Users/chmnku/Developement/Bluepill/c8t6_fw/Src/Lib/mx_c8t6/Middlewares/ST/STM32_USB_Device_Library/Class/CDC/Inc" -I"/Users/chmnku/Developement/Bluepill/c8t6_fw/Src/Lib/mx_c8t6/Middlewares/ST/STM32_USB_Device_Library/Core/Inc" -I"/Users/chmnku/Developement/Bluepill/c8t6_fw/Src/Lib/mx_c8t6/USB_DEVICE/App" -I"/Users/chmnku/Developement/Bluepill/c8t6_fw/Src/Lib/mx_c8t6/USB_DEVICE/Target" -I"/Users/chmnku/Developement/Bluepill/c8t6_fw/Src/Definition/include" -O0 -ffunction-sections -fdata-sections -Wall -fstack-usage -fcyclomatic-complexity -MMD -MP -MF"Src/Device/Bsp/src/system_stm32f1xx.d" -MT"Src/Device/Bsp/src/system_stm32f1xx.o" --specs=nano.specs -mfloat-abi=soft -mthumb -o "Src/Device/Bsp/src/system_stm32f1xx.o"
arm-none-eabi-gcc "../Src/App/src/app.c" -mcpu=cortex-m3 -std=gnu11 -g3 -DSTM32F103xB -c -I"/Users/chmnku/Developement/Bluepill/c8t6_fw/Src" -I"/Users/chmnku/Developement/Bluepill/c8t6_fw/Src/App/inc" -I"/Users/chmnku/Developement/Bluepill/c8t6_fw/Src/Definition" -I"/Users/chmnku/Developement/Bluepill/c8t6_fw/Src/Device/Bsp/inc" -I"/Users/chmnku/Developement/Bluepill/c8t6_fw/Src/Device/Hw/inc" -I"/Users/chmnku/Developement/Bluepill/c8t6_fw/Src/Lib/mx_c8t6/Drivers/CMSIS/Device/ST/STM32F1xx/Include" -I"/Users/chmnku/Developement/Bluepill/c8t6_fw/Src/Lib/mx_c8t6/Drivers/CMSIS/Include" -I"/Users/chmnku/Developement/Bluepill/c8t6_fw/Src/Lib/mx_c8t6/Drivers/STM32F1xx_HAL_Driver/Inc" -I"/Users/chmnku/Developement/Bluepill/c8t6_fw/Src/Lib/mx_c8t6/Middlewares/ST/STM32_USB_Device_Library/Class/CDC/Inc" -I"/Users/chmnku/Developement/Bluepill/c8t6_fw/Src/Lib/mx_c8t6/Middlewares/ST/STM32_USB_Device_Library/Core/Inc" -I"/Users/chmnku/Developement/Bluepill/c8t6_fw/Src/Lib/mx_c8t6/USB_DEVICE/App" -I"/Users/chmnku/Developement/Bluepill/c8t6_fw/Src/Lib/mx_c8t6/USB_DEVICE/Target" -I"/Users/chmnku/Developement/Bluepill/c8t6_fw/Src/Definition/include" -O0 -ffunction-sections -fdata-sections -Wall -fstack-usage -fcyclomatic-complexity -MMD -MP -MF"Src/App/src/app.d" -MT"Src/App/src/app.o" --specs=nano.specs -mfloat-abi=soft -mthumb -o "Src/App/src/app.o"
arm-none-eabi-gcc "../Src/main.c" -mcpu=cortex-m3 -std=gnu11 -g3 -DSTM32F103xB -c -I"/Users/chmnku/Developement/Bluepill/c8t6_fw/Src" -I"/Users/chmnku/Developement/Bluepill/c8t6_fw/Src/App/inc" -I"/Users/chmnku/Developement/Bluepill/c8t6_fw/Src/Definition" -I"/Users/chmnku/Developement/Bluepill/c8t6_fw/Src/Device/Bsp/inc" -I"/Users/chmnku/Developement/Bluepill/c8t6_fw/Src/Device/Hw/inc" -I"/Users/chmnku/Developement/Bluepill/c8t6_fw/Src/Lib/mx_c8t6/Drivers/CMSIS/Device/ST/STM32F1xx/Include" -I"/Users/chmnku/Developement/Bluepill/c8t6_fw/Src/Lib/mx_c8t6/Drivers/CMSIS/Include" -I"/Users/chmnku/Developement/Bluepill/c8t6_fw/Src/Lib/mx_c8t6/Drivers/STM32F1xx_HAL_Driver/Inc" -I"/Users/chmnku/Developement/Bluepill/c8t6_fw/Src/Lib/mx_c8t6/Middlewares/ST/STM32_USB_Device_Library/Class/CDC/Inc" -I"/Users/chmnku/Developement/Bluepill/c8t6_fw/Src/Lib/mx_c8t6/Middlewares/ST/STM32_USB_Device_Library/Core/Inc" -I"/Users/chmnku/Developement/Bluepill/c8t6_fw/Src/Lib/mx_c8t6/USB_DEVICE/App" -I"/Users/chmnku/Developement/Bluepill/c8t6_fw/Src/Lib/mx_c8t6/USB_DEVICE/Target" -I"/Users/chmnku/Developement/Bluepill/c8t6_fw/Src/Definition/include" -O0 -ffunction-sections -fdata-sections -Wall -fstack-usage -fcyclomatic-complexity -MMD -MP -MF"Src/main.d" -MT"Src/main.o" --specs=nano.specs -mfloat-abi=soft -mthumb -o "Src/main.o"
arm-none-eabi-gcc -o "PRJ_c8t6.elf" @"objects.list"   -mcpu=cortex-m3 -T"/Users/chmnku/Developement/Bluepill/c8t6_fw/Src/Device/Bsp/ldscript/STM32F103C8TX_FLASH.ld" --specs=nosys.specs -Wl,-Map="PRJ_c8t6.map" -Wl,--gc-sections -static --specs=nano.specs -mfloat-abi=soft -mthumb -Wl,--start-group -lc -lm -Wl,--end-group
Finished building target: PRJ_c8t6.elf
 
arm-none-eabi-size  PRJ_c8t6.elf 
arm-none-eabi-objdump -h -S PRJ_c8t6.elf  > "PRJ_c8t6.list"
   text	   data	    bss	    dec	    hex	filename
  33632	    468	   5972	  40072	   9c88	PRJ_c8t6.elf
Finished building: default.size.stdout
 
Finished building: PRJ_c8t6.list
 

09:20:56 Build Finished. 0 errors, 0 warnings. (took 1s.227ms)

