Archive member included to satisfy reference by file (symbol)

/Applications/STM32CubeIDE.app/Contents/Eclipse/plugins/com.st.stm32cube.ide.mcu.externaltools.gnu-tools-for-stm32.11.3.rel1.macos64_1.1.100.202310310803/tools/bin/../lib/gcc/arm-none-eabi/11.3.1/../../../../arm-none-eabi/lib/thumb/v7-m/nofp/libc_nano.a(libc_a-exit.o)
                              /Applications/STM32CubeIDE.app/Contents/Eclipse/plugins/com.st.stm32cube.ide.mcu.externaltools.gnu-tools-for-stm32.11.3.rel1.macos64_1.1.100.202310310803/tools/bin/../lib/gcc/arm-none-eabi/11.3.1/../../../../arm-none-eabi/lib/thumb/v7-m/nofp/crt0.o (exit)
/Applications/STM32CubeIDE.app/Contents/Eclipse/plugins/com.st.stm32cube.ide.mcu.externaltools.gnu-tools-for-stm32.11.3.rel1.macos64_1.1.100.202310310803/tools/bin/../lib/gcc/arm-none-eabi/11.3.1/../../../../arm-none-eabi/lib/thumb/v7-m/nofp/libc_nano.a(libc_a-findfp.o)
                              /Applications/STM32CubeIDE.app/Contents/Eclipse/plugins/com.st.stm32cube.ide.mcu.externaltools.gnu-tools-for-stm32.11.3.rel1.macos64_1.1.100.202310310803/tools/bin/../lib/gcc/arm-none-eabi/11.3.1/../../../../arm-none-eabi/lib/thumb/v7-m/nofp/libc_nano.a(libc_a-exit.o) (__stdio_exit_handler)
/Applications/STM32CubeIDE.app/Contents/Eclipse/plugins/com.st.stm32cube.ide.mcu.externaltools.gnu-tools-for-stm32.11.3.rel1.macos64_1.1.100.202310310803/tools/bin/../lib/gcc/arm-none-eabi/11.3.1/../../../../arm-none-eabi/lib/thumb/v7-m/nofp/libc_nano.a(libc_a-fwalk.o)
                              /Applications/STM32CubeIDE.app/Contents/Eclipse/plugins/com.st.stm32cube.ide.mcu.externaltools.gnu-tools-for-stm32.11.3.rel1.macos64_1.1.100.202310310803/tools/bin/../lib/gcc/arm-none-eabi/11.3.1/../../../../arm-none-eabi/lib/thumb/v7-m/nofp/libc_nano.a(libc_a-findfp.o) (_fwalk_sglue)
/Applications/STM32CubeIDE.app/Contents/Eclipse/plugins/com.st.stm32cube.ide.mcu.externaltools.gnu-tools-for-stm32.11.3.rel1.macos64_1.1.100.202310310803/tools/bin/../lib/gcc/arm-none-eabi/11.3.1/../../../../arm-none-eabi/lib/thumb/v7-m/nofp/libc_nano.a(libc_a-vsnprintf.o)
                              ./Src/Device/Hw/driver/uart.o (vsnprintf)
/Applications/STM32CubeIDE.app/Contents/Eclipse/plugins/com.st.stm32cube.ide.mcu.externaltools.gnu-tools-for-stm32.11.3.rel1.macos64_1.1.100.202310310803/tools/bin/../lib/gcc/arm-none-eabi/11.3.1/../../../../arm-none-eabi/lib/thumb/v7-m/nofp/libc_nano.a(libc_a-memset.o)
                              /Applications/STM32CubeIDE.app/Contents/Eclipse/plugins/com.st.stm32cube.ide.mcu.externaltools.gnu-tools-for-stm32.11.3.rel1.macos64_1.1.100.202310310803/tools/bin/../lib/gcc/arm-none-eabi/11.3.1/../../../../arm-none-eabi/lib/thumb/v7-m/nofp/crt0.o (memset)
/Applications/STM32CubeIDE.app/Contents/Eclipse/plugins/com.st.stm32cube.ide.mcu.externaltools.gnu-tools-for-stm32.11.3.rel1.macos64_1.1.100.202310310803/tools/bin/../lib/gcc/arm-none-eabi/11.3.1/../../../../arm-none-eabi/lib/thumb/v7-m/nofp/libc_nano.a(libc_a-impure.o)
                              /Applications/STM32CubeIDE.app/Contents/Eclipse/plugins/com.st.stm32cube.ide.mcu.externaltools.gnu-tools-for-stm32.11.3.rel1.macos64_1.1.100.202310310803/tools/bin/../lib/gcc/arm-none-eabi/11.3.1/../../../../arm-none-eabi/lib/thumb/v7-m/nofp/libc_nano.a(libc_a-vsnprintf.o) (_impure_ptr)
/Applications/STM32CubeIDE.app/Contents/Eclipse/plugins/com.st.stm32cube.ide.mcu.externaltools.gnu-tools-for-stm32.11.3.rel1.macos64_1.1.100.202310310803/tools/bin/../lib/gcc/arm-none-eabi/11.3.1/../../../../arm-none-eabi/lib/thumb/v7-m/nofp/libc_nano.a(libc_a-errno.o)
                              ./Src/Device/Bsp/src/syscalls.o (__errno)
/Applications/STM32CubeIDE.app/Contents/Eclipse/plugins/com.st.stm32cube.ide.mcu.externaltools.gnu-tools-for-stm32.11.3.rel1.macos64_1.1.100.202310310803/tools/bin/../lib/gcc/arm-none-eabi/11.3.1/../../../../arm-none-eabi/lib/thumb/v7-m/nofp/libc_nano.a(libc_a-init.o)
                              /Applications/STM32CubeIDE.app/Contents/Eclipse/plugins/com.st.stm32cube.ide.mcu.externaltools.gnu-tools-for-stm32.11.3.rel1.macos64_1.1.100.202310310803/tools/bin/../lib/gcc/arm-none-eabi/11.3.1/../../../../arm-none-eabi/lib/thumb/v7-m/nofp/crt0.o (__libc_init_array)
/Applications/STM32CubeIDE.app/Contents/Eclipse/plugins/com.st.stm32cube.ide.mcu.externaltools.gnu-tools-for-stm32.11.3.rel1.macos64_1.1.100.202310310803/tools/bin/../lib/gcc/arm-none-eabi/11.3.1/../../../../arm-none-eabi/lib/thumb/v7-m/nofp/libc_nano.a(libc_a-lock.o)
                              /Applications/STM32CubeIDE.app/Contents/Eclipse/plugins/com.st.stm32cube.ide.mcu.externaltools.gnu-tools-for-stm32.11.3.rel1.macos64_1.1.100.202310310803/tools/bin/../lib/gcc/arm-none-eabi/11.3.1/../../../../arm-none-eabi/lib/thumb/v7-m/nofp/libc_nano.a(libc_a-findfp.o) (__retarget_lock_init_recursive)
[...]
Memory Configuration

Name             Origin             Length             Attributes
RAM              0x0000000020000000 0x0000000000005000 xrw
FLASH            0x0000000008000000 0x0000000000010000 xr
*default*        0x0000000000000000 0xffffffffffffffff

Linker script and memory map

LOAD /Applications/STM32CubeIDE.app/Contents/Eclipse/plugins/com.st.stm32cube.ide.mcu.externaltools.gnu-tools-for-stm32.11.3.rel1.macos64_1.1.100.202310310803/tools/bin/../lib/gcc/arm-none-eabi/11.3.1/thumb/v7-m/nofp/crti.o
LOAD /Applications/STM32CubeIDE.app/Contents/Eclipse/plugins/com.st.stm32cube.ide.mcu.externaltools.gnu-tools-for-stm32.11.3.rel1.macos64_1.1.100.202310310803/tools/bin/../lib/gcc/arm-none-eabi/11.3.1/thumb/v7-m/nofp/crtbegin.o
LOAD /Applications/STM32CubeIDE.app/Contents/Eclipse/plugins/com.st.stm32cube.ide.mcu.externaltools.gnu-tools-for-stm32.11.3.rel1.macos64_1.1.100.202310310803/tools/bin/../lib/gcc/arm-none-eabi/11.3.1/../../../../arm-none-eabi/lib/thumb/v7-m/nofp/crt0.o
LOAD ./Src/App/src/app.o
LOAD ./Src/Device/Bsp/src/bsp.o
LOAD ./Src/Device/Bsp/src/stm32f1xx_hal_msp.o
LOAD ./Src/Device/Bsp/src/stm32f1xx_it.o
LOAD ./Src/Device/Bsp/src/syscalls.o
LOAD ./Src/Device/Bsp/src/sysmem.o
LOAD ./Src/Device/Bsp/src/system_stm32f1xx.o
LOAD ./Src/Device/Bsp/startup/startup_stm32f103c8tx.o
LOAD ./Src/Device/Hw/driver/uart.o
LOAD ./Src/Device/Hw/src/hw.o
LOAD ./Src/Lib/mx_c8t6/Drivers/STM32F1xx_HAL_Driver/Src/stm32f1xx_hal.o
LOAD ./Src/Lib/mx_c8t6/Drivers/STM32F1xx_HAL_Driver/Src/stm32f1xx_hal_cortex.o
LOAD ./Src/Lib/mx_c8t6/Drivers/STM32F1xx_HAL_Driver/Src/stm32f1xx_hal_dma.o
LOAD ./Src/Lib/mx_c8t6/Drivers/STM32F1xx_HAL_Driver/Src/stm32f1xx_hal_exti.o
LOAD ./Src/Lib/mx_c8t6/Drivers/STM32F1xx_HAL_Driver/Src/stm32f1xx_hal_flash.o
LOAD ./Src/Lib/mx_c8t6/Drivers/STM32F1xx_HAL_Driver/Src/stm32f1xx_hal_flash_ex.o
LOAD ./Src/Lib/mx_c8t6/Drivers/STM32F1xx_HAL_Driver/Src/stm32f1xx_hal_gpio.o
LOAD ./Src/Lib/mx_c8t6/Drivers/STM32F1xx_HAL_Driver/Src/stm32f1xx_hal_gpio_ex.o
LOAD ./Src/Lib/mx_c8t6/Drivers/STM32F1xx_HAL_Driver/Src/stm32f1xx_hal_i2c.o
LOAD ./Src/Lib/mx_c8t6/Drivers/STM32F1xx_HAL_Driver/Src/stm32f1xx_hal_pcd.o
LOAD ./Src/Lib/mx_c8t6/Drivers/STM32F1xx_HAL_Driver/Src/stm32f1xx_hal_pcd_ex.o
LOAD ./Src/Lib/mx_c8t6/Drivers/STM32F1xx_HAL_Driver/Src/stm32f1xx_hal_pwr.o
LOAD ./Src/Lib/mx_c8t6/Drivers/STM32F1xx_HAL_Driver/Src/stm32f1xx_hal_rcc.o
LOAD ./Src/Lib/mx_c8t6/Drivers/STM32F1xx_HAL_Driver/Src/stm32f1xx_hal_rcc_ex.o
LOAD ./Src/Lib/mx_c8t6/Drivers/STM32F1xx_HAL_Driver/Src/stm32f1xx_hal_tim.o
LOAD ./Src/Lib/mx_c8t6/Drivers/STM32F1xx_HAL_Driver/Src/stm32f1xx_hal_tim_ex.o
LOAD ./Src/Lib/mx_c8t6/Drivers/STM32F1xx_HAL_Driver/Src/stm32f1xx_ll_usb.o
LOAD ./Src/Lib/mx_c8t6/Middlewares/ST/STM32_USB_Device_Library/Class/CDC/Src/usbd_cdc.o
LOAD ./Src/Lib/mx_c8t6/Middlewares/ST/STM32_USB_Device_Library/Core/Src/usbd_core.o
LOAD ./Src/Lib/mx_c8t6/Middlewares/ST/STM32_USB_Device_Library/Core/Src/usbd_ctlreq.o
LOAD ./Src/Lib/mx_c8t6/Middlewares/ST/STM32_USB_Device_Library/Core/Src/usbd_ioreq.o
LOAD ./Src/Lib/mx_c8t6/USB_DEVICE/App/usb_device.o
LOAD ./Src/Lib/mx_c8t6/USB_DEVICE/App/usbd_cdc_if.o
LOAD ./Src/Lib/mx_c8t6/USB_DEVICE/App/usbd_desc.o
LOAD ./Src/Lib/mx_c8t6/USB_DEVICE/Target/usbd_conf.o
LOAD ./Src/main.o
START GROUP
LOAD /Applications/STM32CubeIDE.app/Contents/Eclipse/plugins/com.st.stm32cube.ide.mcu.externaltools.gnu-tools-for-stm32.11.3.rel1.macos64_1.1.100.202310310803/tools/bin/../lib/gcc/arm-none-eabi/11.3.1/../../../../arm-none-eabi/lib/thumb/v7-m/nofp/libc_nano.a
LOAD /Applications/STM32CubeIDE.app/Contents/Eclipse/plugins/com.st.stm32cube.ide.mcu.externaltools.gnu-tools-for-stm32.11.3.rel1.macos64_1.1.100.202310310803/tools/bin/../lib/gcc/arm-none-eabi/11.3.1/../../../../arm-none-eabi/lib/thumb/v7-m/nofp/libm.a
END GROUP
START GROUP
LOAD /Applications/STM32CubeIDE.app/Contents/Eclipse/plugins/com.st.stm32cube.ide.mcu.externaltools.gnu-tools-for-stm32.11.3.rel1.macos64_1.1.100.202310310803/tools/bin/../lib/gcc/arm-none-eabi/11.3.1/thumb/v7-m/nofp/libgcc.a
LOAD /Applications/STM32CubeIDE.app/Contents/Eclipse/plugins/com.st.stm32cube.ide.mcu.externaltools.gnu-tools-for-stm32.11.3.rel1.macos64_1.1.100.202310310803/tools/bin/../lib/gcc/arm-none-eabi/11.3.1/../../../../arm-none-eabi/lib/thumb/v7-m/nofp/libc_nano.a
END GROUP
START GROUP
LOAD /Applications/STM32CubeIDE.app/Contents/Eclipse/plugins/com.st.stm32cube.ide.mcu.externaltools.gnu-tools-for-stm32.11.3.rel1.macos64_1.1.100.202310310803/tools/bin/../lib/gcc/arm-none-eabi/11.3.1/thumb/v7-m/nofp/libgcc.a
LOAD /Applications/STM32CubeIDE.app/Contents/Eclipse/plugins/com.st.stm32cube.ide.mcu.externaltools.gnu-tools-for-stm32.11.3.rel1.macos64_1.1.100.202310310803/tools/bin/../lib/gcc/arm-none-eabi/11.3.1/../../../../arm-none-eabi/lib/thumb/v7-m/nofp/libc_nano.a
LOAD /Applications/STM32CubeIDE.app/Contents/Eclipse/plugins/com.st.stm32cube.ide.mcu.externaltools.gnu-tools-for-stm32.11.3.rel1.macos64_1.1.100.202310310803/tools/bin/../lib/gcc/arm-none-eabi/11.3.1/../../../../arm-none-eabi/lib/thumb/v7-m/nofp/libnosys.a
END GROUP
START GROUP
LOAD /Applications/STM32CubeIDE.app/Contents/Eclipse/plugins/com.st.stm32cube.ide.mcu.externaltools.gnu-tools-for-stm32.11.3.rel1.macos64_1.1.100.202310310803/tools/bin/../lib/gcc/arm-none-eabi/11.3.1/thumb/v7-m/nofp/libgcc.a
LOAD /Applications/STM32CubeIDE.app/Contents/Eclipse/plugins/com.st.stm32cube.ide.mcu.externaltools.gnu-tools-for-stm32.11.3.rel1.macos64_1.1.100.202310310803/tools/bin/../lib/gcc/arm-none-eabi/11.3.1/../../../../arm-none-eabi/lib/thumb/v7-m/nofp/libc_nano.a
LOAD /Applications/STM32CubeIDE.app/Contents/Eclipse/plugins/com.st.stm32cube.ide.mcu.externaltools.gnu-tools-for-stm32.11.3.rel1.macos64_1.1.100.202310310803/tools/bin/../lib/gcc/arm-none-eabi/11.3.1/../../../../arm-none-eabi/lib/thumb/v7-m/nofp/libnosys.a
END GROUP
LOAD /Applications/STM32CubeIDE.app/Contents/Eclipse/plugins/com.st.stm32cube.ide.mcu.externaltools.gnu-tools-for-stm32.11.3.rel1.macos64_1.1.100.202310310803/tools/bin/../lib/gcc/arm-none-eabi/11.3.1/thumb/v7-m/nofp/crtend.o
LOAD /Applications/STM32CubeIDE.app/Contents/Eclipse/plugins/com.st.stm32cube.ide.mcu.externaltools.gnu-tools-for-stm32.11.3.rel1.macos64_1.1.100.202310310803/tools/bin/../lib/gcc/arm-none-eabi/11.3.1/thumb/v7-m/nofp/crtn.o
                0x0000000020005000                _estack = (ORIGIN (RAM) + LENGTH (RAM))
                0x0000000000000200                _Min_Heap_Size = 0x200
                0x0000000000000400                _Min_Stack_Size = 0x400

.isr_vector     0x0000000008000000      0x10c
                0x0000000008000000                . = ALIGN (0x4)
 *(.isr_vector)
 .isr_vector    0x0000000008000000      0x10c ./Src/Device/Bsp/startup/startup_stm32f103c8tx.o
                0x0000000008000000                g_pfnVectors
                0x000000000800010c                . = ALIGN (0x4)

.text           0x000000000800010c     0x81a0
                0x000000000800010c                . = ALIGN (0x4)
 *(.text)
 .text          0x000000000800010c       0x40 /Applications/STM32CubeIDE.app/Contents/Eclipse/plugins/com.st.stm32cube.ide.mcu.externaltools.gnu-tools-for-stm32.11.3.rel1.macos64_1.1.100.202310310803/tools/bin/../lib/gcc/arm-none-eabi/11.3.1/thumb/v7-m/nofp/crtbegin.o
 *(.text*)
 .text.apInit   0x000000000800014c       0x12 ./Src/App/src/app.o
                0x000000000800014c                apInit
 *fill*         0x000000000800015e        0x2 
 .text.apMain   0x0000000008000160       0x58 ./Src/App/src/app.o
                0x0000000008000160                apMain
 .text.millis   0x00000000080001b8        0xe ./Src/App/src/app.o
                0x00000000080001b8                millis
 *fill*         0x00000000080001c6        0x2 
 .text.bspInit  0x00000000080001c8       0xa4 ./Src/Device/Bsp/src/bsp.o
                0x00000000080001c8                bspInit
 .text.SystemClock_Config
                0x000000000800026c       0xb4 ./Src/Device/Bsp/src/bsp.o
                0x000000000800026c                SystemClock_Config
 .text.Error_Handler
                0x0000000008000320        0xa ./Src/Device/Bsp/src/bsp.o
                0x0000000008000320                Error_Handler
 *fill*         0x000000000800032a        0x2 
 .text.HAL_MspInit
                0x000000000800032c       0x64 ./Src/Device/Bsp/src/stm32f1xx_hal_msp.o
                0x000000000800032c                HAL_MspInit
 .text.NMI_Handler
                0x0000000008000390        0x6 ./Src/Device/Bsp/src/stm32f1xx_it.o
                0x0000000008000390                NMI_Handler
 .text.HardFault_Handler
                0x0000000008000396        0x6 ./Src/Device/Bsp/src/stm32f1xx_it.o
                0x0000000008000396                HardFault_Handler
 .text.MemManage_Handler
                0x000000000800039c        0x6 ./Src/Device/Bsp/src/stm32f1xx_it.o
                0x000000000800039c                MemManage_Handler
 .text.BusFault_Handler
                0x00000000080003a2        0x6 ./Src/Device/Bsp/src/stm32f1xx_it.o
                0x00000000080003a2                BusFault_Handler
 .text.UsageFault_Handler
                0x00000000080003a8        0x6 ./Src/Device/Bsp/src/stm32f1xx_it.o
                0x00000000080003a8                UsageFault_Handler
 .text.SVC_Handler
                0x00000000080003ae        0xc ./Src/Device/Bsp/src/stm32f1xx_it.o
                0x00000000080003ae                SVC_Handler
 .text.DebugMon_Handler
                0x00000000080003ba        0xc ./Src/Device/Bsp/src/stm32f1xx_it.o
                0x00000000080003ba                DebugMon_Handler
 .text.PendSV_Handler
                0x00000000080003c6        0xc ./Src/Device/Bsp/src/stm32f1xx_it.o
                0x00000000080003c6                PendSV_Handler
 .text.SysTick_Handler
                0x00000000080003d2        0xc ./Src/Device/Bsp/src/stm32f1xx_it.o
                0x00000000080003d2                SysTick_Handler
 *fill*         0x00000000080003de        0x2 
 .text.USB_LP_CAN1_RX0_IRQHandler
                0x00000000080003e0       0x14 ./Src/Device/Bsp/src/stm32f1xx_it.o
                0x00000000080003e0                USB_LP_CAN1_RX0_IRQHandler
 .text._sbrk    0x00000000080003f4       0x6c ./Src/Device/Bsp/src/sysmem.o
                0x00000000080003f4                _sbrk
 .text.SystemInit
                0x0000000008000460        0xc ./Src/Device/Bsp/src/system_stm32f1xx.o
                0x0000000008000460                SystemInit
 .text.Reset_Handler
                0x000000000800046c       0x48 ./Src/Device/Bsp/startup/startup_stm32f103c8tx.o
                0x000000000800046c                Reset_Handler
 .text.Default_Handler
                0x00000000080004b4        0x2 ./Src/Device/Bsp/startup/startup_stm32f103c8tx.o
                0x00000000080004b4                USBWakeUp_IRQHandler
                0x00000000080004b4                EXTI2_IRQHandler
                0x00000000080004b4                TIM1_CC_IRQHandler
                0x00000000080004b4                PVD_IRQHandler
                0x00000000080004b4                EXTI3_IRQHandler
                0x00000000080004b4                EXTI0_IRQHandler
                0x00000000080004b4                I2C2_EV_IRQHandler
                0x00000000080004b4                ADC1_2_IRQHandler
                0x00000000080004b4                SPI1_IRQHandler
                0x00000000080004b4                TAMPER_IRQHandler
                0x00000000080004b4                DMA1_Channel4_IRQHandler
                0x00000000080004b4                USART3_IRQHandler
                0x00000000080004b4                RTC_IRQHandler
                0x00000000080004b4                DMA1_Channel7_IRQHandler
                0x00000000080004b4                CAN1_RX1_IRQHandler
                0x00000000080004b4                TIM4_IRQHandler
                0x00000000080004b4                I2C1_EV_IRQHandler
                0x00000000080004b4                DMA1_Channel6_IRQHandler
                0x00000000080004b4                TIM3_IRQHandler
                0x00000000080004b4                RCC_IRQHandler
                0x00000000080004b4                TIM1_TRG_COM_IRQHandler
                0x00000000080004b4                DMA1_Channel1_IRQHandler
                0x00000000080004b4                Default_Handler
                0x00000000080004b4                EXTI15_10_IRQHandler
                0x00000000080004b4                EXTI9_5_IRQHandler
                0x00000000080004b4                SPI2_IRQHandler
                0x00000000080004b4                DMA1_Channel5_IRQHandler
                0x00000000080004b4                EXTI4_IRQHandler
                0x00000000080004b4                USB_HP_CAN1_TX_IRQHandler
                0x00000000080004b4                DMA1_Channel3_IRQHandler
                0x00000000080004b4                TIM1_UP_IRQHandler
                0x00000000080004b4                WWDG_IRQHandler
                0x00000000080004b4                TIM2_IRQHandler
                0x00000000080004b4                TIM1_BRK_IRQHandler
                0x00000000080004b4                EXTI1_IRQHandler
                0x00000000080004b4                USART2_IRQHandler
                0x00000000080004b4                I2C2_ER_IRQHandler
                0x00000000080004b4                DMA1_Channel2_IRQHandler
                0x00000000080004b4                CAN1_SCE_IRQHandler
                0x00000000080004b4                FLASH_IRQHandler
                0x00000000080004b4                USART1_IRQHandler
                0x00000000080004b4                I2C1_ER_IRQHandler
                0x00000000080004b4                RTC_Alarm_IRQHandler
 *fill*         0x00000000080004b6        0x2 
 .text.uartInit
                0x00000000080004b8       0x34 ./Src/Device/Hw/driver/uart.o
                0x00000000080004b8                uartInit
 .text.uartOpen
                0x00000000080004ec       0x34 ./Src/Device/Hw/driver/uart.o
                0x00000000080004ec                uartOpen
 .text.uartAvailable
                0x0000000008000520       0x26 ./Src/Device/Hw/driver/uart.o
                0x0000000008000520                uartAvailable
 .text.uartRead
                0x0000000008000546       0x28 ./Src/Device/Hw/driver/uart.o
                0x0000000008000546                uartRead
 .text.uartWrite
                0x000000000800056e       0x2c ./Src/Device/Hw/driver/uart.o
                0x000000000800056e                uartWrite
 .text.uartPrintf
                0x000000000800059a       0x70 ./Src/Device/Hw/driver/uart.o
                0x000000000800059a                uartPrintf
 .text.hwInit   0x000000000800060a       0x10 ./Src/Device/Hw/src/hw.o
                0x000000000800060a                hwInit
 *fill*         0x000000000800061a        0x2 
 .text.HAL_Init
                0x000000000800061c       0x2c ./Src/Lib/mx_c8t6/Drivers/STM32F1xx_HAL_Driver/Src/stm32f1xx_hal.o
                0x000000000800061c                HAL_Init
 .text.HAL_InitTick
                0x0000000008000648       0x60 ./Src/Lib/mx_c8t6/Drivers/STM32F1xx_HAL_Driver/Src/stm32f1xx_hal.o
                0x0000000008000648                HAL_InitTick
 .text.HAL_IncTick
                0x00000000080006a8       0x24 ./Src/Lib/mx_c8t6/Drivers/STM32F1xx_HAL_Driver/Src/stm32f1xx_hal.o
                0x00000000080006a8                HAL_IncTick
 .text.HAL_GetTick
                0x00000000080006cc       0x14 ./Src/Lib/mx_c8t6/Drivers/STM32F1xx_HAL_Driver/Src/stm32f1xx_hal.o
                0x00000000080006cc                HAL_GetTick
 .text.__NVIC_SetPriorityGrouping
                0x00000000080006e0       0x48 ./Src/Lib/mx_c8t6/Drivers/STM32F1xx_HAL_Driver/Src/stm32f1xx_hal_cortex.o
 .text.__NVIC_GetPriorityGrouping
                0x0000000008000728       0x1c ./Src/Lib/mx_c8t6/Drivers/STM32F1xx_HAL_Driver/Src/stm32f1xx_hal_cortex.o
 .text.__NVIC_EnableIRQ
                0x0000000008000744       0x38 ./Src/Lib/mx_c8t6/Drivers/STM32F1xx_HAL_Driver/Src/stm32f1xx_hal_cortex.o
 .text.__NVIC_SetPriority
                0x000000000800077c       0x54 ./Src/Lib/mx_c8t6/Drivers/STM32F1xx_HAL_Driver/Src/stm32f1xx_hal_cortex.o
 .text.NVIC_EncodePriority
                0x00000000080007d0       0x64 ./Src/Lib/mx_c8t6/Drivers/STM32F1xx_HAL_Driver/Src/stm32f1xx_hal_cortex.o
 .text.SysTick_Config
                0x0000000008000834       0x44 ./Src/Lib/mx_c8t6/Drivers/STM32F1xx_HAL_Driver/Src/stm32f1xx_hal_cortex.o
 .text.HAL_NVIC_SetPriorityGrouping
                0x0000000008000878       0x16 ./Src/Lib/mx_c8t6/Drivers/STM32F1xx_HAL_Driver/Src/stm32f1xx_hal_cortex.o
                0x0000000008000878                HAL_NVIC_SetPriorityGrouping
 .text.HAL_NVIC_SetPriority
                0x000000000800088e       0x38 ./Src/Lib/mx_c8t6/Drivers/STM32F1xx_HAL_Driver/Src/stm32f1xx_hal_cortex.o
                0x000000000800088e                HAL_NVIC_SetPriority
 .text.HAL_NVIC_EnableIRQ
                0x00000000080008c6       0x1c ./Src/Lib/mx_c8t6/Drivers/STM32F1xx_HAL_Driver/Src/stm32f1xx_hal_cortex.o
                0x00000000080008c6                HAL_NVIC_EnableIRQ
 .text.HAL_SYSTICK_Config
                0x00000000080008e2       0x18 ./Src/Lib/mx_c8t6/Drivers/STM32F1xx_HAL_Driver/Src/stm32f1xx_hal_cortex.o
                0x00000000080008e2                HAL_SYSTICK_Config
 *fill*         0x00000000080008fa        0x2 
 .text.HAL_GPIO_Init
                0x00000000080008fc      0x308 ./Src/Lib/mx_c8t6/Drivers/STM32F1xx_HAL_Driver/Src/stm32f1xx_hal_gpio.o
                0x00000000080008fc                HAL_GPIO_Init
 .text.HAL_GPIO_WritePin
                0x0000000008000c04       0x30 ./Src/Lib/mx_c8t6/Drivers/STM32F1xx_HAL_Driver/Src/stm32f1xx_hal_gpio.o
                0x0000000008000c04                HAL_GPIO_WritePin
 .text.HAL_GPIO_TogglePin
                0x0000000008000c34       0x32 ./Src/Lib/mx_c8t6/Drivers/STM32F1xx_HAL_Driver/Src/stm32f1xx_hal_gpio.o
                0x0000000008000c34                HAL_GPIO_TogglePin
 .text.HAL_PCD_Init
                0x0000000008000c66      0x1fe ./Src/Lib/mx_c8t6/Drivers/STM32F1xx_HAL_Driver/Src/stm32f1xx_hal_pcd.o
                0x0000000008000c66                HAL_PCD_Init
 .text.HAL_PCD_Start
                0x0000000008000e64       0x4c ./Src/Lib/mx_c8t6/Drivers/STM32F1xx_HAL_Driver/Src/stm32f1xx_hal_pcd.o
                0x0000000008000e64                HAL_PCD_Start
 .text.HAL_PCD_IRQHandler
                0x0000000008000eb0      0x260 ./Src/Lib/mx_c8t6/Drivers/STM32F1xx_HAL_Driver/Src/stm32f1xx_hal_pcd.o
                0x0000000008000eb0                HAL_PCD_IRQHandler
 .text.HAL_PCD_SetAddress
                0x0000000008001110       0x4a ./Src/Lib/mx_c8t6/Drivers/STM32F1xx_HAL_Driver/Src/stm32f1xx_hal_pcd.o
                0x0000000008001110                HAL_PCD_SetAddress
 .text.HAL_PCD_EP_Open
                0x000000000800115a       0xba ./Src/Lib/mx_c8t6/Drivers/STM32F1xx_HAL_Driver/Src/stm32f1xx_hal_pcd.o
                0x000000000800115a                HAL_PCD_EP_Open
 .text.HAL_PCD_EP_Close
                0x0000000008001214       0x90 ./Src/Lib/mx_c8t6/Drivers/STM32F1xx_HAL_Driver/Src/stm32f1xx_hal_pcd.o
                0x0000000008001214                HAL_PCD_EP_Close
 .text.HAL_PCD_EP_Receive
                0x00000000080012a4       0x62 ./Src/Lib/mx_c8t6/Drivers/STM32F1xx_HAL_Driver/Src/stm32f1xx_hal_pcd.o
                0x00000000080012a4                HAL_PCD_EP_Receive
 .text.HAL_PCD_EP_GetRxCount
                0x0000000008001306       0x2e ./Src/Lib/mx_c8t6/Drivers/STM32F1xx_HAL_Driver/Src/stm32f1xx_hal_pcd.o
                0x0000000008001306                HAL_PCD_EP_GetRxCount
 .text.HAL_PCD_EP_Transmit
                0x0000000008001334       0x6e ./Src/Lib/mx_c8t6/Drivers/STM32F1xx_HAL_Driver/Src/stm32f1xx_hal_pcd.o
                0x0000000008001334                HAL_PCD_EP_Transmit
 .text.HAL_PCD_EP_SetStall
                0x00000000080013a2       0xc0 ./Src/Lib/mx_c8t6/Drivers/STM32F1xx_HAL_Driver/Src/stm32f1xx_hal_pcd.o
                0x00000000080013a2                HAL_PCD_EP_SetStall
 .text.HAL_PCD_EP_ClrStall
                0x0000000008001462       0xa8 ./Src/Lib/mx_c8t6/Drivers/STM32F1xx_HAL_Driver/Src/stm32f1xx_hal_pcd.o
                0x0000000008001462                HAL_PCD_EP_ClrStall
 .text.PCD_EP_ISR_Handler
                0x000000000800150a      0x7a6 ./Src/Lib/mx_c8t6/Drivers/STM32F1xx_HAL_Driver/Src/stm32f1xx_hal_pcd.o
 .text.HAL_PCD_EP_DB_Receive
                0x0000000008001cb0      0x21a ./Src/Lib/mx_c8t6/Drivers/STM32F1xx_HAL_Driver/Src/stm32f1xx_hal_pcd.o
 .text.HAL_PCD_EP_DB_Transmit
                0x0000000008001eca      0x7f4 ./Src/Lib/mx_c8t6/Drivers/STM32F1xx_HAL_Driver/Src/stm32f1xx_hal_pcd.o
 .text.HAL_PCDEx_PMAConfig
                0x00000000080026be       0x84 ./Src/Lib/mx_c8t6/Drivers/STM32F1xx_HAL_Driver/Src/stm32f1xx_hal_pcd_ex.o
                0x00000000080026be                HAL_PCDEx_PMAConfig
 *fill*         0x0000000008002742        0x2 
 .text.HAL_RCC_OscConfig
                0x0000000008002744      0x504 ./Src/Lib/mx_c8t6/Drivers/STM32F1xx_HAL_Driver/Src/stm32f1xx_hal_rcc.o
                0x0000000008002744                HAL_RCC_OscConfig
 .text.HAL_RCC_ClockConfig
                0x0000000008002c48      0x1d4 ./Src/Lib/mx_c8t6/Drivers/STM32F1xx_HAL_Driver/Src/stm32f1xx_hal_rcc.o
                0x0000000008002c48                HAL_RCC_ClockConfig
 .text.HAL_RCC_GetSysClockFreq
                0x0000000008002e1c       0xa8 ./Src/Lib/mx_c8t6/Drivers/STM32F1xx_HAL_Driver/Src/stm32f1xx_hal_rcc.o
                0x0000000008002e1c                HAL_RCC_GetSysClockFreq
 .text.RCC_Delay
                0x0000000008002ec4       0x3c ./Src/Lib/mx_c8t6/Drivers/STM32F1xx_HAL_Driver/Src/stm32f1xx_hal_rcc.o
 .text.HAL_RCCEx_PeriphCLKConfig
                0x0000000008002f00      0x16c ./Src/Lib/mx_c8t6/Drivers/STM32F1xx_HAL_Driver/Src/stm32f1xx_hal_rcc_ex.o
                0x0000000008002f00                HAL_RCCEx_PeriphCLKConfig
 .text.USB_CoreInit
                0x000000000800306c       0x20 ./Src/Lib/mx_c8t6/Drivers/STM32F1xx_HAL_Driver/Src/stm32f1xx_ll_usb.o
                0x000000000800306c                USB_CoreInit
 .text.USB_EnableGlobalInt
                0x000000000800308c       0x2c ./Src/Lib/mx_c8t6/Drivers/STM32F1xx_HAL_Driver/Src/stm32f1xx_ll_usb.o
                0x000000000800308c                USB_EnableGlobalInt
 .text.USB_DisableGlobalInt
                0x00000000080030b8       0x34 ./Src/Lib/mx_c8t6/Drivers/STM32F1xx_HAL_Driver/Src/stm32f1xx_ll_usb.o
                0x00000000080030b8                USB_DisableGlobalInt
 .text.USB_SetCurrentMode
                0x00000000080030ec       0x18 ./Src/Lib/mx_c8t6/Drivers/STM32F1xx_HAL_Driver/Src/stm32f1xx_ll_usb.o
                0x00000000080030ec                USB_SetCurrentMode
 .text.USB_DevInit
                0x0000000008003104       0x40 ./Src/Lib/mx_c8t6/Drivers/STM32F1xx_HAL_Driver/Src/stm32f1xx_ll_usb.o
                0x0000000008003104                USB_DevInit
 .text.USB_ActivateEndpoint
                0x0000000008003144      0x780 ./Src/Lib/mx_c8t6/Drivers/STM32F1xx_HAL_Driver/Src/stm32f1xx_ll_usb.o
                0x0000000008003144                USB_ActivateEndpoint
 .text.USB_DeactivateEndpoint
                0x00000000080038c4      0x3d8 ./Src/Lib/mx_c8t6/Drivers/STM32F1xx_HAL_Driver/Src/stm32f1xx_ll_usb.o
                0x00000000080038c4                USB_DeactivateEndpoint
 .text.USB_EPStartXfer
                0x0000000008003c9c     0x1762 ./Src/Lib/mx_c8t6/Drivers/STM32F1xx_HAL_Driver/Src/stm32f1xx_ll_usb.o
                0x0000000008003c9c                USB_EPStartXfer
 .text.USB_EPSetStall
                0x00000000080053fe       0xa0 ./Src/Lib/mx_c8t6/Drivers/STM32F1xx_HAL_Driver/Src/stm32f1xx_ll_usb.o
                0x00000000080053fe                USB_EPSetStall
 .text.USB_EPClearStall
                0x000000000800549e      0x15a ./Src/Lib/mx_c8t6/Drivers/STM32F1xx_HAL_Driver/Src/stm32f1xx_ll_usb.o
                0x000000000800549e                USB_EPClearStall
 .text.USB_SetDevAddress
                0x00000000080055f8       0x26 ./Src/Lib/mx_c8t6/Drivers/STM32F1xx_HAL_Driver/Src/stm32f1xx_ll_usb.o
                0x00000000080055f8                USB_SetDevAddress
 .text.USB_DevConnect
                0x000000000800561e       0x14 ./Src/Lib/mx_c8t6/Drivers/STM32F1xx_HAL_Driver/Src/stm32f1xx_ll_usb.o
                0x000000000800561e                USB_DevConnect
 .text.USB_DevDisconnect
                0x0000000008005632       0x14 ./Src/Lib/mx_c8t6/Drivers/STM32F1xx_HAL_Driver/Src/stm32f1xx_ll_usb.o
                0x0000000008005632                USB_DevDisconnect
 .text.USB_ReadInterrupts
                0x0000000008005646       0x1e ./Src/Lib/mx_c8t6/Drivers/STM32F1xx_HAL_Driver/Src/stm32f1xx_ll_usb.o
                0x0000000008005646                USB_ReadInterrupts
 .text.USB_EP0_OutStart
                0x0000000008005664       0x16 ./Src/Lib/mx_c8t6/Drivers/STM32F1xx_HAL_Driver/Src/stm32f1xx_ll_usb.o
                0x0000000008005664                USB_EP0_OutStart
 .text.USB_WritePMA
                0x000000000800567a       0x8a ./Src/Lib/mx_c8t6/Drivers/STM32F1xx_HAL_Driver/Src/stm32f1xx_ll_usb.o
                0x000000000800567a                USB_WritePMA
 .text.USB_ReadPMA
                0x0000000008005704       0x9e ./Src/Lib/mx_c8t6/Drivers/STM32F1xx_HAL_Driver/Src/stm32f1xx_ll_usb.o
                0x0000000008005704                USB_ReadPMA
 .text.USBD_CDC_Init
                0x00000000080057a2       0xf4 ./Src/Lib/mx_c8t6/Middlewares/ST/STM32_USB_Device_Library/Class/CDC/Src/usbd_cdc.o
 .text.USBD_CDC_DeInit
                0x0000000008005896       0x6e ./Src/Lib/mx_c8t6/Middlewares/ST/STM32_USB_Device_Library/Class/CDC/Src/usbd_cdc.o
 .text.USBD_CDC_Setup
                0x0000000008005904      0x146 ./Src/Lib/mx_c8t6/Middlewares/ST/STM32_USB_Device_Library/Class/CDC/Src/usbd_cdc.o
 .text.USBD_CDC_DataIn
                0x0000000008005a4a       0xa6 ./Src/Lib/mx_c8t6/Middlewares/ST/STM32_USB_Device_Library/Class/CDC/Src/usbd_cdc.o
 .text.USBD_CDC_DataOut
                0x0000000008005af0       0x56 ./Src/Lib/mx_c8t6/Middlewares/ST/STM32_USB_Device_Library/Class/CDC/Src/usbd_cdc.o
 .text.USBD_CDC_EP0_RxReady
                0x0000000008005b46       0x50 ./Src/Lib/mx_c8t6/Middlewares/ST/STM32_USB_Device_Library/Class/CDC/Src/usbd_cdc.o
 *fill*         0x0000000008005b96        0x2 
 .text.USBD_CDC_GetFSCfgDesc
                0x0000000008005b98       0x20 ./Src/Lib/mx_c8t6/Middlewares/ST/STM32_USB_Device_Library/Class/CDC/Src/usbd_cdc.o
 .text.USBD_CDC_GetHSCfgDesc
                0x0000000008005bb8       0x20 ./Src/Lib/mx_c8t6/Middlewares/ST/STM32_USB_Device_Library/Class/CDC/Src/usbd_cdc.o
 .text.USBD_CDC_GetOtherSpeedCfgDesc
                0x0000000008005bd8       0x20 ./Src/Lib/mx_c8t6/Middlewares/ST/STM32_USB_Device_Library/Class/CDC/Src/usbd_cdc.o
 .text.USBD_CDC_GetDeviceQualifierDescriptor
                0x0000000008005bf8       0x20 ./Src/Lib/mx_c8t6/Middlewares/ST/STM32_USB_Device_Library/Class/CDC/Src/usbd_cdc.o
                0x0000000008005bf8                USBD_CDC_GetDeviceQualifierDescriptor
 .text.USBD_CDC_RegisterInterface
                0x0000000008005c18       0x2c ./Src/Lib/mx_c8t6/Middlewares/ST/STM32_USB_Device_Library/Class/CDC/Src/usbd_cdc.o
                0x0000000008005c18                USBD_CDC_RegisterInterface
 .text.USBD_CDC_SetTxBuffer
                0x0000000008005c44       0x32 ./Src/Lib/mx_c8t6/Middlewares/ST/STM32_USB_Device_Library/Class/CDC/Src/usbd_cdc.o
                0x0000000008005c44                USBD_CDC_SetTxBuffer
 .text.USBD_CDC_SetRxBuffer
                0x0000000008005c76       0x26 ./Src/Lib/mx_c8t6/Middlewares/ST/STM32_USB_Device_Library/Class/CDC/Src/usbd_cdc.o
                0x0000000008005c76                USBD_CDC_SetRxBuffer
 .text.USBD_CDC_TransmitPacket
                0x0000000008005c9c       0x5e ./Src/Lib/mx_c8t6/Middlewares/ST/STM32_USB_Device_Library/Class/CDC/Src/usbd_cdc.o
                0x0000000008005c9c                USBD_CDC_TransmitPacket
 .text.USBD_CDC_ReceivePacket
                0x0000000008005cfa       0x54 ./Src/Lib/mx_c8t6/Middlewares/ST/STM32_USB_Device_Library/Class/CDC/Src/usbd_cdc.o
                0x0000000008005cfa                USBD_CDC_ReceivePacket
 .text.USBD_Init
                0x0000000008005d4e       0x56 ./Src/Lib/mx_c8t6/Middlewares/ST/STM32_USB_Device_Library/Core/Src/usbd_core.o
                0x0000000008005d4e                USBD_Init
 .text.USBD_RegisterClass
                0x0000000008005da4       0x32 ./Src/Lib/mx_c8t6/Middlewares/ST/STM32_USB_Device_Library/Core/Src/usbd_core.o
                0x0000000008005da4                USBD_RegisterClass
 .text.USBD_Start
                0x0000000008005dd6       0x18 ./Src/Lib/mx_c8t6/Middlewares/ST/STM32_USB_Device_Library/Core/Src/usbd_core.o
                0x0000000008005dd6                USBD_Start
 .text.USBD_RunTestMode
                0x0000000008005dee       0x14 ./Src/Lib/mx_c8t6/Middlewares/ST/STM32_USB_Device_Library/Core/Src/usbd_core.o
                0x0000000008005dee                USBD_RunTestMode
 .text.USBD_SetClassConfig
                0x0000000008005e02       0x3e ./Src/Lib/mx_c8t6/Middlewares/ST/STM32_USB_Device_Library/Core/Src/usbd_core.o
                0x0000000008005e02                USBD_SetClassConfig
 .text.USBD_ClrClassConfig
                0x0000000008005e40       0x26 ./Src/Lib/mx_c8t6/Middlewares/ST/STM32_USB_Device_Library/Core/Src/usbd_core.o
                0x0000000008005e40                USBD_ClrClassConfig
 .text.USBD_LL_SetupStage
                0x0000000008005e66       0x9a ./Src/Lib/mx_c8t6/Middlewares/ST/STM32_USB_Device_Library/Core/Src/usbd_core.o
                0x0000000008005e66                USBD_LL_SetupStage
 .text.USBD_LL_DataOutStage
                0x0000000008005f00       0xe2 ./Src/Lib/mx_c8t6/Middlewares/ST/STM32_USB_Device_Library/Core/Src/usbd_core.o
                0x0000000008005f00                USBD_LL_DataOutStage
 .text.USBD_LL_DataInStage
                0x0000000008005fe2      0x14a ./Src/Lib/mx_c8t6/Middlewares/ST/STM32_USB_Device_Library/Core/Src/usbd_core.o
                0x0000000008005fe2                USBD_LL_DataInStage
 .text.USBD_LL_Reset
                0x000000000800612c       0x82 ./Src/Lib/mx_c8t6/Middlewares/ST/STM32_USB_Device_Library/Core/Src/usbd_core.o
                0x000000000800612c                USBD_LL_Reset
 .text.USBD_LL_SetSpeed
                0x00000000080061ae       0x1e ./Src/Lib/mx_c8t6/Middlewares/ST/STM32_USB_Device_Library/Core/Src/usbd_core.o
                0x00000000080061ae                USBD_LL_SetSpeed
 .text.USBD_LL_Suspend
                0x00000000080061cc       0x28 ./Src/Lib/mx_c8t6/Middlewares/ST/STM32_USB_Device_Library/Core/Src/usbd_core.o
                0x00000000080061cc                USBD_LL_Suspend
 .text.USBD_LL_Resume
                0x00000000080061f4       0x2a ./Src/Lib/mx_c8t6/Middlewares/ST/STM32_USB_Device_Library/Core/Src/usbd_core.o
                0x00000000080061f4                USBD_LL_Resume
 .text.USBD_LL_SOF
                0x000000000800621e       0x34 ./Src/Lib/mx_c8t6/Middlewares/ST/STM32_USB_Device_Library/Core/Src/usbd_core.o
                0x000000000800621e                USBD_LL_SOF
 *fill*         0x0000000008006252        0x2 
 .text.USBD_StdDevReq
                0x0000000008006254       0xd4 ./Src/Lib/mx_c8t6/Middlewares/ST/STM32_USB_Device_Library/Core/Src/usbd_ctlreq.o
                0x0000000008006254                USBD_StdDevReq
 .text.USBD_StdItfReq
                0x0000000008006328       0x90 ./Src/Lib/mx_c8t6/Middlewares/ST/STM32_USB_Device_Library/Core/Src/usbd_ctlreq.o
                0x0000000008006328                USBD_StdItfReq
 .text.USBD_StdEPReq
                0x00000000080063b8      0x2c6 ./Src/Lib/mx_c8t6/Middlewares/ST/STM32_USB_Device_Library/Core/Src/usbd_ctlreq.o
                0x00000000080063b8                USBD_StdEPReq
 *fill*         0x000000000800667e        0x2 
 .text.USBD_GetDescriptor
                0x0000000008006680      0x2d0 ./Src/Lib/mx_c8t6/Middlewares/ST/STM32_USB_Device_Library/Core/Src/usbd_ctlreq.o
 .text.USBD_SetAddress
                0x0000000008006950       0x86 ./Src/Lib/mx_c8t6/Middlewares/ST/STM32_USB_Device_Library/Core/Src/usbd_ctlreq.o
 *fill*         0x00000000080069d6        0x2 
 .text.USBD_SetConfig
                0x00000000080069d8      0x11c ./Src/Lib/mx_c8t6/Middlewares/ST/STM32_USB_Device_Library/Core/Src/usbd_ctlreq.o
 .text.USBD_GetConfig
                0x0000000008006af4       0x6a ./Src/Lib/mx_c8t6/Middlewares/ST/STM32_USB_Device_Library/Core/Src/usbd_ctlreq.o
 .text.USBD_GetStatus
                0x0000000008006b5e       0x66 ./Src/Lib/mx_c8t6/Middlewares/ST/STM32_USB_Device_Library/Core/Src/usbd_ctlreq.o
 .text.USBD_SetFeature
                0x0000000008006bc4       0x28 ./Src/Lib/mx_c8t6/Middlewares/ST/STM32_USB_Device_Library/Core/Src/usbd_ctlreq.o
 .text.USBD_ClrFeature
                0x0000000008006bec       0x42 ./Src/Lib/mx_c8t6/Middlewares/ST/STM32_USB_Device_Library/Core/Src/usbd_ctlreq.o
 .text.USBD_ParseSetupRequest
                0x0000000008006c2e       0x78 ./Src/Lib/mx_c8t6/Middlewares/ST/STM32_USB_Device_Library/Core/Src/usbd_ctlreq.o
                0x0000000008006c2e                USBD_ParseSetupRequest
 .text.USBD_CtlError
                0x0000000008006ca6       0x22 ./Src/Lib/mx_c8t6/Middlewares/ST/STM32_USB_Device_Library/Core/Src/usbd_ctlreq.o
                0x0000000008006ca6                USBD_CtlError
 .text.USBD_GetString
                0x0000000008006cc8       0x84 ./Src/Lib/mx_c8t6/Middlewares/ST/STM32_USB_Device_Library/Core/Src/usbd_ctlreq.o
                0x0000000008006cc8                USBD_GetString
 .text.USBD_GetLen
                0x0000000008006d4c       0x2e ./Src/Lib/mx_c8t6/Middlewares/ST/STM32_USB_Device_Library/Core/Src/usbd_ctlreq.o
 .text.USBD_CtlSendData
                0x0000000008006d7a       0x38 ./Src/Lib/mx_c8t6/Middlewares/ST/STM32_USB_Device_Library/Core/Src/usbd_ioreq.o
                0x0000000008006d7a                USBD_CtlSendData
 .text.USBD_CtlContinueSendData
                0x0000000008006db2       0x24 ./Src/Lib/mx_c8t6/Middlewares/ST/STM32_USB_Device_Library/Core/Src/usbd_ioreq.o
                0x0000000008006db2                USBD_CtlContinueSendData
 .text.USBD_CtlPrepareRx
                0x0000000008006dd6       0x3c ./Src/Lib/mx_c8t6/Middlewares/ST/STM32_USB_Device_Library/Core/Src/usbd_ioreq.o
                0x0000000008006dd6                USBD_CtlPrepareRx
 .text.USBD_CtlContinueRx
                0x0000000008006e12       0x24 ./Src/Lib/mx_c8t6/Middlewares/ST/STM32_USB_Device_Library/Core/Src/usbd_ioreq.o
                0x0000000008006e12                USBD_CtlContinueRx
 .text.USBD_CtlSendStatus
                0x0000000008006e36       0x26 ./Src/Lib/mx_c8t6/Middlewares/ST/STM32_USB_Device_Library/Core/Src/usbd_ioreq.o
                0x0000000008006e36                USBD_CtlSendStatus
 .text.USBD_CtlReceiveStatus
                0x0000000008006e5c       0x26 ./Src/Lib/mx_c8t6/Middlewares/ST/STM32_USB_Device_Library/Core/Src/usbd_ioreq.o
                0x0000000008006e5c                USBD_CtlReceiveStatus
 *fill*         0x0000000008006e82        0x2 
 .text.MX_USB_DEVICE_Init
                0x0000000008006e84       0x60 ./Src/Lib/mx_c8t6/USB_DEVICE/App/usb_device.o
                0x0000000008006e84                MX_USB_DEVICE_Init
 .text.cdcAvailable
                0x0000000008006ee4       0x2c ./Src/Lib/mx_c8t6/USB_DEVICE/App/usbd_cdc_if.o
                0x0000000008006ee4                cdcAvailable
 .text.cdcDataIn
                0x0000000008006f10       0x48 ./Src/Lib/mx_c8t6/USB_DEVICE/App/usbd_cdc_if.o
                0x0000000008006f10                cdcDataIn
 .text.cdcRead  0x0000000008006f58       0x44 ./Src/Lib/mx_c8t6/USB_DEVICE/App/usbd_cdc_if.o
                0x0000000008006f58                cdcRead
 .text.cdcWrite
                0x0000000008006f9c       0x50 ./Src/Lib/mx_c8t6/USB_DEVICE/App/usbd_cdc_if.o
                0x0000000008006f9c                cdcWrite
 .text.CDC_Init_FS
                0x0000000008006fec       0x28 ./Src/Lib/mx_c8t6/USB_DEVICE/App/usbd_cdc_if.o
 .text.CDC_DeInit_FS
                0x0000000008007014        0xe ./Src/Lib/mx_c8t6/USB_DEVICE/App/usbd_cdc_if.o
 *fill*         0x0000000008007022        0x2 
 .text.CDC_Control_FS
                0x0000000008007024       0xbc ./Src/Lib/mx_c8t6/USB_DEVICE/App/usbd_cdc_if.o
 .text.CDC_Receive_FS
                0x00000000080070e0       0x4c ./Src/Lib/mx_c8t6/USB_DEVICE/App/usbd_cdc_if.o
 .text.CDC_Transmit_FS
                0x000000000800712c       0x4c ./Src/Lib/mx_c8t6/USB_DEVICE/App/usbd_cdc_if.o
                0x000000000800712c                CDC_Transmit_FS
 .text.USBD_FS_DeviceDescriptor
                0x0000000008007178       0x24 ./Src/Lib/mx_c8t6/USB_DEVICE/App/usbd_desc.o
                0x0000000008007178                USBD_FS_DeviceDescriptor
 .text.USBD_FS_LangIDStrDescriptor
                0x000000000800719c       0x24 ./Src/Lib/mx_c8t6/USB_DEVICE/App/usbd_desc.o
                0x000000000800719c                USBD_FS_LangIDStrDescriptor
 .text.USBD_FS_ProductStrDescriptor
                0x00000000080071c0       0x3c ./Src/Lib/mx_c8t6/USB_DEVICE/App/usbd_desc.o
                0x00000000080071c0                USBD_FS_ProductStrDescriptor
 .text.USBD_FS_ManufacturerStrDescriptor
                0x00000000080071fc       0x28 ./Src/Lib/mx_c8t6/USB_DEVICE/App/usbd_desc.o
                0x00000000080071fc                USBD_FS_ManufacturerStrDescriptor
 .text.USBD_FS_SerialStrDescriptor
                0x0000000008007224       0x24 ./Src/Lib/mx_c8t6/USB_DEVICE/App/usbd_desc.o
                0x0000000008007224                USBD_FS_SerialStrDescriptor
 .text.USBD_FS_ConfigStrDescriptor
                0x0000000008007248       0x3c ./Src/Lib/mx_c8t6/USB_DEVICE/App/usbd_desc.o
                0x0000000008007248                USBD_FS_ConfigStrDescriptor
 .text.USBD_FS_InterfaceStrDescriptor
                0x0000000008007284       0x3c ./Src/Lib/mx_c8t6/USB_DEVICE/App/usbd_desc.o
                0x0000000008007284                USBD_FS_InterfaceStrDescriptor
 .text.Get_SerialNum
                0x00000000080072c0       0x58 ./Src/Lib/mx_c8t6/USB_DEVICE/App/usbd_desc.o
 .text.IntToUnicode
                0x0000000008007318       0x7c ./Src/Lib/mx_c8t6/USB_DEVICE/App/usbd_desc.o
 .text.HAL_PCD_MspInit
                0x0000000008007394       0x4c ./Src/Lib/mx_c8t6/USB_DEVICE/Target/usbd_conf.o
                0x0000000008007394                HAL_PCD_MspInit
 .text.HAL_PCD_SetupStageCallback
                0x00000000080073e0       0x24 ./Src/Lib/mx_c8t6/USB_DEVICE/Target/usbd_conf.o
                0x00000000080073e0                HAL_PCD_SetupStageCallback
 .text.HAL_PCD_DataOutStageCallback
                0x0000000008007404       0x36 ./Src/Lib/mx_c8t6/USB_DEVICE/Target/usbd_conf.o
                0x0000000008007404                HAL_PCD_DataOutStageCallback
 .text.HAL_PCD_DataInStageCallback
                0x000000000800743a       0x34 ./Src/Lib/mx_c8t6/USB_DEVICE/Target/usbd_conf.o
                0x000000000800743a                HAL_PCD_DataInStageCallback
 .text.HAL_PCD_SOFCallback
                0x000000000800746e       0x1c ./Src/Lib/mx_c8t6/USB_DEVICE/Target/usbd_conf.o
                0x000000000800746e                HAL_PCD_SOFCallback
 .text.HAL_PCD_ResetCallback
                0x000000000800748a       0x3c ./Src/Lib/mx_c8t6/USB_DEVICE/Target/usbd_conf.o
                0x000000000800748a                HAL_PCD_ResetCallback
 *fill*         0x00000000080074c6        0x2 
 .text.HAL_PCD_SuspendCallback
                0x00000000080074c8       0x34 ./Src/Lib/mx_c8t6/USB_DEVICE/Target/usbd_conf.o
                0x00000000080074c8                HAL_PCD_SuspendCallback
 .text.HAL_PCD_ResumeCallback
                0x00000000080074fc       0x1c ./Src/Lib/mx_c8t6/USB_DEVICE/Target/usbd_conf.o
                0x00000000080074fc                HAL_PCD_ResumeCallback
 .text.USBD_LL_Init
                0x0000000008007518       0xb4 ./Src/Lib/mx_c8t6/USB_DEVICE/Target/usbd_conf.o
                0x0000000008007518                USBD_LL_Init
 .text.USBD_LL_Start
                0x00000000080075cc       0x36 ./Src/Lib/mx_c8t6/USB_DEVICE/Target/usbd_conf.o
                0x00000000080075cc                USBD_LL_Start
 .text.USBD_LL_OpenEP
                0x0000000008007602       0x4c ./Src/Lib/mx_c8t6/USB_DEVICE/Target/usbd_conf.o
                0x0000000008007602                USBD_LL_OpenEP
 .text.USBD_LL_CloseEP
                0x000000000800764e       0x3e ./Src/Lib/mx_c8t6/USB_DEVICE/Target/usbd_conf.o
                0x000000000800764e                USBD_LL_CloseEP
 .text.USBD_LL_StallEP
                0x000000000800768c       0x3e ./Src/Lib/mx_c8t6/USB_DEVICE/Target/usbd_conf.o
                0x000000000800768c                USBD_LL_StallEP
 .text.USBD_LL_ClearStallEP
                0x00000000080076ca       0x3e ./Src/Lib/mx_c8t6/USB_DEVICE/Target/usbd_conf.o
                0x00000000080076ca                USBD_LL_ClearStallEP
 .text.USBD_LL_IsStallEP
                0x0000000008007708       0x58 ./Src/Lib/mx_c8t6/USB_DEVICE/Target/usbd_conf.o
                0x0000000008007708                USBD_LL_IsStallEP
 .text.USBD_LL_SetUSBAddress
                0x0000000008007760       0x3e ./Src/Lib/mx_c8t6/USB_DEVICE/Target/usbd_conf.o
                0x0000000008007760                USBD_LL_SetUSBAddress
 .text.USBD_LL_Transmit
                0x000000000800779e       0x46 ./Src/Lib/mx_c8t6/USB_DEVICE/Target/usbd_conf.o
                0x000000000800779e                USBD_LL_Transmit
 .text.USBD_LL_PrepareReceive
                0x00000000080077e4       0x46 ./Src/Lib/mx_c8t6/USB_DEVICE/Target/usbd_conf.o
                0x00000000080077e4                USBD_LL_PrepareReceive
 .text.USBD_LL_GetRxDataSize
                0x000000000800782a       0x26 ./Src/Lib/mx_c8t6/USB_DEVICE/Target/usbd_conf.o
                0x000000000800782a                USBD_LL_GetRxDataSize
 .text.USBD_static_malloc
                0x0000000008007850       0x18 ./Src/Lib/mx_c8t6/USB_DEVICE/Target/usbd_conf.o
                0x0000000008007850                USBD_static_malloc
 .text.USBD_static_free
                0x0000000008007868       0x12 ./Src/Lib/mx_c8t6/USB_DEVICE/Target/usbd_conf.o
                0x0000000008007868                USBD_static_free
 .text.HAL_PCDEx_SetConnectionState
                0x000000000800787a       0x16 ./Src/Lib/mx_c8t6/USB_DEVICE/Target/usbd_conf.o
                0x000000000800787a                HAL_PCDEx_SetConnectionState
 .text.USBD_Get_USB_Status
                0x0000000008007890       0x58 ./Src/Lib/mx_c8t6/USB_DEVICE/Target/usbd_conf.o
 .text.main     0x00000000080078e8       0x16 ./Src/main.o
                0x00000000080078e8                main
 .text._vsnprintf_r
                0x00000000080078fe       0x56 /Applications/STM32CubeIDE.app/Contents/Eclipse/plugins/com.st.stm32cube.ide.mcu.externaltools.gnu-tools-for-stm32.11.3.rel1.macos64_1.1.100.202310310803/tools/bin/../lib/gcc/arm-none-eabi/11.3.1/../../../../arm-none-eabi/lib/thumb/v7-m/nofp/libc_nano.a(libc_a-vsnprintf.o)
                0x00000000080078fe                _vsnprintf_r
                0x00000000080078fe                _vsniprintf_r
 .text.vsnprintf
                0x0000000008007954       0x1c /Applications/STM32CubeIDE.app/Contents/Eclipse/plugins/com.st.stm32cube.ide.mcu.externaltools.gnu-tools-for-stm32.11.3.rel1.macos64_1.1.100.202310310803/tools/bin/../lib/gcc/arm-none-eabi/11.3.1/../../../../arm-none-eabi/lib/thumb/v7-m/nofp/libc_nano.a(libc_a-vsnprintf.o)
                0x0000000008007954                vsnprintf
                0x0000000008007954                vsniprintf
 .text.memset   0x0000000008007970       0x10 /Applications/STM32CubeIDE.app/Contents/Eclipse/plugins/com.st.stm32cube.ide.mcu.externaltools.gnu-tools-for-stm32.11.3.rel1.macos64_1.1.100.202310310803/tools/bin/../lib/gcc/arm-none-eabi/11.3.1/../../../../arm-none-eabi/lib/thumb/v7-m/nofp/libc_nano.a(libc_a-memset.o)
                0x0000000008007970                memset
 .text.__errno  0x0000000008007980        0xc /Applications/STM32CubeIDE.app/Contents/Eclipse/plugins/com.st.stm32cube.ide.mcu.externaltools.gnu-tools-for-stm32.11.3.rel1.macos64_1.1.100.202310310803/tools/bin/../lib/gcc/arm-none-eabi/11.3.1/../../../../arm-none-eabi/lib/thumb/v7-m/nofp/libc_nano.a(libc_a-errno.o)
                0x0000000008007980                __errno
 .text.__libc_init_array
                0x000000000800798c       0x48 /Applications/STM32CubeIDE.app/Contents/Eclipse/plugins/com.st.stm32cube.ide.mcu.externaltools.gnu-tools-for-stm32.11.3.rel1.macos64_1.1.100.202310310803/tools/bin/../lib/gcc/arm-none-eabi/11.3.1/../../../../arm-none-eabi/lib/thumb/v7-m/nofp/libc_nano.a(libc_a-init.o)
                0x000000000800798c                __libc_init_array
 .text.__retarget_lock_acquire_recursive
                0x00000000080079d4        0x2 /Applications/STM32CubeIDE.app/Contents/Eclipse/plugins/com.st.stm32cube.ide.mcu.externaltools.gnu-tools-for-stm32.11.3.rel1.macos64_1.1.100.202310310803/tools/bin/../lib/gcc/arm-none-eabi/11.3.1/../../../../arm-none-eabi/lib/thumb/v7-m/nofp/libc_nano.a(libc_a-lock.o)
                0x00000000080079d4                __retarget_lock_acquire_recursive
 .text.__retarget_lock_release_recursive
                0x00000000080079d6        0x2 /Applications/STM32CubeIDE.app/Contents/Eclipse/plugins/com.st.stm32cube.ide.mcu.externaltools.gnu-tools-for-stm32.11.3.rel1.macos64_1.1.100.202310310803/tools/bin/../lib/gcc/arm-none-eabi/11.3.1/../../../../arm-none-eabi/lib/thumb/v7-m/nofp/libc_nano.a(libc_a-lock.o)
                0x00000000080079d6                __retarget_lock_release_recursive
 .text.__ssputs_r
                0x00000000080079d8       0xb4 /Applications/STM32CubeIDE.app/Contents/Eclipse/plugins/com.st.stm32cube.ide.mcu.externaltools.gnu-tools-for-stm32.11.3.rel1.macos64_1.1.100.202310310803/tools/bin/../lib/gcc/arm-none-eabi/11.3.1/../../../../arm-none-eabi/lib/thumb/v7-m/nofp/libc_nano.a(libc_a-nano-svfprintf.o)
                0x00000000080079d8                __ssputs_r
 .text._svfprintf_r
                0x0000000008007a8c      0x1fc /Applications/STM32CubeIDE.app/Contents/Eclipse/plugins/com.st.stm32cube.ide.mcu.externaltools.gnu-tools-for-stm32.11.3.rel1.macos64_1.1.100.202310310803/tools/bin/../lib/gcc/arm-none-eabi/11.3.1/../../../../arm-none-eabi/lib/thumb/v7-m/nofp/libc_nano.a(libc_a-nano-svfprintf.o)
                0x0000000008007a8c                _svfprintf_r
                0x0000000008007a8c                _svfiprintf_r
 .text.sbrk_aligned
                0x0000000008007c88       0x40 /Applications/STM32CubeIDE.app/Contents/Eclipse/plugins/com.st.stm32cube.ide.mcu.externaltools.gnu-tools-for-stm32.11.3.rel1.macos64_1.1.100.202310310803/tools/bin/../lib/gcc/arm-none-eabi/11.3.1/../../../../arm-none-eabi/lib/thumb/v7-m/nofp/libc_nano.a(libc_a-mallocr.o)
 .text._malloc_r
                0x0000000008007cc8      0x100 /Applications/STM32CubeIDE.app/Contents/Eclipse/plugins/com.st.stm32cube.ide.mcu.externaltools.gnu-tools-for-stm32.11.3.rel1.macos64_1.1.100.202310310803/tools/bin/../lib/gcc/arm-none-eabi/11.3.1/../../../../arm-none-eabi/lib/thumb/v7-m/nofp/libc_nano.a(libc_a-mallocr.o)
                0x0000000008007cc8                _malloc_r
 .text._printf_common
                0x0000000008007dc8       0xe4 /Applications/STM32CubeIDE.app/Contents/Eclipse/plugins/com.st.stm32cube.ide.mcu.externaltools.gnu-tools-for-stm32.11.3.rel1.macos64_1.1.100.202310310803/tools/bin/../lib/gcc/arm-none-eabi/11.3.1/../../../../arm-none-eabi/lib/thumb/v7-m/nofp/libc_nano.a(libc_a-nano-vfprintf_i.o)
                0x0000000008007dc8                _printf_common
 .text._printf_i
                0x0000000008007eac      0x244 /Applications/STM32CubeIDE.app/Contents/Eclipse/plugins/com.st.stm32cube.ide.mcu.externaltools.gnu-tools-for-stm32.11.3.rel1.macos64_1.1.100.202310310803/tools/bin/../lib/gcc/arm-none-eabi/11.3.1/../../../../arm-none-eabi/lib/thumb/v7-m/nofp/libc_nano.a(libc_a-nano-vfprintf_i.o)
                0x0000000008007eac                _printf_i
 .text.__malloc_lock
                0x00000000080080f0        0xc /Applications/STM32CubeIDE.app/Contents/Eclipse/plugins/com.st.stm32cube.ide.mcu.externaltools.gnu-tools-for-stm32.11.3.rel1.macos64_1.1.100.202310310803/tools/bin/../lib/gcc/arm-none-eabi/11.3.1/../../../../arm-none-eabi/lib/thumb/v7-m/nofp/libc_nano.a(libc_a-mlock.o)
                0x00000000080080f0                __malloc_lock
 .text.__malloc_unlock
                0x00000000080080fc        0xc /Applications/STM32CubeIDE.app/Contents/Eclipse/plugins/com.st.stm32cube.ide.mcu.externaltools.gnu-tools-for-stm32.11.3.rel1.macos64_1.1.100.202310310803/tools/bin/../lib/gcc/arm-none-eabi/11.3.1/../../../../arm-none-eabi/lib/thumb/v7-m/nofp/libc_nano.a(libc_a-mlock.o)
                0x00000000080080fc                __malloc_unlock
 .text._realloc_r
                0x0000000008008108       0x5e /Applications/STM32CubeIDE.app/Contents/Eclipse/plugins/com.st.stm32cube.ide.mcu.externaltools.gnu-tools-for-stm32.11.3.rel1.macos64_1.1.100.202310310803/tools/bin/../lib/gcc/arm-none-eabi/11.3.1/../../../../arm-none-eabi/lib/thumb/v7-m/nofp/libc_nano.a(libc_a-reallocr.o)
                0x0000000008008108                _realloc_r
 .text.memmove  0x0000000008008166       0x34 /Applications/STM32CubeIDE.app/Contents/Eclipse/plugins/com.st.stm32cube.ide.mcu.externaltools.gnu-tools-for-stm32.11.3.rel1.macos64_1.1.100.202310310803/tools/bin/../lib/gcc/arm-none-eabi/11.3.1/../../../../arm-none-eabi/lib/thumb/v7-m/nofp/libc_nano.a(libc_a-memmove.o)
                0x0000000008008166                memmove
 *fill*         0x000000000800819a        0x2 
 .text._sbrk_r  0x000000000800819c       0x20 /Applications/STM32CubeIDE.app/Contents/Eclipse/plugins/com.st.stm32cube.ide.mcu.externaltools.gnu-tools-for-stm32.11.3.rel1.macos64_1.1.100.202310310803/tools/bin/../lib/gcc/arm-none-eabi/11.3.1/../../../../arm-none-eabi/lib/thumb/v7-m/nofp/libc_nano.a(libc_a-sbrkr.o)
                0x000000000800819c                _sbrk_r
 .text.memchr   0x00000000080081bc       0x1c /Applications/STM32CubeIDE.app/Contents/Eclipse/plugins/com.st.stm32cube.ide.mcu.externaltools.gnu-tools-for-stm32.11.3.rel1.macos64_1.1.100.202310310803/tools/bin/../lib/gcc/arm-none-eabi/11.3.1/../../../../arm-none-eabi/lib/thumb/v7-m/nofp/libc_nano.a(libc_a-memchr-stub.o)
                0x00000000080081bc                memchr
 .text.memcpy   0x00000000080081d8       0x1c /Applications/STM32CubeIDE.app/Contents/Eclipse/plugins/com.st.stm32cube.ide.mcu.externaltools.gnu-tools-for-stm32.11.3.rel1.macos64_1.1.100.202310310803/tools/bin/../lib/gcc/arm-none-eabi/11.3.1/../../../../arm-none-eabi/lib/thumb/v7-m/nofp/libc_nano.a(libc_a-memcpy-stub.o)
                0x00000000080081d8                memcpy
 .text._free_r  0x00000000080081f4       0x90 /Applications/STM32CubeIDE.app/Contents/Eclipse/plugins/com.st.stm32cube.ide.mcu.externaltools.gnu-tools-for-stm32.11.3.rel1.macos64_1.1.100.202310310803/tools/bin/../lib/gcc/arm-none-eabi/11.3.1/../../../../arm-none-eabi/lib/thumb/v7-m/nofp/libc_nano.a(libc_a-freer.o)
                0x00000000080081f4                _free_r
 .text._malloc_usable_size_r
                0x0000000008008284       0x10 /Applications/STM32CubeIDE.app/Contents/Eclipse/plugins/com.st.stm32cube.ide.mcu.externaltools.gnu-tools-for-stm32.11.3.rel1.macos64_1.1.100.202310310803/tools/bin/../lib/gcc/arm-none-eabi/11.3.1/../../../../arm-none-eabi/lib/thumb/v7-m/nofp/libc_nano.a(libc_a-msizer.o)
                0x0000000008008284                _malloc_usable_size_r
 *(.glue_7)
 .glue_7        0x0000000008008294        0x0 linker stubs
 *(.glue_7t)
 .glue_7t       0x0000000008008294        0x0 linker stubs
 *(.eh_frame)
 .eh_frame      0x0000000008008294        0x0 /Applications/STM32CubeIDE.app/Contents/Eclipse/plugins/com.st.stm32cube.ide.mcu.externaltools.gnu-tools-for-stm32.11.3.rel1.macos64_1.1.100.202310310803/tools/bin/../lib/gcc/arm-none-eabi/11.3.1/thumb/v7-m/nofp/crtbegin.o
 *(.init)
 .init          0x0000000008008294        0x4 /Applications/STM32CubeIDE.app/Contents/Eclipse/plugins/com.st.stm32cube.ide.mcu.externaltools.gnu-tools-for-stm32.11.3.rel1.macos64_1.1.100.202310310803/tools/bin/../lib/gcc/arm-none-eabi/11.3.1/thumb/v7-m/nofp/crti.o
                0x0000000008008294                _init
 .init          0x0000000008008298        0x8 /Applications/STM32CubeIDE.app/Contents/Eclipse/plugins/com.st.stm32cube.ide.mcu.externaltools.gnu-tools-for-stm32.11.3.rel1.macos64_1.1.100.202310310803/tools/bin/../lib/gcc/arm-none-eabi/11.3.1/thumb/v7-m/nofp/crtn.o
 *(.fini)
 .fini          0x00000000080082a0        0x4 /Applications/STM32CubeIDE.app/Contents/Eclipse/plugins/com.st.stm32cube.ide.mcu.externaltools.gnu-tools-for-stm32.11.3.rel1.macos64_1.1.100.202310310803/tools/bin/../lib/gcc/arm-none-eabi/11.3.1/thumb/v7-m/nofp/crti.o
                0x00000000080082a0                _fini
 .fini          0x00000000080082a4        0x8 /Applications/STM32CubeIDE.app/Contents/Eclipse/plugins/com.st.stm32cube.ide.mcu.externaltools.gnu-tools-for-stm32.11.3.rel1.macos64_1.1.100.202310310803/tools/bin/../lib/gcc/arm-none-eabi/11.3.1/thumb/v7-m/nofp/crtn.o
                0x00000000080082ac                . = ALIGN (0x4)
                0x00000000080082ac                _etext = .

.vfp11_veneer   0x00000000080082ac        0x0
 .vfp11_veneer  0x00000000080082ac        0x0 linker stubs

.v4_bx          0x00000000080082ac        0x0
 .v4_bx         0x00000000080082ac        0x0 linker stubs

.iplt           0x00000000080082ac        0x0
 .iplt          0x00000000080082ac        0x0 /Applications/STM32CubeIDE.app/Contents/Eclipse/plugins/com.st.stm32cube.ide.mcu.externaltools.gnu-tools-for-stm32.11.3.rel1.macos64_1.1.100.202310310803/tools/bin/../lib/gcc/arm-none-eabi/11.3.1/thumb/v7-m/nofp/crtbegin.o

.rodata         0x00000000080082ac       0xb4
                0x00000000080082ac                . = ALIGN (0x4)
 *(.rodata)
 .rodata        0x00000000080082ac       0x12 ./Src/App/src/app.o
 *fill*         0x00000000080082be        0x2 
 .rodata        0x00000000080082c0       0x46 ./Src/Lib/mx_c8t6/USB_DEVICE/App/usbd_desc.o
 *(.rodata*)
 *fill*         0x0000000008008306        0x2 
 .rodata.AHBPrescTable
                0x0000000008008308       0x10 ./Src/Device/Bsp/src/system_stm32f1xx.o
                0x0000000008008308                AHBPrescTable
 .rodata.aPLLMULFactorTable.1
                0x0000000008008318       0x10 ./Src/Lib/mx_c8t6/Drivers/STM32F1xx_HAL_Driver/Src/stm32f1xx_hal_rcc.o
 .rodata.aPredivFactorTable.0
                0x0000000008008328        0x2 ./Src/Lib/mx_c8t6/Drivers/STM32F1xx_HAL_Driver/Src/stm32f1xx_hal_rcc.o
 .rodata._svfprintf_r.str1.1
                0x000000000800832a       0x11 /Applications/STM32CubeIDE.app/Contents/Eclipse/plugins/com.st.stm32cube.ide.mcu.externaltools.gnu-tools-for-stm32.11.3.rel1.macos64_1.1.100.202310310803/tools/bin/../lib/gcc/arm-none-eabi/11.3.1/../../../../arm-none-eabi/lib/thumb/v7-m/nofp/libc_nano.a(libc_a-nano-svfprintf.o)
 .rodata._printf_i.str1.1
                0x000000000800833b       0x22 /Applications/STM32CubeIDE.app/Contents/Eclipse/plugins/com.st.stm32cube.ide.mcu.externaltools.gnu-tools-for-stm32.11.3.rel1.macos64_1.1.100.202310310803/tools/bin/../lib/gcc/arm-none-eabi/11.3.1/../../../../arm-none-eabi/lib/thumb/v7-m/nofp/libc_nano.a(libc_a-nano-vfprintf_i.o)
                0x0000000008008360                . = ALIGN (0x4)
 *fill*         0x000000000800835d        0x3 

.rel.dyn        0x0000000008008360        0x0
 .rel.iplt      0x0000000008008360        0x0 /Applications/STM32CubeIDE.app/Contents/Eclipse/plugins/com.st.stm32cube.ide.mcu.externaltools.gnu-tools-for-stm32.11.3.rel1.macos64_1.1.100.202310310803/tools/bin/../lib/gcc/arm-none-eabi/11.3.1/thumb/v7-m/nofp/crtbegin.o

.ARM.extab      0x0000000008008360        0x0
                0x0000000008008360                . = ALIGN (0x4)
 *(.ARM.extab* .gnu.linkonce.armextab.*)
                0x0000000008008360                . = ALIGN (0x4)

.ARM            0x0000000008008360        0x0
                0x0000000008008360                . = ALIGN (0x4)
                0x0000000008008360                __exidx_start = .
 *(.ARM.exidx*)
                0x0000000008008360                __exidx_end = .
                0x0000000008008360                . = ALIGN (0x4)

.preinit_array  0x0000000008008360        0x0
                0x0000000008008360                . = ALIGN (0x4)
                0x0000000008008360                PROVIDE (__preinit_array_start = .)
 *(.preinit_array*)
                0x0000000008008360                PROVIDE (__preinit_array_end = .)
                0x0000000008008360                . = ALIGN (0x4)

.init_array     0x0000000008008360        0x4
                0x0000000008008360                . = ALIGN (0x4)
                0x0000000008008360                PROVIDE (__init_array_start = .)
 *(SORT_BY_NAME(.init_array.*))
 *(.init_array*)
 .init_array    0x0000000008008360        0x4 /Applications/STM32CubeIDE.app/Contents/Eclipse/plugins/com.st.stm32cube.ide.mcu.externaltools.gnu-tools-for-stm32.11.3.rel1.macos64_1.1.100.202310310803/tools/bin/../lib/gcc/arm-none-eabi/11.3.1/thumb/v7-m/nofp/crtbegin.o
                0x0000000008008364                PROVIDE (__init_array_end = .)
                0x0000000008008364                . = ALIGN (0x4)

.fini_array     0x0000000008008364        0x4
                0x0000000008008364                . = ALIGN (0x4)
                [!provide]                        PROVIDE (__fini_array_start = .)
 *(SORT_BY_NAME(.fini_array.*))
 *(.fini_array*)
 .fini_array    0x0000000008008364        0x4 /Applications/STM32CubeIDE.app/Contents/Eclipse/plugins/com.st.stm32cube.ide.mcu.externaltools.gnu-tools-for-stm32.11.3.rel1.macos64_1.1.100.202310310803/tools/bin/../lib/gcc/arm-none-eabi/11.3.1/thumb/v7-m/nofp/crtbegin.o
                [!provide]                        PROVIDE (__fini_array_end = .)
                0x0000000008008368                . = ALIGN (0x4)
                0x0000000008008368                _sidata = LOADADDR (.data)

.data           0x0000000020000000      0x1cc load address 0x0000000008008368
                0x0000000020000000                . = ALIGN (0x4)
                0x0000000020000000                _sdata = .
 *(.data)
 *(.data*)
 .data.SystemCoreClock
                0x0000000020000000        0x4 ./Src/Device/Bsp/src/system_stm32f1xx.o
                0x0000000020000000                SystemCoreClock
 .data.uwTickPrio
                0x0000000020000004        0x4 ./Src/Lib/mx_c8t6/Drivers/STM32F1xx_HAL_Driver/Src/stm32f1xx_hal.o
                0x0000000020000004                uwTickPrio
 .data.uwTickFreq
                0x0000000020000008        0x1 ./Src/Lib/mx_c8t6/Drivers/STM32F1xx_HAL_Driver/Src/stm32f1xx_hal.o
                0x0000000020000008                uwTickFreq
 *fill*         0x0000000020000009        0x3 
 .data.USBD_CDC_DeviceQualifierDesc
                0x000000002000000c        0xa ./Src/Lib/mx_c8t6/Middlewares/ST/STM32_USB_Device_Library/Class/CDC/Src/usbd_cdc.o
 *fill*         0x0000000020000016        0x2 
 .data.USBD_CDC
                0x0000000020000018       0x38 ./Src/Lib/mx_c8t6/Middlewares/ST/STM32_USB_Device_Library/Class/CDC/Src/usbd_cdc.o
                0x0000000020000018                USBD_CDC
 .data.USBD_CDC_CfgHSDesc
                0x0000000020000050       0x43 ./Src/Lib/mx_c8t6/Middlewares/ST/STM32_USB_Device_Library/Class/CDC/Src/usbd_cdc.o
                0x0000000020000050                USBD_CDC_CfgHSDesc
 *fill*         0x0000000020000093        0x1 
 .data.USBD_CDC_CfgFSDesc
                0x0000000020000094       0x43 ./Src/Lib/mx_c8t6/Middlewares/ST/STM32_USB_Device_Library/Class/CDC/Src/usbd_cdc.o
                0x0000000020000094                USBD_CDC_CfgFSDesc
 *fill*         0x00000000200000d7        0x1 
 .data.USBD_CDC_OtherSpeedCfgDesc
                0x00000000200000d8       0x43 ./Src/Lib/mx_c8t6/Middlewares/ST/STM32_USB_Device_Library/Class/CDC/Src/usbd_cdc.o
                0x00000000200000d8                USBD_CDC_OtherSpeedCfgDesc
 *fill*         0x000000002000011b        0x1 
 .data.USBD_Interface_fops_FS
                0x000000002000011c       0x10 ./Src/Lib/mx_c8t6/USB_DEVICE/App/usbd_cdc_if.o
                0x000000002000011c                USBD_Interface_fops_FS
 .data.FS_Desc  0x000000002000012c       0x1c ./Src/Lib/mx_c8t6/USB_DEVICE/App/usbd_desc.o
                0x000000002000012c                FS_Desc
 .data.USBD_FS_DeviceDesc
                0x0000000020000148       0x12 ./Src/Lib/mx_c8t6/USB_DEVICE/App/usbd_desc.o
                0x0000000020000148                USBD_FS_DeviceDesc
 *fill*         0x000000002000015a        0x2 
 .data.USBD_LangIDDesc
                0x000000002000015c        0x4 ./Src/Lib/mx_c8t6/USB_DEVICE/App/usbd_desc.o
                0x000000002000015c                USBD_LangIDDesc
 .data.USBD_StringSerial
                0x0000000020000160       0x1a ./Src/Lib/mx_c8t6/USB_DEVICE/App/usbd_desc.o
                0x0000000020000160                USBD_StringSerial
 *fill*         0x000000002000017a        0x2 
 .data._impure_data
                0x000000002000017c       0x4c /Applications/STM32CubeIDE.app/Contents/Eclipse/plugins/com.st.stm32cube.ide.mcu.externaltools.gnu-tools-for-stm32.11.3.rel1.macos64_1.1.100.202310310803/tools/bin/../lib/gcc/arm-none-eabi/11.3.1/../../../../arm-none-eabi/lib/thumb/v7-m/nofp/libc_nano.a(libc_a-impure.o)
                0x000000002000017c                _impure_data
 .data._impure_ptr
                0x00000000200001c8        0x4 /Applications/STM32CubeIDE.app/Contents/Eclipse/plugins/com.st.stm32cube.ide.mcu.externaltools.gnu-tools-for-stm32.11.3.rel1.macos64_1.1.100.202310310803/tools/bin/../lib/gcc/arm-none-eabi/11.3.1/../../../../arm-none-eabi/lib/thumb/v7-m/nofp/libc_nano.a(libc_a-impure.o)
                0x00000000200001c8                _impure_ptr
 *(.RamFunc)
 *(.RamFunc*)
                0x00000000200001cc                . = ALIGN (0x4)
                0x00000000200001cc                _edata = .

.igot.plt       0x00000000200001cc        0x0 load address 0x0000000008008534
 .igot.plt      0x00000000200001cc        0x0 /Applications/STM32CubeIDE.app/Contents/Eclipse/plugins/com.st.stm32cube.ide.mcu.externaltools.gnu-tools-for-stm32.11.3.rel1.macos64_1.1.100.202310310803/tools/bin/../lib/gcc/arm-none-eabi/11.3.1/thumb/v7-m/nofp/crtbegin.o
                0x00000000200001cc                . = ALIGN (0x4)

.bss            0x00000000200001cc     0x1150 load address 0x0000000008008534
                0x00000000200001cc                _sbss = .
                0x00000000200001cc                __bss_start__ = _sbss
 *(.bss)
 .bss           0x00000000200001cc       0x1c /Applications/STM32CubeIDE.app/Contents/Eclipse/plugins/com.st.stm32cube.ide.mcu.externaltools.gnu-tools-for-stm32.11.3.rel1.macos64_1.1.100.202310310803/tools/bin/../lib/gcc/arm-none-eabi/11.3.1/thumb/v7-m/nofp/crtbegin.o
 *(.bss*)
 .bss.__sbrk_heap_end
                0x00000000200001e8        0x4 ./Src/Device/Bsp/src/sysmem.o
 .bss.is_open   0x00000000200001ec        0x1 ./Src/Device/Hw/driver/uart.o
 *fill*         0x00000000200001ed        0x3 
 .bss.uwTick    0x00000000200001f0        0x4 ./Src/Lib/mx_c8t6/Drivers/STM32F1xx_HAL_Driver/Src/stm32f1xx_hal.o
                0x00000000200001f0                uwTick
 .bss.cfgidx.0  0x00000000200001f4        0x1 ./Src/Lib/mx_c8t6/Middlewares/ST/STM32_USB_Device_Library/Core/Src/usbd_ctlreq.o
 *fill*         0x00000000200001f5        0x3 
 .bss.hUsbDeviceFS
                0x00000000200001f8      0x2c4 ./Src/Lib/mx_c8t6/USB_DEVICE/App/usb_device.o
                0x00000000200001f8                hUsbDeviceFS
 .bss.rx_in     0x00000000200004bc        0x4 ./Src/Lib/mx_c8t6/USB_DEVICE/App/usbd_cdc_if.o
                0x00000000200004bc                rx_in
 .bss.rx_out    0x00000000200004c0        0x4 ./Src/Lib/mx_c8t6/USB_DEVICE/App/usbd_cdc_if.o
                0x00000000200004c0                rx_out
 .bss.rx_buf    0x00000000200004c4      0x200 ./Src/Lib/mx_c8t6/USB_DEVICE/App/usbd_cdc_if.o
                0x00000000200004c4                rx_buf
 .bss.UserRxBufferFS
                0x00000000200006c4      0x200 ./Src/Lib/mx_c8t6/USB_DEVICE/App/usbd_cdc_if.o
                0x00000000200006c4                UserRxBufferFS
 .bss.UserTxBufferFS
                0x00000000200008c4      0x200 ./Src/Lib/mx_c8t6/USB_DEVICE/App/usbd_cdc_if.o
                0x00000000200008c4                UserTxBufferFS
 .bss.USBD_StrDesc
                0x0000000020000ac4      0x200 ./Src/Lib/mx_c8t6/USB_DEVICE/App/usbd_desc.o
                0x0000000020000ac4                USBD_StrDesc
 .bss.hpcd_USB_FS
                0x0000000020000cc4      0x2f0 ./Src/Lib/mx_c8t6/USB_DEVICE/Target/usbd_conf.o
                0x0000000020000cc4                hpcd_USB_FS
 .bss.mem.0     0x0000000020000fb4      0x220 ./Src/Lib/mx_c8t6/USB_DEVICE/Target/usbd_conf.o
 .bss.__sf      0x00000000200011d4      0x138 /Applications/STM32CubeIDE.app/Contents/Eclipse/plugins/com.st.stm32cube.ide.mcu.externaltools.gnu-tools-for-stm32.11.3.rel1.macos64_1.1.100.202310310803/tools/bin/../lib/gcc/arm-none-eabi/11.3.1/../../../../arm-none-eabi/lib/thumb/v7-m/nofp/libc_nano.a(libc_a-findfp.o)
                0x00000000200011d4                __sf
 .bss.__lock___malloc_recursive_mutex
                0x000000002000130c        0x1 /Applications/STM32CubeIDE.app/Contents/Eclipse/plugins/com.st.stm32cube.ide.mcu.externaltools.gnu-tools-for-stm32.11.3.rel1.macos64_1.1.100.202310310803/tools/bin/../lib/gcc/arm-none-eabi/11.3.1/../../../../arm-none-eabi/lib/thumb/v7-m/nofp/libc_nano.a(libc_a-lock.o)
                0x000000002000130c                __lock___malloc_recursive_mutex
 *fill*         0x000000002000130d        0x3 
 .bss.__malloc_free_list
                0x0000000020001310        0x4 /Applications/STM32CubeIDE.app/Contents/Eclipse/plugins/com.st.stm32cube.ide.mcu.externaltools.gnu-tools-for-stm32.11.3.rel1.macos64_1.1.100.202310310803/tools/bin/../lib/gcc/arm-none-eabi/11.3.1/../../../../arm-none-eabi/lib/thumb/v7-m/nofp/libc_nano.a(libc_a-mallocr.o)
                0x0000000020001310                __malloc_free_list
 .bss.__malloc_sbrk_start
                0x0000000020001314        0x4 /Applications/STM32CubeIDE.app/Contents/Eclipse/plugins/com.st.stm32cube.ide.mcu.externaltools.gnu-tools-for-stm32.11.3.rel1.macos64_1.1.100.202310310803/tools/bin/../lib/gcc/arm-none-eabi/11.3.1/../../../../arm-none-eabi/lib/thumb/v7-m/nofp/libc_nano.a(libc_a-mallocr.o)
                0x0000000020001314                __malloc_sbrk_start
 .bss.errno     0x0000000020001318        0x4 /Applications/STM32CubeIDE.app/Contents/Eclipse/plugins/com.st.stm32cube.ide.mcu.externaltools.gnu-tools-for-stm32.11.3.rel1.macos64_1.1.100.202310310803/tools/bin/../lib/gcc/arm-none-eabi/11.3.1/../../../../arm-none-eabi/lib/thumb/v7-m/nofp/libc_nano.a(libc_a-reent.o)
                0x0000000020001318                errno
 *(COMMON)
                0x000000002000131c                . = ALIGN (0x4)
                0x000000002000131c                _ebss = .
                0x000000002000131c                __bss_end__ = _ebss

._user_heap_stack
                0x000000002000131c      0x604 load address 0x0000000008008534
                0x0000000020001320                . = ALIGN (0x8)
 *fill*         0x000000002000131c        0x4 
                [!provide]                        PROVIDE (end = .)
                0x0000000020001320                PROVIDE (_end = .)
                0x0000000020001520                . = (. + _Min_Heap_Size)
 *fill*         0x0000000020001320      0x200 
                0x0000000020001920                . = (. + _Min_Stack_Size)
 *fill*         0x0000000020001520      0x400 
                0x0000000020001920                . = ALIGN (0x8)

/DISCARD/
 libc.a(*)
 libm.a(*)
 libgcc.a(*)

.ARM.attributes
                0x0000000000000000       0x29
 *(.ARM.attributes)
 .ARM.attributes
                0x0000000000000000       0x1d /Applications/STM32CubeIDE.app/Contents/Eclipse/plugins/com.st.stm32cube.ide.mcu.externaltools.gnu-tools-for-stm32.11.3.rel1.macos64_1.1.100.202310310803/tools/bin/../lib/gcc/arm-none-eabi/11.3.1/thumb/v7-m/nofp/crti.o
 .ARM.attributes
                0x000000000000001d       0x2d /Applications/STM32CubeIDE.app/Contents/Eclipse/plugins/com.st.stm32cube.ide.mcu.externaltools.gnu-tools-for-stm32.11.3.rel1.macos64_1.1.100.202310310803/tools/bin/../lib/gcc/arm-none-eabi/11.3.1/thumb/v7-m/nofp/crtbegin.o
 .ARM.attributes
                0x000000000000004a       0x2d ./Src/App/src/app.o
 .ARM.attributes
                0x0000000000000077       0x2d ./Src/Device/Bsp/src/bsp.o
 .ARM.attributes
                0x00000000000000a4       0x2d ./Src/Device/Bsp/src/stm32f1xx_hal_msp.o
 .ARM.attributes
                0x00000000000000d1       0x2d ./Src/Device/Bsp/src/stm32f1xx_it.o
 .ARM.attributes
                0x00000000000000fe       0x2d ./Src/Device/Bsp/src/sysmem.o
 .ARM.attributes
                0x000000000000012b       0x2d ./Src/Device/Bsp/src/system_stm32f1xx.o
 .ARM.attributes
                0x0000000000000158       0x21 ./Src/Device/Bsp/startup/startup_stm32f103c8tx.o
 .ARM.attributes
                0x0000000000000179       0x2d ./Src/Device/Hw/driver/uart.o
 .ARM.attributes
                0x00000000000001a6       0x2d ./Src/Device/Hw/src/hw.o
 .ARM.attributes
                0x00000000000001d3       0x2d ./Src/Lib/mx_c8t6/Drivers/STM32F1xx_HAL_Driver/Src/stm32f1xx_hal.o
 .ARM.attributes
                0x0000000000000200       0x2d ./Src/Lib/mx_c8t6/Drivers/STM32F1xx_HAL_Driver/Src/stm32f1xx_hal_cortex.o
 .ARM.attributes
                0x000000000000022d       0x2d ./Src/Lib/mx_c8t6/Drivers/STM32F1xx_HAL_Driver/Src/stm32f1xx_hal_gpio.o
 .ARM.attributes
                0x000000000000025a       0x2d ./Src/Lib/mx_c8t6/Drivers/STM32F1xx_HAL_Driver/Src/stm32f1xx_hal_pcd.o
 .ARM.attributes
                0x0000000000000287       0x2d ./Src/Lib/mx_c8t6/Drivers/STM32F1xx_HAL_Driver/Src/stm32f1xx_hal_pcd_ex.o
 .ARM.attributes
                0x00000000000002b4       0x2d ./Src/Lib/mx_c8t6/Drivers/STM32F1xx_HAL_Driver/Src/stm32f1xx_hal_rcc.o
 .ARM.attributes
                0x00000000000002e1       0x2d ./Src/Lib/mx_c8t6/Drivers/STM32F1xx_HAL_Driver/Src/stm32f1xx_hal_rcc_ex.o
 .ARM.attributes
                0x000000000000030e       0x2d ./Src/Lib/mx_c8t6/Drivers/STM32F1xx_HAL_Driver/Src/stm32f1xx_ll_usb.o
 .ARM.attributes
                0x000000000000033b       0x2d ./Src/Lib/mx_c8t6/Middlewares/ST/STM32_USB_Device_Library/Class/CDC/Src/usbd_cdc.o
 .ARM.attributes
                0x0000000000000368       0x2d ./Src/Lib/mx_c8t6/Middlewares/ST/STM32_USB_Device_Library/Core/Src/usbd_core.o
 .ARM.attributes
                0x0000000000000395       0x2d ./Src/Lib/mx_c8t6/Middlewares/ST/STM32_USB_Device_Library/Core/Src/usbd_ctlreq.o
 .ARM.attributes
                0x00000000000003c2       0x2d ./Src/Lib/mx_c8t6/Middlewares/ST/STM32_USB_Device_Library/Core/Src/usbd_ioreq.o
 .ARM.attributes
                0x00000000000003ef       0x2d ./Src/Lib/mx_c8t6/USB_DEVICE/App/usb_device.o
 .ARM.attributes
                0x000000000000041c       0x2d ./Src/Lib/mx_c8t6/USB_DEVICE/App/usbd_cdc_if.o
 .ARM.attributes
                0x0000000000000449       0x2d ./Src/Lib/mx_c8t6/USB_DEVICE/App/usbd_desc.o
 .ARM.attributes
                0x0000000000000476       0x2d ./Src/Lib/mx_c8t6/USB_DEVICE/Target/usbd_conf.o
 .ARM.attributes
                0x00000000000004a3       0x2d ./Src/main.o
 .ARM.attributes
                0x00000000000004d0       0x2d /Applications/STM32CubeIDE.app/Contents/Eclipse/plugins/com.st.stm32cube.ide.mcu.externaltools.gnu-tools-for-stm32.11.3.rel1.macos64_1.1.100.202310310803/tools/bin/../lib/gcc/arm-none-eabi/11.3.1/../../../../arm-none-eabi/lib/thumb/v7-m/nofp/libc_nano.a(libc_a-findfp.o)
 .ARM.attributes
                0x00000000000004fd       0x2d /Applications/STM32CubeIDE.app/Contents/Eclipse/plugins/com.st.stm32cube.ide.mcu.externaltools.gnu-tools-for-stm32.11.3.rel1.macos64_1.1.100.202310310803/tools/bin/../lib/gcc/arm-none-eabi/11.3.1/../../../../arm-none-eabi/lib/thumb/v7-m/nofp/libc_nano.a(libc_a-vsnprintf.o)
 .ARM.attributes
                0x000000000000052a       0x2d /Applications/STM32CubeIDE.app/Contents/Eclipse/plugins/com.st.stm32cube.ide.mcu.externaltools.gnu-tools-for-stm32.11.3.rel1.macos64_1.1.100.202310310803/tools/bin/../lib/gcc/arm-none-eabi/11.3.1/../../../../arm-none-eabi/lib/thumb/v7-m/nofp/libc_nano.a(libc_a-memset.o)
 .ARM.attributes
                0x0000000000000557       0x2d /Applications/STM32CubeIDE.app/Contents/Eclipse/plugins/com.st.stm32cube.ide.mcu.externaltools.gnu-tools-for-stm32.11.3.rel1.macos64_1.1.100.202310310803/tools/bin/../lib/gcc/arm-none-eabi/11.3.1/../../../../arm-none-eabi/lib/thumb/v7-m/nofp/libc_nano.a(libc_a-impure.o)
 .ARM.attributes
                0x0000000000000584       0x2d /Applications/STM32CubeIDE.app/Contents/Eclipse/plugins/com.st.stm32cube.ide.mcu.externaltools.gnu-tools-for-stm32.11.3.rel1.macos64_1.1.100.202310310803/tools/bin/../lib/gcc/arm-none-eabi/11.3.1/../../../../arm-none-eabi/lib/thumb/v7-m/nofp/libc_nano.a(libc_a-errno.o)
 .ARM.attributes
                0x00000000000005b1       0x2d /Applications/STM32CubeIDE.app/Contents/Eclipse/plugins/com.st.stm32cube.ide.mcu.externaltools.gnu-tools-for-stm32.11.3.rel1.macos64_1.1.100.202310310803/tools/bin/../lib/gcc/arm-none-eabi/11.3.1/../../../../arm-none-eabi/lib/thumb/v7-m/nofp/libc_nano.a(libc_a-init.o)
 .ARM.attributes
                0x00000000000005de       0x2d /Applications/STM32CubeIDE.app/Contents/Eclipse/plugins/com.st.stm32cube.ide.mcu.externaltools.gnu-tools-for-stm32.11.3.rel1.macos64_1.1.100.202310310803/tools/bin/../lib/gcc/arm-none-eabi/11.3.1/../../../../arm-none-eabi/lib/thumb/v7-m/nofp/libc_nano.a(libc_a-lock.o)
 .ARM.attributes
                0x000000000000060b       0x2d /Applications/STM32CubeIDE.app/Contents/Eclipse/plugins/com.st.stm32cube.ide.mcu.externaltools.gnu-tools-for-stm32.11.3.rel1.macos64_1.1.100.202310310803/tools/bin/../lib/gcc/arm-none-eabi/11.3.1/../../../../arm-none-eabi/lib/thumb/v7-m/nofp/libc_nano.a(libc_a-nano-svfprintf.o)
 .ARM.attributes
                0x0000000000000638       0x2d /Applications/STM32CubeIDE.app/Contents/Eclipse/plugins/com.st.stm32cube.ide.mcu.externaltools.gnu-tools-for-stm32.11.3.rel1.macos64_1.1.100.202310310803/tools/bin/../lib/gcc/arm-none-eabi/11.3.1/../../../../arm-none-eabi/lib/thumb/v7-m/nofp/libc_nano.a(libc_a-mallocr.o)
 .ARM.attributes
                0x0000000000000665       0x2d /Applications/STM32CubeIDE.app/Contents/Eclipse/plugins/com.st.stm32cube.ide.mcu.externaltools.gnu-tools-for-stm32.11.3.rel1.macos64_1.1.100.202310310803/tools/bin/../lib/gcc/arm-none-eabi/11.3.1/../../../../arm-none-eabi/lib/thumb/v7-m/nofp/libc_nano.a(libc_a-nano-vfprintf_i.o)
 .ARM.attributes
                0x0000000000000692       0x2d /Applications/STM32CubeIDE.app/Contents/Eclipse/plugins/com.st.stm32cube.ide.mcu.externaltools.gnu-tools-for-stm32.11.3.rel1.macos64_1.1.100.202310310803/tools/bin/../lib/gcc/arm-none-eabi/11.3.1/../../../../arm-none-eabi/lib/thumb/v7-m/nofp/libc_nano.a(libc_a-mlock.o)
 .ARM.attributes
                0x00000000000006bf       0x2d /Applications/STM32CubeIDE.app/Contents/Eclipse/plugins/com.st.stm32cube.ide.mcu.externaltools.gnu-tools-for-stm32.11.3.rel1.macos64_1.1.100.202310310803/tools/bin/../lib/gcc/arm-none-eabi/11.3.1/../../../../arm-none-eabi/lib/thumb/v7-m/nofp/libc_nano.a(libc_a-reallocr.o)
 .ARM.attributes
                0x00000000000006ec       0x2d /Applications/STM32CubeIDE.app/Contents/Eclipse/plugins/com.st.stm32cube.ide.mcu.externaltools.gnu-tools-for-stm32.11.3.rel1.macos64_1.1.100.202310310803/tools/bin/../lib/gcc/arm-none-eabi/11.3.1/../../../../arm-none-eabi/lib/thumb/v7-m/nofp/libc_nano.a(libc_a-memmove.o)
 .ARM.attributes
                0x0000000000000719       0x2d /Applications/STM32CubeIDE.app/Contents/Eclipse/plugins/com.st.stm32cube.ide.mcu.externaltools.gnu-tools-for-stm32.11.3.rel1.macos64_1.1.100.202310310803/tools/bin/../lib/gcc/arm-none-eabi/11.3.1/../../../../arm-none-eabi/lib/thumb/v7-m/nofp/libc_nano.a(libc_a-reent.o)
 .ARM.attributes
                0x0000000000000746       0x2d /Applications/STM32CubeIDE.app/Contents/Eclipse/plugins/com.st.stm32cube.ide.mcu.externaltools.gnu-tools-for-stm32.11.3.rel1.macos64_1.1.100.202310310803/tools/bin/../lib/gcc/arm-none-eabi/11.3.1/../../../../arm-none-eabi/lib/thumb/v7-m/nofp/libc_nano.a(libc_a-sbrkr.o)
 .ARM.attributes
                0x0000000000000773       0x2d /Applications/STM32CubeIDE.app/Contents/Eclipse/plugins/com.st.stm32cube.ide.mcu.externaltools.gnu-tools-for-stm32.11.3.rel1.macos64_1.1.100.202310310803/tools/bin/../lib/gcc/arm-none-eabi/11.3.1/../../../../arm-none-eabi/lib/thumb/v7-m/nofp/libc_nano.a(libc_a-memchr-stub.o)
 .ARM.attributes
                0x00000000000007a0       0x2d /Applications/STM32CubeIDE.app/Contents/Eclipse/plugins/com.st.stm32cube.ide.mcu.externaltools.gnu-tools-for-stm32.11.3.rel1.macos64_1.1.100.202310310803/tools/bin/../lib/gcc/arm-none-eabi/11.3.1/../../../../arm-none-eabi/lib/thumb/v7-m/nofp/libc_nano.a(libc_a-memcpy-stub.o)
 .ARM.attributes
                0x00000000000007cd       0x2d /Applications/STM32CubeIDE.app/Contents/Eclipse/plugins/com.st.stm32cube.ide.mcu.externaltools.gnu-tools-for-stm32.11.3.rel1.macos64_1.1.100.202310310803/tools/bin/../lib/gcc/arm-none-eabi/11.3.1/../../../../arm-none-eabi/lib/thumb/v7-m/nofp/libc_nano.a(libc_a-freer.o)
 .ARM.attributes
                0x00000000000007fa       0x2d /Applications/STM32CubeIDE.app/Contents/Eclipse/plugins/com.st.stm32cube.ide.mcu.externaltools.gnu-tools-for-stm32.11.3.rel1.macos64_1.1.100.202310310803/tools/bin/../lib/gcc/arm-none-eabi/11.3.1/../../../../arm-none-eabi/lib/thumb/v7-m/nofp/libc_nano.a(libc_a-msizer.o)
 .ARM.attributes
                0x0000000000000827       0x1d /Applications/STM32CubeIDE.app/Contents/Eclipse/plugins/com.st.stm32cube.ide.mcu.externaltools.gnu-tools-for-stm32.11.3.rel1.macos64_1.1.100.202310310803/tools/bin/../lib/gcc/arm-none-eabi/11.3.1/thumb/v7-m/nofp/crtn.o
OUTPUT(PRJ_c8t6.elf elf32-littlearm)
LOAD linker stubs
LOAD /Applications/STM32CubeIDE.app/Contents/Eclipse/plugins/com.st.stm32cube.ide.mcu.externaltools.gnu-tools-for-stm32.11.3.rel1.macos64_1.1.100.202310310803/tools/bin/../lib/gcc/arm-none-eabi/11.3.1/../../../../arm-none-eabi/lib/thumb/v7-m/nofp/libc.a
LOAD /Applications/STM32CubeIDE.app/Contents/Eclipse/plugins/com.st.stm32cube.ide.mcu.externaltools.gnu-tools-for-stm32.11.3.rel1.macos64_1.1.100.202310310803/tools/bin/../lib/gcc/arm-none-eabi/11.3.1/../../../../arm-none-eabi/lib/thumb/v7-m/nofp/libm.a
LOAD /Applications/STM32CubeIDE.app/Contents/Eclipse/plugins/com.st.stm32cube.ide.mcu.externaltools.gnu-tools-for-stm32.11.3.rel1.macos64_1.1.100.202310310803/tools/bin/../lib/gcc/arm-none-eabi/11.3.1/thumb/v7-m/nofp/libgcc.a

.comment        0x0000000000000000       0x43
 .comment       0x0000000000000000       0x43 /Applications/STM32CubeIDE.app/Contents/Eclipse/plugins/com.st.stm32cube.ide.mcu.externaltools.gnu-tools-for-stm32.11.3.rel1.macos64_1.1.100.202310310803/tools/bin/../lib/gcc/arm-none-eabi/11.3.1/thumb/v7-m/nofp/crtbegin.o
                                         0x44 (size before relaxing)
 .comment       0x0000000000000043       0x44 ./Src/App/src/app.o
 .comment       0x0000000000000043       0x44 ./Src/Device/Bsp/src/bsp.o
 .comment       0x0000000000000043       0x44 ./Src/Device/Bsp/src/stm32f1xx_hal_msp.o
 .comment       0x0000000000000043       0x44 ./Src/Device/Bsp/src/stm32f1xx_it.o
 .comment       0x0000000000000043       0x44 ./Src/Device/Bsp/src/sysmem.o
 .comment       0x0000000000000043       0x44 ./Src/Device/Bsp/src/system_stm32f1xx.o
 .comment       0x0000000000000043       0x44 ./Src/Device/Hw/driver/uart.o
 .comment       0x0000000000000043       0x44 ./Src/Device/Hw/src/hw.o
 .comment       0x0000000000000043       0x44 ./Src/Lib/mx_c8t6/Drivers/STM32F1xx_HAL_Driver/Src/stm32f1xx_hal.o
 .comment       0x0000000000000043       0x44 ./Src/Lib/mx_c8t6/Drivers/STM32F1xx_HAL_Driver/Src/stm32f1xx_hal_cortex.o
 .comment       0x0000000000000043       0x44 ./Src/Lib/mx_c8t6/Drivers/STM32F1xx_HAL_Driver/Src/stm32f1xx_hal_gpio.o
 .comment       0x0000000000000043       0x44 ./Src/Lib/mx_c8t6/Drivers/STM32F1xx_HAL_Driver/Src/stm32f1xx_hal_pcd.o
 .comment       0x0000000000000043       0x44 ./Src/Lib/mx_c8t6/Drivers/STM32F1xx_HAL_Driver/Src/stm32f1xx_hal_pcd_ex.o
 .comment       0x0000000000000043       0x44 ./Src/Lib/mx_c8t6/Drivers/STM32F1xx_HAL_Driver/Src/stm32f1xx_hal_rcc.o
 .comment       0x0000000000000043       0x44 ./Src/Lib/mx_c8t6/Drivers/STM32F1xx_HAL_Driver/Src/stm32f1xx_hal_rcc_ex.o
 .comment       0x0000000000000043       0x44 ./Src/Lib/mx_c8t6/Drivers/STM32F1xx_HAL_Driver/Src/stm32f1xx_ll_usb.o
 .comment       0x0000000000000043       0x44 ./Src/Lib/mx_c8t6/Middlewares/ST/STM32_USB_Device_Library/Class/CDC/Src/usbd_cdc.o
 .comment       0x0000000000000043       0x44 ./Src/Lib/mx_c8t6/Middlewares/ST/STM32_USB_Device_Library/Core/Src/usbd_core.o
 .comment       0x0000000000000043       0x44 ./Src/Lib/mx_c8t6/Middlewares/ST/STM32_USB_Device_Library/Core/Src/usbd_ctlreq.o
 .comment       0x0000000000000043       0x44 ./Src/Lib/mx_c8t6/Middlewares/ST/STM32_USB_Device_Library/Core/Src/usbd_ioreq.o
 .comment       0x0000000000000043       0x44 ./Src/Lib/mx_c8t6/USB_DEVICE/App/usb_device.o
 .comment       0x0000000000000043       0x44 ./Src/Lib/mx_c8t6/USB_DEVICE/App/usbd_cdc_if.o
 .comment       0x0000000000000043       0x44 ./Src/Lib/mx_c8t6/USB_DEVICE/App/usbd_desc.o
 .comment       0x0000000000000043       0x44 ./Src/Lib/mx_c8t6/USB_DEVICE/Target/usbd_conf.o
 .comment       0x0000000000000043       0x44 ./Src/main.o

.debug_info     0x0000000000000000     0xc5db
 .debug_info    0x0000000000000000      0x265 ./Src/App/src/app.o
 .debug_info    0x0000000000000265      0x52f ./Src/Device/Bsp/src/bsp.o
 .debug_info    0x0000000000000794      0x1f8 ./Src/Device/Bsp/src/stm32f1xx_hal_msp.o
 .debug_info    0x000000000000098c      0x5fc ./Src/Device/Bsp/src/stm32f1xx_it.o
 .debug_info    0x0000000000000f88      0x168 ./Src/Device/Bsp/src/sysmem.o
 .debug_info    0x00000000000010f0      0x21b ./Src/Device/Bsp/src/system_stm32f1xx.o
 .debug_info    0x000000000000130b       0x23 ./Src/Device/Bsp/startup/startup_stm32f103c8tx.o
 .debug_info    0x000000000000132e      0x32c ./Src/Device/Hw/driver/uart.o
 .debug_info    0x000000000000165a       0xac ./Src/Device/Hw/src/hw.o
 .debug_info    0x0000000000001706      0x704 ./Src/Lib/mx_c8t6/Drivers/STM32F1xx_HAL_Driver/Src/stm32f1xx_hal.o
 .debug_info    0x0000000000001e0a      0xa87 ./Src/Lib/mx_c8t6/Drivers/STM32F1xx_HAL_Driver/Src/stm32f1xx_hal_cortex.o
 .debug_info    0x0000000000002891      0x5ab ./Src/Lib/mx_c8t6/Drivers/STM32F1xx_HAL_Driver/Src/stm32f1xx_hal_gpio.o
 .debug_info    0x0000000000002e3c     0x16cf ./Src/Lib/mx_c8t6/Drivers/STM32F1xx_HAL_Driver/Src/stm32f1xx_hal_pcd.o
 .debug_info    0x000000000000450b      0x6b6 ./Src/Lib/mx_c8t6/Drivers/STM32F1xx_HAL_Driver/Src/stm32f1xx_hal_pcd_ex.o
 .debug_info    0x0000000000004bc1      0x7d5 ./Src/Lib/mx_c8t6/Drivers/STM32F1xx_HAL_Driver/Src/stm32f1xx_hal_rcc.o
 .debug_info    0x0000000000005396      0x3c0 ./Src/Lib/mx_c8t6/Drivers/STM32F1xx_HAL_Driver/Src/stm32f1xx_hal_rcc_ex.o
 .debug_info    0x0000000000005756     0x17a2 ./Src/Lib/mx_c8t6/Drivers/STM32F1xx_HAL_Driver/Src/stm32f1xx_ll_usb.o
 .debug_info    0x0000000000006ef8     0x1036 ./Src/Lib/mx_c8t6/Middlewares/ST/STM32_USB_Device_Library/Class/CDC/Src/usbd_cdc.o
 .debug_info    0x0000000000007f2e      0xa52 ./Src/Lib/mx_c8t6/Middlewares/ST/STM32_USB_Device_Library/Core/Src/usbd_core.o
 .debug_info    0x0000000000008980      0x91c ./Src/Lib/mx_c8t6/Middlewares/ST/STM32_USB_Device_Library/Core/Src/usbd_ctlreq.o
 .debug_info    0x000000000000929c      0x6a0 ./Src/Lib/mx_c8t6/Middlewares/ST/STM32_USB_Device_Library/Core/Src/usbd_ioreq.o
 .debug_info    0x000000000000993c      0x63d ./Src/Lib/mx_c8t6/USB_DEVICE/App/usb_device.o
 .debug_info    0x0000000000009f79      0x917 ./Src/Lib/mx_c8t6/USB_DEVICE/App/usbd_cdc_if.o
 .debug_info    0x000000000000a890      0x44a ./Src/Lib/mx_c8t6/USB_DEVICE/App/usbd_desc.o
 .debug_info    0x000000000000acda     0x1857 ./Src/Lib/mx_c8t6/USB_DEVICE/Target/usbd_conf.o
 .debug_info    0x000000000000c531       0xaa ./Src/main.o

.debug_abbrev   0x0000000000000000     0x2e00
 .debug_abbrev  0x0000000000000000      0x170 ./Src/App/src/app.o
 .debug_abbrev  0x0000000000000170      0x1bf ./Src/Device/Bsp/src/bsp.o
 .debug_abbrev  0x000000000000032f       0xdb ./Src/Device/Bsp/src/stm32f1xx_hal_msp.o
 .debug_abbrev  0x000000000000040a      0x192 ./Src/Device/Bsp/src/stm32f1xx_it.o
 .debug_abbrev  0x000000000000059c       0xbc ./Src/Device/Bsp/src/sysmem.o
 .debug_abbrev  0x0000000000000658      0x13f ./Src/Device/Bsp/src/system_stm32f1xx.o
 .debug_abbrev  0x0000000000000797       0x12 ./Src/Device/Bsp/startup/startup_stm32f103c8tx.o
 .debug_abbrev  0x00000000000007a9      0x178 ./Src/Device/Hw/driver/uart.o
 .debug_abbrev  0x0000000000000921       0x6d ./Src/Device/Hw/src/hw.o
 .debug_abbrev  0x000000000000098e      0x201 ./Src/Lib/mx_c8t6/Drivers/STM32F1xx_HAL_Driver/Src/stm32f1xx_hal.o
 .debug_abbrev  0x0000000000000b8f      0x2f8 ./Src/Lib/mx_c8t6/Drivers/STM32F1xx_HAL_Driver/Src/stm32f1xx_hal_cortex.o
 .debug_abbrev  0x0000000000000e87      0x1ca ./Src/Lib/mx_c8t6/Drivers/STM32F1xx_HAL_Driver/Src/stm32f1xx_hal_gpio.o
 .debug_abbrev  0x0000000000001051      0x2d6 ./Src/Lib/mx_c8t6/Drivers/STM32F1xx_HAL_Driver/Src/stm32f1xx_hal_pcd.o
 .debug_abbrev  0x0000000000001327      0x189 ./Src/Lib/mx_c8t6/Drivers/STM32F1xx_HAL_Driver/Src/stm32f1xx_hal_pcd_ex.o
 .debug_abbrev  0x00000000000014b0      0x2b3 ./Src/Lib/mx_c8t6/Drivers/STM32F1xx_HAL_Driver/Src/stm32f1xx_hal_rcc.o
 .debug_abbrev  0x0000000000001763      0x188 ./Src/Lib/mx_c8t6/Drivers/STM32F1xx_HAL_Driver/Src/stm32f1xx_hal_rcc_ex.o
 .debug_abbrev  0x00000000000018eb      0x1de ./Src/Lib/mx_c8t6/Drivers/STM32F1xx_HAL_Driver/Src/stm32f1xx_ll_usb.o
 .debug_abbrev  0x0000000000001ac9      0x2d3 ./Src/Lib/mx_c8t6/Middlewares/ST/STM32_USB_Device_Library/Class/CDC/Src/usbd_cdc.o
 .debug_abbrev  0x0000000000001d9c      0x24a ./Src/Lib/mx_c8t6/Middlewares/ST/STM32_USB_Device_Library/Core/Src/usbd_core.o
 .debug_abbrev  0x0000000000001fe6      0x26b ./Src/Lib/mx_c8t6/Middlewares/ST/STM32_USB_Device_Library/Core/Src/usbd_ctlreq.o
 .debug_abbrev  0x0000000000002251      0x192 ./Src/Lib/mx_c8t6/Middlewares/ST/STM32_USB_Device_Library/Core/Src/usbd_ioreq.o
 .debug_abbrev  0x00000000000023e3      0x18d ./Src/Lib/mx_c8t6/USB_DEVICE/App/usb_device.o
 .debug_abbrev  0x0000000000002570      0x320 ./Src/Lib/mx_c8t6/USB_DEVICE/App/usbd_cdc_if.o
 .debug_abbrev  0x0000000000002890      0x1ff ./Src/Lib/mx_c8t6/USB_DEVICE/App/usbd_desc.o
 .debug_abbrev  0x0000000000002a8f      0x316 ./Src/Lib/mx_c8t6/USB_DEVICE/Target/usbd_conf.o
 .debug_abbrev  0x0000000000002da5       0x5b ./Src/main.o

.debug_aranges  0x0000000000000000      0xb68
 .debug_aranges
                0x0000000000000000       0x38 ./Src/App/src/app.o
 .debug_aranges
                0x0000000000000038       0x30 ./Src/Device/Bsp/src/bsp.o
 .debug_aranges
                0x0000000000000068       0x20 ./Src/Device/Bsp/src/stm32f1xx_hal_msp.o
 .debug_aranges
                0x0000000000000088       0x68 ./Src/Device/Bsp/src/stm32f1xx_it.o
 .debug_aranges
                0x00000000000000f0       0x20 ./Src/Device/Bsp/src/sysmem.o
 .debug_aranges
                0x0000000000000110       0x28 ./Src/Device/Bsp/src/system_stm32f1xx.o
 .debug_aranges
                0x0000000000000138       0x28 ./Src/Device/Bsp/startup/startup_stm32f103c8tx.o
 .debug_aranges
                0x0000000000000160       0x48 ./Src/Device/Hw/driver/uart.o
 .debug_aranges
                0x00000000000001a8       0x20 ./Src/Device/Hw/src/hw.o
 .debug_aranges
                0x00000000000001c8       0xe0 ./Src/Lib/mx_c8t6/Drivers/STM32F1xx_HAL_Driver/Src/stm32f1xx_hal.o
 .debug_aranges
                0x00000000000002a8      0x100 ./Src/Lib/mx_c8t6/Drivers/STM32F1xx_HAL_Driver/Src/stm32f1xx_hal_cortex.o
 .debug_aranges
                0x00000000000003a8       0x58 ./Src/Lib/mx_c8t6/Drivers/STM32F1xx_HAL_Driver/Src/stm32f1xx_hal_gpio.o
 .debug_aranges
                0x0000000000000400      0x140 ./Src/Lib/mx_c8t6/Drivers/STM32F1xx_HAL_Driver/Src/stm32f1xx_hal_pcd.o
 .debug_aranges
                0x0000000000000540       0x38 ./Src/Lib/mx_c8t6/Drivers/STM32F1xx_HAL_Driver/Src/stm32f1xx_hal_pcd_ex.o
 .debug_aranges
                0x0000000000000578       0x90 ./Src/Lib/mx_c8t6/Drivers/STM32F1xx_HAL_Driver/Src/stm32f1xx_hal_rcc.o
 .debug_aranges
                0x0000000000000608       0x30 ./Src/Lib/mx_c8t6/Drivers/STM32F1xx_HAL_Driver/Src/stm32f1xx_hal_rcc_ex.o
 .debug_aranges
                0x0000000000000638       0xf8 ./Src/Lib/mx_c8t6/Drivers/STM32F1xx_HAL_Driver/Src/stm32f1xx_ll_usb.o
 .debug_aranges
                0x0000000000000730       0x90 ./Src/Lib/mx_c8t6/Middlewares/ST/STM32_USB_Device_Library/Class/CDC/Src/usbd_cdc.o
 .debug_aranges
                0x00000000000007c0       0xb8 ./Src/Lib/mx_c8t6/Middlewares/ST/STM32_USB_Device_Library/Core/Src/usbd_core.o
 .debug_aranges
                0x0000000000000878       0x88 ./Src/Lib/mx_c8t6/Middlewares/ST/STM32_USB_Device_Library/Core/Src/usbd_ctlreq.o
 .debug_aranges
                0x0000000000000900       0x50 ./Src/Lib/mx_c8t6/Middlewares/ST/STM32_USB_Device_Library/Core/Src/usbd_ioreq.o
 .debug_aranges
                0x0000000000000950       0x20 ./Src/Lib/mx_c8t6/USB_DEVICE/App/usb_device.o
 .debug_aranges
                0x0000000000000970       0x60 ./Src/Lib/mx_c8t6/USB_DEVICE/App/usbd_cdc_if.o
 .debug_aranges
                0x00000000000009d0       0x60 ./Src/Lib/mx_c8t6/USB_DEVICE/App/usbd_desc.o
 .debug_aranges
                0x0000000000000a30      0x118 ./Src/Lib/mx_c8t6/USB_DEVICE/Target/usbd_conf.o
 .debug_aranges
                0x0000000000000b48       0x20 ./Src/main.o

.debug_rnglists
                0x0000000000000000      0x83a
 .debug_rnglists
                0x0000000000000000       0x25 ./Src/App/src/app.o
 .debug_rnglists
                0x0000000000000025       0x21 ./Src/Device/Bsp/src/bsp.o
 .debug_rnglists
                0x0000000000000046       0x13 ./Src/Device/Bsp/src/stm32f1xx_hal_msp.o
 .debug_rnglists
                0x0000000000000059       0x49 ./Src/Device/Bsp/src/stm32f1xx_it.o
 .debug_rnglists
                0x00000000000000a2       0x13 ./Src/Device/Bsp/src/sysmem.o
 .debug_rnglists
                0x00000000000000b5       0x1a ./Src/Device/Bsp/src/system_stm32f1xx.o
 .debug_rnglists
                0x00000000000000cf       0x19 ./Src/Device/Bsp/startup/startup_stm32f103c8tx.o
 .debug_rnglists
                0x00000000000000e8       0x31 ./Src/Device/Hw/driver/uart.o
 .debug_rnglists
                0x0000000000000119       0x13 ./Src/Device/Hw/src/hw.o
 .debug_rnglists
                0x000000000000012c       0xa3 ./Src/Lib/mx_c8t6/Drivers/STM32F1xx_HAL_Driver/Src/stm32f1xx_hal.o
 .debug_rnglists
                0x00000000000001cf       0xbb ./Src/Lib/mx_c8t6/Drivers/STM32F1xx_HAL_Driver/Src/stm32f1xx_hal_cortex.o
 .debug_rnglists
                0x000000000000028a       0x3f ./Src/Lib/mx_c8t6/Drivers/STM32F1xx_HAL_Driver/Src/stm32f1xx_hal_gpio.o
 .debug_rnglists
                0x00000000000002c9       0xf4 ./Src/Lib/mx_c8t6/Drivers/STM32F1xx_HAL_Driver/Src/stm32f1xx_hal_pcd.o
 .debug_rnglists
                0x00000000000003bd       0x26 ./Src/Lib/mx_c8t6/Drivers/STM32F1xx_HAL_Driver/Src/stm32f1xx_hal_pcd_ex.o
 .debug_rnglists
                0x00000000000003e3       0x6c ./Src/Lib/mx_c8t6/Drivers/STM32F1xx_HAL_Driver/Src/stm32f1xx_hal_rcc.o
 .debug_rnglists
                0x000000000000044f       0x21 ./Src/Lib/mx_c8t6/Drivers/STM32F1xx_HAL_Driver/Src/stm32f1xx_hal_rcc_ex.o
 .debug_rnglists
                0x0000000000000470       0xbd ./Src/Lib/mx_c8t6/Drivers/STM32F1xx_HAL_Driver/Src/stm32f1xx_ll_usb.o
 .debug_rnglists
                0x000000000000052d       0x6a ./Src/Lib/mx_c8t6/Middlewares/ST/STM32_USB_Device_Library/Class/CDC/Src/usbd_cdc.o
 .debug_rnglists
                0x0000000000000597       0x89 ./Src/Lib/mx_c8t6/Middlewares/ST/STM32_USB_Device_Library/Core/Src/usbd_core.o
 .debug_rnglists
                0x0000000000000620       0x68 ./Src/Lib/mx_c8t6/Middlewares/ST/STM32_USB_Device_Library/Core/Src/usbd_ctlreq.o
 .debug_rnglists
                0x0000000000000688       0x37 ./Src/Lib/mx_c8t6/Middlewares/ST/STM32_USB_Device_Library/Core/Src/usbd_ioreq.o
 .debug_rnglists
                0x00000000000006bf       0x13 ./Src/Lib/mx_c8t6/USB_DEVICE/App/usb_device.o
 .debug_rnglists
                0x00000000000006d2       0x44 ./Src/Lib/mx_c8t6/USB_DEVICE/App/usbd_cdc_if.o
 .debug_rnglists
                0x0000000000000716       0x43 ./Src/Lib/mx_c8t6/USB_DEVICE/App/usbd_desc.o
 .debug_rnglists
                0x0000000000000759       0xce ./Src/Lib/mx_c8t6/USB_DEVICE/Target/usbd_conf.o
 .debug_rnglists
                0x0000000000000827       0x13 ./Src/main.o

.debug_macro    0x0000000000000000    0x1a23d
 .debug_macro   0x0000000000000000      0x2d5 ./Src/App/src/app.o
 .debug_macro   0x00000000000002d5      0xa90 ./Src/App/src/app.o
 .debug_macro   0x0000000000000d65       0x22 ./Src/App/src/app.o
 .debug_macro   0x0000000000000d87       0x5b ./Src/App/src/app.o
 .debug_macro   0x0000000000000de2       0x24 ./Src/App/src/app.o
 .debug_macro   0x0000000000000e06       0x94 ./Src/App/src/app.o
 .debug_macro   0x0000000000000e9a       0x43 ./Src/App/src/app.o
 .debug_macro   0x0000000000000edd       0x34 ./Src/App/src/app.o
 .debug_macro   0x0000000000000f11       0x16 ./Src/App/src/app.o
 .debug_macro   0x0000000000000f27       0x57 ./Src/App/src/app.o
 .debug_macro   0x0000000000000f7e       0x97 ./Src/App/src/app.o
 .debug_macro   0x0000000000001015      0x369 ./Src/App/src/app.o
 .debug_macro   0x000000000000137e       0xfd ./Src/App/src/app.o