Archive member included to satisfy reference by file (symbol)

/Applications/STM32CubeIDE.app/Contents/Eclipse/plugins/com.st.stm32cube.ide.mcu.externaltools.gnu-tools-for-stm32.11.3.rel1.macos64_1.1.100.202310310803/tools/bin/../lib/gcc/arm-none-eabi/11.3.1/../../../../arm-none-eabi/lib/thumb/v7-m/nofp/libc_nano.a(libc_a-exit.o)
                              /Applications/STM32CubeIDE.app/Contents/Eclipse/plugins/com.st.stm32cube.ide.mcu.externaltools.gnu-tools-for-stm32.11.3.rel1.macos64_1.1.100.202310310803/tools/bin/../lib/gcc/arm-none-eabi/11.3.1/../../../../arm-none-eabi/lib/thumb/v7-m/nofp/crt0.o (exit)
/Applications/STM32CubeIDE.app/Contents/Eclipse/plugins/com.st.stm32cube.ide.mcu.externaltools.gnu-tools-for-stm32.11.3.rel1.macos64_1.1.100.202310310803/tools/bin/../lib/gcc/arm-none-eabi/11.3.1/../../../../arm-none-eabi/lib/thumb/v7-m/nofp/libc_nano.a(libc_a-findfp.o)
                              /Applications/STM32CubeIDE.app/Contents/Eclipse/plugins/com.st.stm32cube.ide.mcu.externaltools.gnu-tools-for-stm32.11.3.rel1.macos64_1.1.100.202310310803/tools/bin/../lib/gcc/arm-none-eabi/11.3.1/../../../../arm-none-eabi/lib/thumb/v7-m/nofp/libc_nano.a(libc_a-exit.o) (__stdio_exit_handler)
/Applications/STM32CubeIDE.app/Contents/Eclipse/plugins/com.st.stm32cube.ide.mcu.externaltools.gnu-tools-for-stm32.11.3.rel1.macos64_1.1.100.202310310803/tools/bin/../lib/gcc/arm-none-eabi/11.3.1/../../../../arm-none-eabi/lib/thumb/v7-m/nofp/libc_nano.a(libc_a-fwalk.o)
                              /Applications/STM32CubeIDE.app/Contents/Eclipse/plugins/com.st.stm32cube.ide.mcu.externaltools.gnu-tools-for-stm32.11.3.rel1.macos64_1.1.100.202310310803/tools/bin/../lib/gcc/arm-none-eabi/11.3.1/../../../../arm-none-eabi/lib/thumb/v7-m/nofp/libc_nano.a(libc_a-findfp.o) (_fwalk_sglue)
/Applications/STM32CubeIDE.app/Contents/Eclipse/plugins/com.st.stm32cube.ide.mcu.externaltools.gnu-tools-for-stm32.11.3.rel1.macos64_1.1.100.202310310803/tools/bin/../lib/gcc/arm-none-eabi/11.3.1/../../../../arm-none-eabi/lib/thumb/v7-m/nofp/libc_nano.a(libc_a-memset.o)
                              /Applications/STM32CubeIDE.app/Contents/Eclipse/plugins/com.st.stm32cube.ide.mcu.externaltools.gnu-tools-for-stm32.11.3.rel1.macos64_1.1.100.202310310803/tools/bin/../lib/gcc/arm-none-eabi/11.3.1/../../../../arm-none-eabi/lib/thumb/v7-m/nofp/crt0.o (memset)
/Applications/STM32CubeIDE.app/Contents/Eclipse/plugins/com.st.stm32cube.ide.mcu.externaltools.gnu-tools-for-stm32.11.3.rel1.macos64_1.1.100.202310310803/tools/bin/../lib/gcc/arm-none-eabi/11.3.1/../../../../arm-none-eabi/lib/thumb/v7-m/nofp/libc_nano.a(libc_a-impure.o)
                              /Applications/STM32CubeIDE.app/Contents/Eclipse/plugins/com.st.stm32cube.ide.mcu.externaltools.gnu-tools-for-stm32.11.3.rel1.macos64_1.1.100.202310310803/tools/bin/../lib/gcc/arm-none-eabi/11.3.1/../../../../arm-none-eabi/lib/thumb/v7-m/nofp/libc_nano.a(libc_a-findfp.o) (_impure_data)
/Applications/STM32CubeIDE.app/Contents/Eclipse/plugins/com.st.stm32cube.ide.mcu.externaltools.gnu-tools-for-stm32.11.3.rel1.macos64_1.1.100.202310310803/tools/bin/../lib/gcc/arm-none-eabi/11.3.1/../../../../arm-none-eabi/lib/thumb/v7-m/nofp/libc_nano.a(libc_a-errno.o)
                              ./Src/Device/Bsp/src/syscalls.o (__errno)
/Applications/STM32CubeIDE.app/Contents/Eclipse/plugins/com.st.stm32cube.ide.mcu.externaltools.gnu-tools-for-stm32.11.3.rel1.macos64_1.1.100.202310310803/tools/bin/../lib/gcc/arm-none-eabi/11.3.1/../../../../arm-none-eabi/lib/thumb/v7-m/nofp/libc_nano.a(libc_a-init.o)
                              /Applications/STM32CubeIDE.app/Contents/Eclipse/plugins/com.st.stm32cube.ide.mcu.externaltools.gnu-tools-for-stm32.11.3.rel1.macos64_1.1.100.202310310803/tools/bin/../lib/gcc/arm-none-eabi/11.3.1/../../../../arm-none-eabi/lib/thumb/v7-m/nofp/crt0.o (__libc_init_array)
/Applications/STM32CubeIDE.app/Contents/Eclipse/plugins/com.st.stm32cube.ide.mcu.externaltools.gnu-tools-for-stm32.11.3.rel1.macos64_1.1.100.202310310803/tools/bin/../lib/gcc/arm-none-eabi/11.3.1/../../../../arm-none-eabi/lib/thumb/v7-m/nofp/libc_nano.a(libc_a-lock.o)
                              /Applications/STM32CubeIDE.app/Contents/Eclipse/plugins/com.st.stm32cube.ide.mcu.externaltools.gnu-tools-for-stm32.11.3.rel1.macos64_1.1.100.202310310803/tools/bin/../lib/gcc/arm-none-eabi/11.3.1/../../../../arm-none-eabi/lib/thumb/v7-m/nofp/libc_nano.a(libc_a-findfp.o) (__retarget_lock_init_recursive)
/Applications/STM32CubeIDE.app/Contents/Eclipse/plugins/com.st.stm32cube.ide.mcu.externaltools.gnu-tools-for-stm32.11.3.rel1.macos64_1.1.100.202310310803/tools/bin/../lib/gcc/arm-none-eabi/11.3.1/../../../../arm-none-eabi/lib/thumb/v7-m/nofp/libc_nano.a(libc_a-mallocr.o)
[...]
Memory Configuration

Name             Origin             Length             Attributes
RAM              0x0000000020000000 0x0000000000005000 xrw
FLASH            0x0000000008000000 0x0000000000010000 xr
*default*        0x0000000000000000 0xffffffffffffffff

Linker script and memory map

LOAD /Applications/STM32CubeIDE.app/Contents/Eclipse/plugins/com.st.stm32cube.ide.mcu.externaltools.gnu-tools-for-stm32.11.3.rel1.macos64_1.1.100.202310310803/tools/bin/../lib/gcc/arm-none-eabi/11.3.1/thumb/v7-m/nofp/crti.o
LOAD /Applications/STM32CubeIDE.app/Contents/Eclipse/plugins/com.st.stm32cube.ide.mcu.externaltools.gnu-tools-for-stm32.11.3.rel1.macos64_1.1.100.202310310803/tools/bin/../lib/gcc/arm-none-eabi/11.3.1/thumb/v7-m/nofp/crtbegin.o
LOAD /Applications/STM32CubeIDE.app/Contents/Eclipse/plugins/com.st.stm32cube.ide.mcu.externaltools.gnu-tools-for-stm32.11.3.rel1.macos64_1.1.100.202310310803/tools/bin/../lib/gcc/arm-none-eabi/11.3.1/../../../../arm-none-eabi/lib/thumb/v7-m/nofp/crt0.o
LOAD ./Src/App/src/app.o
LOAD ./Src/Device/Bsp/src/bsp.o
LOAD ./Src/Device/Bsp/src/stm32f1xx_hal_msp.o
LOAD ./Src/Device/Bsp/src/stm32f1xx_it.o
LOAD ./Src/Device/Bsp/src/syscalls.o
LOAD ./Src/Device/Bsp/src/sysmem.o
LOAD ./Src/Device/Bsp/src/system_stm32f1xx.o
LOAD ./Src/Device/Bsp/startup/startup_stm32f103c8tx.o
LOAD ./Src/Device/Hw/src/hw.o
LOAD ./Src/Lib/mx_c8t6/Drivers/STM32F1xx_HAL_Driver/Src/stm32f1xx_hal.o
LOAD ./Src/Lib/mx_c8t6/Drivers/STM32F1xx_HAL_Driver/Src/stm32f1xx_hal_cortex.o
LOAD ./Src/Lib/mx_c8t6/Drivers/STM32F1xx_HAL_Driver/Src/stm32f1xx_hal_dma.o
LOAD ./Src/Lib/mx_c8t6/Drivers/STM32F1xx_HAL_Driver/Src/stm32f1xx_hal_exti.o
LOAD ./Src/Lib/mx_c8t6/Drivers/STM32F1xx_HAL_Driver/Src/stm32f1xx_hal_flash.o
LOAD ./Src/Lib/mx_c8t6/Drivers/STM32F1xx_HAL_Driver/Src/stm32f1xx_hal_flash_ex.o
LOAD ./Src/Lib/mx_c8t6/Drivers/STM32F1xx_HAL_Driver/Src/stm32f1xx_hal_gpio.o
LOAD ./Src/Lib/mx_c8t6/Drivers/STM32F1xx_HAL_Driver/Src/stm32f1xx_hal_gpio_ex.o
LOAD ./Src/Lib/mx_c8t6/Drivers/STM32F1xx_HAL_Driver/Src/stm32f1xx_hal_pwr.o
LOAD ./Src/Lib/mx_c8t6/Drivers/STM32F1xx_HAL_Driver/Src/stm32f1xx_hal_rcc.o
LOAD ./Src/Lib/mx_c8t6/Drivers/STM32F1xx_HAL_Driver/Src/stm32f1xx_hal_rcc_ex.o
LOAD ./Src/Lib/mx_c8t6/Drivers/STM32F1xx_HAL_Driver/Src/stm32f1xx_hal_tim.o
LOAD ./Src/Lib/mx_c8t6/Drivers/STM32F1xx_HAL_Driver/Src/stm32f1xx_hal_tim_ex.o
LOAD ./Src/main.o
START GROUP
LOAD /Applications/STM32CubeIDE.app/Contents/Eclipse/plugins/com.st.stm32cube.ide.mcu.externaltools.gnu-tools-for-stm32.11.3.rel1.macos64_1.1.100.202310310803/tools/bin/../lib/gcc/arm-none-eabi/11.3.1/../../../../arm-none-eabi/lib/thumb/v7-m/nofp/libc_nano.a
LOAD /Applications/STM32CubeIDE.app/Contents/Eclipse/plugins/com.st.stm32cube.ide.mcu.externaltools.gnu-tools-for-stm32.11.3.rel1.macos64_1.1.100.202310310803/tools/bin/../lib/gcc/arm-none-eabi/11.3.1/../../../../arm-none-eabi/lib/thumb/v7-m/nofp/libm.a
END GROUP
START GROUP
LOAD /Applications/STM32CubeIDE.app/Contents/Eclipse/plugins/com.st.stm32cube.ide.mcu.externaltools.gnu-tools-for-stm32.11.3.rel1.macos64_1.1.100.202310310803/tools/bin/../lib/gcc/arm-none-eabi/11.3.1/thumb/v7-m/nofp/libgcc.a
LOAD /Applications/STM32CubeIDE.app/Contents/Eclipse/plugins/com.st.stm32cube.ide.mcu.externaltools.gnu-tools-for-stm32.11.3.rel1.macos64_1.1.100.202310310803/tools/bin/../lib/gcc/arm-none-eabi/11.3.1/../../../../arm-none-eabi/lib/thumb/v7-m/nofp/libc_nano.a
END GROUP
START GROUP
LOAD /Applications/STM32CubeIDE.app/Contents/Eclipse/plugins/com.st.stm32cube.ide.mcu.externaltools.gnu-tools-for-stm32.11.3.rel1.macos64_1.1.100.202310310803/tools/bin/../lib/gcc/arm-none-eabi/11.3.1/thumb/v7-m/nofp/libgcc.a
LOAD /Applications/STM32CubeIDE.app/Contents/Eclipse/plugins/com.st.stm32cube.ide.mcu.externaltools.gnu-tools-for-stm32.11.3.rel1.macos64_1.1.100.202310310803/tools/bin/../lib/gcc/arm-none-eabi/11.3.1/../../../../arm-none-eabi/lib/thumb/v7-m/nofp/libc_nano.a
LOAD /Applications/STM32CubeIDE.app/Contents/Eclipse/plugins/com.st.stm32cube.ide.mcu.externaltools.gnu-tools-for-stm32.11.3.rel1.macos64_1.1.100.202310310803/tools/bin/../lib/gcc/arm-none-eabi/11.3.1/../../../../arm-none-eabi/lib/thumb/v7-m/nofp/libnosys.a
END GROUP
START GROUP
LOAD /Applications/STM32CubeIDE.app/Contents/Eclipse/plugins/com.st.stm32cube.ide.mcu.externaltools.gnu-tools-for-stm32.11.3.rel1.macos64_1.1.100.202310310803/tools/bin/../lib/gcc/arm-none-eabi/11.3.1/thumb/v7-m/nofp/libgcc.a
LOAD /Applications/STM32CubeIDE.app/Contents/Eclipse/plugins/com.st.stm32cube.ide.mcu.externaltools.gnu-tools-for-stm32.11.3.rel1.macos64_1.1.100.202310310803/tools/bin/../lib/gcc/arm-none-eabi/11.3.1/../../../../arm-none-eabi/lib/thumb/v7-m/nofp/libc_nano.a
LOAD /Applications/STM32CubeIDE.app/Contents/Eclipse/plugins/com.st.stm32cube.ide.mcu.externaltools.gnu-tools-for-stm32.11.3.rel1.macos64_1.1.100.202310310803/tools/bin/../lib/gcc/arm-none-eabi/11.3.1/../../../../arm-none-eabi/lib/thumb/v7-m/nofp/libnosys.a
END GROUP
LOAD /Applications/STM32CubeIDE.app/Contents/Eclipse/plugins/com.st.stm32cube.ide.mcu.externaltools.gnu-tools-for-stm32.11.3.rel1.macos64_1.1.100.202310310803/tools/bin/../lib/gcc/arm-none-eabi/11.3.1/thumb/v7-m/nofp/crtend.o
LOAD /Applications/STM32CubeIDE.app/Contents/Eclipse/plugins/com.st.stm32cube.ide.mcu.externaltools.gnu-tools-for-stm32.11.3.rel1.macos64_1.1.100.202310310803/tools/bin/../lib/gcc/arm-none-eabi/11.3.1/thumb/v7-m/nofp/crtn.o
                0x0000000020005000                _estack = (ORIGIN (RAM) + LENGTH (RAM))
                0x0000000000000200                _Min_Heap_Size = 0x200
                0x0000000000000400                _Min_Stack_Size = 0x400

.isr_vector     0x0000000008000000      0x130
                0x0000000008000000                . = ALIGN (0x4)
 *(.isr_vector)
 .isr_vector    0x0000000008000000      0x130 ./Src/Device/Bsp/startup/startup_stm32f103c8tx.o
                0x0000000008000000                g_pfnVectors
                0x0000000008000130                . = ALIGN (0x4)

.text           0x0000000008000130     0x1158
                0x0000000008000130                . = ALIGN (0x4)
 *(.text)
 .text          0x0000000008000130       0x40 /Applications/STM32CubeIDE.app/Contents/Eclipse/plugins/com.st.stm32cube.ide.mcu.externaltools.gnu-tools-for-stm32.11.3.rel1.macos64_1.1.100.202310310803/tools/bin/../lib/gcc/arm-none-eabi/11.3.1/thumb/v7-m/nofp/crtbegin.o
 *(.text*)
 .text.apInit   0x0000000008000170        0xc ./Src/App/src/app.o
                0x0000000008000170                apInit
 .text.apMain   0x000000000800017c       0x1c ./Src/App/src/app.o
                0x000000000800017c                apMain
 .text.delay    0x0000000008000198       0x16 ./Src/App/src/app.o
                0x0000000008000198                delay
 *fill*         0x00000000080001ae        0x2 
 .text.bspInit  0x00000000080001b0       0xa0 ./Src/Device/Bsp/src/bsp.o
                0x00000000080001b0                bspInit
 .text.SystemClock_Config
                0x0000000008000250       0x8a ./Src/Device/Bsp/src/bsp.o
                0x0000000008000250                SystemClock_Config
 .text.Error_Handler
                0x00000000080002da        0xa ./Src/Device/Bsp/src/bsp.o
                0x00000000080002da                Error_Handler
 .text.HAL_MspInit
                0x00000000080002e4       0x64 ./Src/Device/Bsp/src/stm32f1xx_hal_msp.o
                0x00000000080002e4                HAL_MspInit
 .text.NMI_Handler
                0x0000000008000348        0x6 ./Src/Device/Bsp/src/stm32f1xx_it.o
                0x0000000008000348                NMI_Handler
 .text.HardFault_Handler
                0x000000000800034e        0x6 ./Src/Device/Bsp/src/stm32f1xx_it.o
                0x000000000800034e                HardFault_Handler
 .text.MemManage_Handler
                0x0000000008000354        0x6 ./Src/Device/Bsp/src/stm32f1xx_it.o
                0x0000000008000354                MemManage_Handler
 .text.BusFault_Handler
                0x000000000800035a        0x6 ./Src/Device/Bsp/src/stm32f1xx_it.o
                0x000000000800035a                BusFault_Handler
 .text.UsageFault_Handler
                0x0000000008000360        0x6 ./Src/Device/Bsp/src/stm32f1xx_it.o
                0x0000000008000360                UsageFault_Handler
 .text.SVC_Handler
                0x0000000008000366        0xc ./Src/Device/Bsp/src/stm32f1xx_it.o
                0x0000000008000366                SVC_Handler
 .text.DebugMon_Handler
                0x0000000008000372        0xc ./Src/Device/Bsp/src/stm32f1xx_it.o
                0x0000000008000372                DebugMon_Handler
 .text.PendSV_Handler
                0x000000000800037e        0xc ./Src/Device/Bsp/src/stm32f1xx_it.o
                0x000000000800037e                PendSV_Handler
 .text.SysTick_Handler
                0x000000000800038a        0xc ./Src/Device/Bsp/src/stm32f1xx_it.o
                0x000000000800038a                SysTick_Handler
 .text.SystemInit
                0x0000000008000396        0xc ./Src/Device/Bsp/src/system_stm32f1xx.o
                0x0000000008000396                SystemInit
 *fill*         0x00000000080003a2        0x2 
 .text.Reset_Handler
                0x00000000080003a4       0x50 ./Src/Device/Bsp/startup/startup_stm32f103c8tx.o
                0x00000000080003a4                Reset_Handler
 .text.Default_Handler
                0x00000000080003f4        0x2 ./Src/Device/Bsp/startup/startup_stm32f103c8tx.o
                0x00000000080003f4                DMA2_Channel3_IRQHandler
                0x00000000080003f4                TIM8_TRG_COM_IRQHandler
                0x00000000080003f4                TIM8_CC_IRQHandler
                0x00000000080003f4                TIM1_CC_IRQHandler
                0x00000000080003f4                TIM6_IRQHandler
                0x00000000080003f4                PVD_IRQHandler
                0x00000000080003f4                SDIO_IRQHandler
                0x00000000080003f4                EXTI3_IRQHandler
                0x00000000080003f4                USB_HP_CAN_TX_IRQHandler
                0x00000000080003f4                EXTI0_IRQHandler
                0x00000000080003f4                I2C2_EV_IRQHandler
                0x00000000080003f4                ADC1_2_IRQHandler
                0x00000000080003f4                SPI1_IRQHandler
                0x00000000080003f4                CAN_SCE_IRQHandler
                0x00000000080003f4                TAMPER_IRQHandler
                0x00000000080003f4                TIM8_UP_IRQHandler
                0x00000000080003f4                DMA2_Channel2_IRQHandler
                0x00000000080003f4                DMA1_Channel4_IRQHandler
                0x00000000080003f4                USART3_IRQHandler
                0x00000000080003f4                RTC_IRQHandler
                0x00000000080003f4                DMA1_Channel7_IRQHandler
                0x00000000080003f4                UART5_IRQHandler
                0x00000000080003f4                ADC3_IRQHandler
                0x00000000080003f4                TIM4_IRQHandler
                0x00000000080003f4                CAN_RX1_IRQHandler
                0x00000000080003f4                DMA2_Channel1_IRQHandler
                0x00000000080003f4                I2C1_EV_IRQHandler
                0x00000000080003f4                DMA1_Channel6_IRQHandler
                0x00000000080003f4                UART4_IRQHandler
                0x00000000080003f4                TIM3_IRQHandler
                0x00000000080003f4                RCC_IRQHandler
                0x00000000080003f4                TIM1_TRG_COM_IRQHandler
                0x00000000080003f4                DMA1_Channel1_IRQHandler
                0x00000000080003f4                Default_Handler
                0x00000000080003f4                EXTI15_10_IRQHandler
                0x00000000080003f4                TIM7_IRQHandler
                0x00000000080003f4                TIM5_IRQHandler
                0x00000000080003f4                EXTI9_5_IRQHandler
                0x00000000080003f4                SPI2_IRQHandler
                0x00000000080003f4                USB_LP_CAN_RX0_IRQHandler
                0x00000000080003f4                DMA1_Channel5_IRQHandler
                0x00000000080003f4                EXTI4_IRQHandler
                0x00000000080003f4                DMA1_Channel3_IRQHandler
                0x00000000080003f4                FSMC_IRQHandler
                0x00000000080003f4                TIM1_UP_IRQHandler
                0x00000000080003f4                WWDG_IRQHandler
                0x00000000080003f4                TIM2_IRQHandler
                0x00000000080003f4                TIM1_BRK_IRQHandler
                0x00000000080003f4                EXTI1_IRQHandler
                0x00000000080003f4                RTCAlarm_IRQHandler
                0x00000000080003f4                DMA2_Channel4_5_IRQHandler
                0x00000000080003f4                USART2_IRQHandler
                0x00000000080003f4                I2C2_ER_IRQHandler
                0x00000000080003f4                DMA1_Channel2_IRQHandler
                0x00000000080003f4                TIM8_BRK_IRQHandler
                0x00000000080003f4                FLASH_IRQHandler
                0x00000000080003f4                USART1_IRQHandler
                0x00000000080003f4                SPI3_IRQHandler
                0x00000000080003f4                I2C1_ER_IRQHandler
                0x00000000080003f4                EXTI2_IRQHandler
 .text.hwInit   0x00000000080003f6        0xc ./Src/Device/Hw/src/hw.o
                0x00000000080003f6                hwInit
 *fill*         0x0000000008000402        0x2 
 .text.HAL_Init
                0x0000000008000404       0x2c ./Src/Lib/mx_c8t6/Drivers/STM32F1xx_HAL_Driver/Src/stm32f1xx_hal.o
                0x0000000008000404                HAL_Init
 .text.HAL_InitTick
                0x0000000008000430       0x60 ./Src/Lib/mx_c8t6/Drivers/STM32F1xx_HAL_Driver/Src/stm32f1xx_hal.o
                0x0000000008000430                HAL_InitTick
 .text.HAL_IncTick
                0x0000000008000490       0x24 ./Src/Lib/mx_c8t6/Drivers/STM32F1xx_HAL_Driver/Src/stm32f1xx_hal.o
                0x0000000008000490                HAL_IncTick
 .text.HAL_GetTick
                0x00000000080004b4       0x14 ./Src/Lib/mx_c8t6/Drivers/STM32F1xx_HAL_Driver/Src/stm32f1xx_hal.o
                0x00000000080004b4                HAL_GetTick
 .text.HAL_Delay
                0x00000000080004c8       0x48 ./Src/Lib/mx_c8t6/Drivers/STM32F1xx_HAL_Driver/Src/stm32f1xx_hal.o
                0x00000000080004c8                HAL_Delay
 .text.__NVIC_SetPriorityGrouping
                0x0000000008000510       0x48 ./Src/Lib/mx_c8t6/Drivers/STM32F1xx_HAL_Driver/Src/stm32f1xx_hal_cortex.o
 .text.__NVIC_GetPriorityGrouping
                0x0000000008000558       0x1c ./Src/Lib/mx_c8t6/Drivers/STM32F1xx_HAL_Driver/Src/stm32f1xx_hal_cortex.o
 .text.__NVIC_SetPriority
                0x0000000008000574       0x54 ./Src/Lib/mx_c8t6/Drivers/STM32F1xx_HAL_Driver/Src/stm32f1xx_hal_cortex.o
 .text.NVIC_EncodePriority
                0x00000000080005c8       0x64 ./Src/Lib/mx_c8t6/Drivers/STM32F1xx_HAL_Driver/Src/stm32f1xx_hal_cortex.o
 .text.SysTick_Config
                0x000000000800062c       0x44 ./Src/Lib/mx_c8t6/Drivers/STM32F1xx_HAL_Driver/Src/stm32f1xx_hal_cortex.o
 .text.HAL_NVIC_SetPriorityGrouping
                0x0000000008000670       0x16 ./Src/Lib/mx_c8t6/Drivers/STM32F1xx_HAL_Driver/Src/stm32f1xx_hal_cortex.o
                0x0000000008000670                HAL_NVIC_SetPriorityGrouping
 .text.HAL_NVIC_SetPriority
                0x0000000008000686       0x38 ./Src/Lib/mx_c8t6/Drivers/STM32F1xx_HAL_Driver/Src/stm32f1xx_hal_cortex.o
                0x0000000008000686                HAL_NVIC_SetPriority
 .text.HAL_SYSTICK_Config
                0x00000000080006be       0x18 ./Src/Lib/mx_c8t6/Drivers/STM32F1xx_HAL_Driver/Src/stm32f1xx_hal_cortex.o
                0x00000000080006be                HAL_SYSTICK_Config
 *fill*         0x00000000080006d6        0x2 
 .text.HAL_GPIO_Init
                0x00000000080006d8      0x308 ./Src/Lib/mx_c8t6/Drivers/STM32F1xx_HAL_Driver/Src/stm32f1xx_hal_gpio.o
                0x00000000080006d8                HAL_GPIO_Init
 .text.HAL_GPIO_WritePin
                0x00000000080009e0       0x30 ./Src/Lib/mx_c8t6/Drivers/STM32F1xx_HAL_Driver/Src/stm32f1xx_hal_gpio.o
                0x00000000080009e0                HAL_GPIO_WritePin
 .text.HAL_GPIO_TogglePin
                0x0000000008000a10       0x32 ./Src/Lib/mx_c8t6/Drivers/STM32F1xx_HAL_Driver/Src/stm32f1xx_hal_gpio.o
                0x0000000008000a10                HAL_GPIO_TogglePin
 *fill*         0x0000000008000a42        0x2 
 .text.HAL_RCC_OscConfig
                0x0000000008000a44      0x504 ./Src/Lib/mx_c8t6/Drivers/STM32F1xx_HAL_Driver/Src/stm32f1xx_hal_rcc.o
                0x0000000008000a44                HAL_RCC_OscConfig
 .text.HAL_RCC_ClockConfig
                0x0000000008000f48      0x1d4 ./Src/Lib/mx_c8t6/Drivers/STM32F1xx_HAL_Driver/Src/stm32f1xx_hal_rcc.o
                0x0000000008000f48                HAL_RCC_ClockConfig
 .text.HAL_RCC_GetSysClockFreq
                0x000000000800111c       0xa8 ./Src/Lib/mx_c8t6/Drivers/STM32F1xx_HAL_Driver/Src/stm32f1xx_hal_rcc.o
                0x000000000800111c                HAL_RCC_GetSysClockFreq
 .text.RCC_Delay
                0x00000000080011c4       0x3c ./Src/Lib/mx_c8t6/Drivers/STM32F1xx_HAL_Driver/Src/stm32f1xx_hal_rcc.o
 .text.main     0x0000000008001200       0x16 ./Src/main.o
                0x0000000008001200                main
 .text.memset   0x0000000008001216       0x10 /Applications/STM32CubeIDE.app/Contents/Eclipse/plugins/com.st.stm32cube.ide.mcu.externaltools.gnu-tools-for-stm32.11.3.rel1.macos64_1.1.100.202310310803/tools/bin/../lib/gcc/arm-none-eabi/11.3.1/../../../../arm-none-eabi/lib/thumb/v7-m/nofp/libc_nano.a(libc_a-memset.o)
                0x0000000008001216                memset
 *fill*         0x0000000008001226        0x2 
 .text.__libc_init_array
                0x0000000008001228       0x48 /Applications/STM32CubeIDE.app/Contents/Eclipse/plugins/com.st.stm32cube.ide.mcu.externaltools.gnu-tools-for-stm32.11.3.rel1.macos64_1.1.100.202310310803/tools/bin/../lib/gcc/arm-none-eabi/11.3.1/../../../../arm-none-eabi/lib/thumb/v7-m/nofp/libc_nano.a(libc_a-init.o)
                0x0000000008001228                __libc_init_array
 *(.glue_7)
 .glue_7        0x0000000008001270        0x0 linker stubs
 *(.glue_7t)
 .glue_7t       0x0000000008001270        0x0 linker stubs
 *(.eh_frame)
 .eh_frame      0x0000000008001270        0x0 /Applications/STM32CubeIDE.app/Contents/Eclipse/plugins/com.st.stm32cube.ide.mcu.externaltools.gnu-tools-for-stm32.11.3.rel1.macos64_1.1.100.202310310803/tools/bin/../lib/gcc/arm-none-eabi/11.3.1/thumb/v7-m/nofp/crtbegin.o
 *(.init)
 .init          0x0000000008001270        0x4 /Applications/STM32CubeIDE.app/Contents/Eclipse/plugins/com.st.stm32cube.ide.mcu.externaltools.gnu-tools-for-stm32.11.3.rel1.macos64_1.1.100.202310310803/tools/bin/../lib/gcc/arm-none-eabi/11.3.1/thumb/v7-m/nofp/crti.o
                0x0000000008001270                _init
 .init          0x0000000008001274        0x8 /Applications/STM32CubeIDE.app/Contents/Eclipse/plugins/com.st.stm32cube.ide.mcu.externaltools.gnu-tools-for-stm32.11.3.rel1.macos64_1.1.100.202310310803/tools/bin/../lib/gcc/arm-none-eabi/11.3.1/thumb/v7-m/nofp/crtn.o
 *(.fini)
 .fini          0x000000000800127c        0x4 /Applications/STM32CubeIDE.app/Contents/Eclipse/plugins/com.st.stm32cube.ide.mcu.externaltools.gnu-tools-for-stm32.11.3.rel1.macos64_1.1.100.202310310803/tools/bin/../lib/gcc/arm-none-eabi/11.3.1/thumb/v7-m/nofp/crti.o
                0x000000000800127c                _fini
 .fini          0x0000000008001280        0x8 /Applications/STM32CubeIDE.app/Contents/Eclipse/plugins/com.st.stm32cube.ide.mcu.externaltools.gnu-tools-for-stm32.11.3.rel1.macos64_1.1.100.202310310803/tools/bin/../lib/gcc/arm-none-eabi/11.3.1/thumb/v7-m/nofp/crtn.o
                0x0000000008001288                . = ALIGN (0x4)
                0x0000000008001288                _etext = .

.vfp11_veneer   0x0000000008001288        0x0
 .vfp11_veneer  0x0000000008001288        0x0 linker stubs

.v4_bx          0x0000000008001288        0x0
 .v4_bx         0x0000000008001288        0x0 linker stubs

.iplt           0x0000000008001288        0x0
 .iplt          0x0000000008001288        0x0 /Applications/STM32CubeIDE.app/Contents/Eclipse/plugins/com.st.stm32cube.ide.mcu.externaltools.gnu-tools-for-stm32.11.3.rel1.macos64_1.1.100.202310310803/tools/bin/../lib/gcc/arm-none-eabi/11.3.1/thumb/v7-m/nofp/crtbegin.o

.rodata         0x0000000008001288       0x24
                0x0000000008001288                . = ALIGN (0x4)
 *(.rodata)
 *(.rodata*)
 .rodata.AHBPrescTable
                0x0000000008001288       0x10 ./Src/Device/Bsp/src/system_stm32f1xx.o
                0x0000000008001288                AHBPrescTable
 .rodata.aPLLMULFactorTable.1
                0x0000000008001298       0x10 ./Src/Lib/mx_c8t6/Drivers/STM32F1xx_HAL_Driver/Src/stm32f1xx_hal_rcc.o
 .rodata.aPredivFactorTable.0
                0x00000000080012a8        0x2 ./Src/Lib/mx_c8t6/Drivers/STM32F1xx_HAL_Driver/Src/stm32f1xx_hal_rcc.o
                0x00000000080012ac                . = ALIGN (0x4)
 *fill*         0x00000000080012aa        0x2 

.rel.dyn        0x00000000080012ac        0x0
 .rel.iplt      0x00000000080012ac        0x0 /Applications/STM32CubeIDE.app/Contents/Eclipse/plugins/com.st.stm32cube.ide.mcu.externaltools.gnu-tools-for-stm32.11.3.rel1.macos64_1.1.100.202310310803/tools/bin/../lib/gcc/arm-none-eabi/11.3.1/thumb/v7-m/nofp/crtbegin.o

.ARM.extab      0x00000000080012ac        0x0
                0x00000000080012ac                . = ALIGN (0x4)
 *(.ARM.extab* .gnu.linkonce.armextab.*)
                0x00000000080012ac                . = ALIGN (0x4)

.ARM            0x00000000080012ac        0x0
                0x00000000080012ac                . = ALIGN (0x4)
                0x00000000080012ac                __exidx_start = .
 *(.ARM.exidx*)
                0x00000000080012ac                __exidx_end = .
                0x00000000080012ac                . = ALIGN (0x4)

.preinit_array  0x00000000080012ac        0x0
                0x00000000080012ac                . = ALIGN (0x4)
                0x00000000080012ac                PROVIDE (__preinit_array_start = .)
 *(.preinit_array*)
                0x00000000080012ac                PROVIDE (__preinit_array_end = .)
                0x00000000080012ac                . = ALIGN (0x4)

.init_array     0x00000000080012ac        0x4
                0x00000000080012ac                . = ALIGN (0x4)
                0x00000000080012ac                PROVIDE (__init_array_start = .)
 *(SORT_BY_NAME(.init_array.*))
 *(.init_array*)
 .init_array    0x00000000080012ac        0x4 /Applications/STM32CubeIDE.app/Contents/Eclipse/plugins/com.st.stm32cube.ide.mcu.externaltools.gnu-tools-for-stm32.11.3.rel1.macos64_1.1.100.202310310803/tools/bin/../lib/gcc/arm-none-eabi/11.3.1/thumb/v7-m/nofp/crtbegin.o
                0x00000000080012b0                PROVIDE (__init_array_end = .)
                0x00000000080012b0                . = ALIGN (0x4)

.fini_array     0x00000000080012b0        0x4
                0x00000000080012b0                . = ALIGN (0x4)
                [!provide]                        PROVIDE (__fini_array_start = .)
 *(SORT_BY_NAME(.fini_array.*))
 *(.fini_array*)
 .fini_array    0x00000000080012b0        0x4 /Applications/STM32CubeIDE.app/Contents/Eclipse/plugins/com.st.stm32cube.ide.mcu.externaltools.gnu-tools-for-stm32.11.3.rel1.macos64_1.1.100.202310310803/tools/bin/../lib/gcc/arm-none-eabi/11.3.1/thumb/v7-m/nofp/crtbegin.o
                [!provide]                        PROVIDE (__fini_array_end = .)
                0x00000000080012b4                . = ALIGN (0x4)
                0x00000000080012b4                _sidata = LOADADDR (.data)

.data           0x0000000020000000        0xc load address 0x00000000080012b4
                0x0000000020000000                . = ALIGN (0x4)
                0x0000000020000000                _sdata = .
 *(.data)
 *(.data*)
 .data.SystemCoreClock
                0x0000000020000000        0x4 ./Src/Device/Bsp/src/system_stm32f1xx.o
                0x0000000020000000                SystemCoreClock
 .data.uwTickPrio
                0x0000000020000004        0x4 ./Src/Lib/mx_c8t6/Drivers/STM32F1xx_HAL_Driver/Src/stm32f1xx_hal.o
                0x0000000020000004                uwTickPrio
 .data.uwTickFreq
                0x0000000020000008        0x1 ./Src/Lib/mx_c8t6/Drivers/STM32F1xx_HAL_Driver/Src/stm32f1xx_hal.o
                0x0000000020000008                uwTickFreq
 *(.RamFunc)
 *(.RamFunc*)
                0x000000002000000c                . = ALIGN (0x4)
 *fill*         0x0000000020000009        0x3 
                0x000000002000000c                _edata = .

.igot.plt       0x000000002000000c        0x0 load address 0x00000000080012c0
 .igot.plt      0x000000002000000c        0x0 /Applications/STM32CubeIDE.app/Contents/Eclipse/plugins/com.st.stm32cube.ide.mcu.externaltools.gnu-tools-for-stm32.11.3.rel1.macos64_1.1.100.202310310803/tools/bin/../lib/gcc/arm-none-eabi/11.3.1/thumb/v7-m/nofp/crtbegin.o
                0x000000002000000c                . = ALIGN (0x4)

.bss            0x000000002000000c       0x20 load address 0x00000000080012c0
                0x000000002000000c                _sbss = .
                0x000000002000000c                __bss_start__ = _sbss
 *(.bss)
 .bss           0x000000002000000c       0x1c /Applications/STM32CubeIDE.app/Contents/Eclipse/plugins/com.st.stm32cube.ide.mcu.externaltools.gnu-tools-for-stm32.11.3.rel1.macos64_1.1.100.202310310803/tools/bin/../lib/gcc/arm-none-eabi/11.3.1/thumb/v7-m/nofp/crtbegin.o
 *(.bss*)
 .bss.uwTick    0x0000000020000028        0x4 ./Src/Lib/mx_c8t6/Drivers/STM32F1xx_HAL_Driver/Src/stm32f1xx_hal.o
                0x0000000020000028                uwTick
 *(COMMON)
                0x000000002000002c                . = ALIGN (0x4)
                0x000000002000002c                _ebss = .
                0x000000002000002c                __bss_end__ = _ebss

._user_heap_stack
                0x000000002000002c      0x604 load address 0x00000000080012c0
                0x0000000020000030                . = ALIGN (0x8)
 *fill*         0x000000002000002c        0x4 
                [!provide]                        PROVIDE (end = .)
                0x0000000020000030                PROVIDE (_end = .)
                0x0000000020000230                . = (. + _Min_Heap_Size)
 *fill*         0x0000000020000030      0x200 
                0x0000000020000630                . = (. + _Min_Stack_Size)
 *fill*         0x0000000020000230      0x400 
                0x0000000020000630                . = ALIGN (0x8)

/DISCARD/
 libc.a(*)
 libm.a(*)
 libgcc.a(*)

.ARM.attributes
                0x0000000000000000       0x29
 *(.ARM.attributes)
 .ARM.attributes
                0x0000000000000000       0x1d /Applications/STM32CubeIDE.app/Contents/Eclipse/plugins/com.st.stm32cube.ide.mcu.externaltools.gnu-tools-for-stm32.11.3.rel1.macos64_1.1.100.202310310803/tools/bin/../lib/gcc/arm-none-eabi/11.3.1/thumb/v7-m/nofp/crti.o
 .ARM.attributes
                0x000000000000001d       0x2d /Applications/STM32CubeIDE.app/Contents/Eclipse/plugins/com.st.stm32cube.ide.mcu.externaltools.gnu-tools-for-stm32.11.3.rel1.macos64_1.1.100.202310310803/tools/bin/../lib/gcc/arm-none-eabi/11.3.1/thumb/v7-m/nofp/crtbegin.o
 .ARM.attributes
                0x000000000000004a       0x2d ./Src/App/src/app.o
 .ARM.attributes
                0x0000000000000077       0x2d ./Src/Device/Bsp/src/bsp.o
 .ARM.attributes
                0x00000000000000a4       0x2d ./Src/Device/Bsp/src/stm32f1xx_hal_msp.o
 .ARM.attributes
                0x00000000000000d1       0x2d ./Src/Device/Bsp/src/stm32f1xx_it.o
 .ARM.attributes
                0x00000000000000fe       0x2d ./Src/Device/Bsp/src/system_stm32f1xx.o
 .ARM.attributes
                0x000000000000012b       0x21 ./Src/Device/Bsp/startup/startup_stm32f103c8tx.o
 .ARM.attributes
                0x000000000000014c       0x2d ./Src/Device/Hw/src/hw.o
 .ARM.attributes
                0x0000000000000179       0x2d ./Src/Lib/mx_c8t6/Drivers/STM32F1xx_HAL_Driver/Src/stm32f1xx_hal.o
 .ARM.attributes
                0x00000000000001a6       0x2d ./Src/Lib/mx_c8t6/Drivers/STM32F1xx_HAL_Driver/Src/stm32f1xx_hal_cortex.o
 .ARM.attributes
                0x00000000000001d3       0x2d ./Src/Lib/mx_c8t6/Drivers/STM32F1xx_HAL_Driver/Src/stm32f1xx_hal_gpio.o
 .ARM.attributes
                0x0000000000000200       0x2d ./Src/Lib/mx_c8t6/Drivers/STM32F1xx_HAL_Driver/Src/stm32f1xx_hal_rcc.o
 .ARM.attributes
                0x000000000000022d       0x2d ./Src/main.o
 .ARM.attributes
                0x000000000000025a       0x2d /Applications/STM32CubeIDE.app/Contents/Eclipse/plugins/com.st.stm32cube.ide.mcu.externaltools.gnu-tools-for-stm32.11.3.rel1.macos64_1.1.100.202310310803/tools/bin/../lib/gcc/arm-none-eabi/11.3.1/../../../../arm-none-eabi/lib/thumb/v7-m/nofp/libc_nano.a(libc_a-memset.o)
 .ARM.attributes
                0x0000000000000287       0x2d /Applications/STM32CubeIDE.app/Contents/Eclipse/plugins/com.st.stm32cube.ide.mcu.externaltools.gnu-tools-for-stm32.11.3.rel1.macos64_1.1.100.202310310803/tools/bin/../lib/gcc/arm-none-eabi/11.3.1/../../../../arm-none-eabi/lib/thumb/v7-m/nofp/libc_nano.a(libc_a-init.o)
 .ARM.attributes
                0x00000000000002b4       0x1d /Applications/STM32CubeIDE.app/Contents/Eclipse/plugins/com.st.stm32cube.ide.mcu.externaltools.gnu-tools-for-stm32.11.3.rel1.macos64_1.1.100.202310310803/tools/bin/../lib/gcc/arm-none-eabi/11.3.1/thumb/v7-m/nofp/crtn.o
OUTPUT(PRJ_c8t6.elf elf32-littlearm)
LOAD linker stubs
LOAD /Applications/STM32CubeIDE.app/Contents/Eclipse/plugins/com.st.stm32cube.ide.mcu.externaltools.gnu-tools-for-stm32.11.3.rel1.macos64_1.1.100.202310310803/tools/bin/../lib/gcc/arm-none-eabi/11.3.1/../../../../arm-none-eabi/lib/thumb/v7-m/nofp/libc.a
LOAD /Applications/STM32CubeIDE.app/Contents/Eclipse/plugins/com.st.stm32cube.ide.mcu.externaltools.gnu-tools-for-stm32.11.3.rel1.macos64_1.1.100.202310310803/tools/bin/../lib/gcc/arm-none-eabi/11.3.1/../../../../arm-none-eabi/lib/thumb/v7-m/nofp/libm.a
LOAD /Applications/STM32CubeIDE.app/Contents/Eclipse/plugins/com.st.stm32cube.ide.mcu.externaltools.gnu-tools-for-stm32.11.3.rel1.macos64_1.1.100.202310310803/tools/bin/../lib/gcc/arm-none-eabi/11.3.1/thumb/v7-m/nofp/libgcc.a

.comment        0x0000000000000000       0x43
 .comment       0x0000000000000000       0x43 /Applications/STM32CubeIDE.app/Contents/Eclipse/plugins/com.st.stm32cube.ide.mcu.externaltools.gnu-tools-for-stm32.11.3.rel1.macos64_1.1.100.202310310803/tools/bin/../lib/gcc/arm-none-eabi/11.3.1/thumb/v7-m/nofp/crtbegin.o
                                         0x44 (size before relaxing)
 .comment       0x0000000000000043       0x44 ./Src/App/src/app.o
 .comment       0x0000000000000043       0x44 ./Src/Device/Bsp/src/bsp.o
 .comment       0x0000000000000043       0x44 ./Src/Device/Bsp/src/stm32f1xx_hal_msp.o
 .comment       0x0000000000000043       0x44 ./Src/Device/Bsp/src/stm32f1xx_it.o
 .comment       0x0000000000000043       0x44 ./Src/Device/Bsp/src/system_stm32f1xx.o
 .comment       0x0000000000000043       0x44 ./Src/Device/Hw/src/hw.o
 .comment       0x0000000000000043       0x44 ./Src/Lib/mx_c8t6/Drivers/STM32F1xx_HAL_Driver/Src/stm32f1xx_hal.o
 .comment       0x0000000000000043       0x44 ./Src/Lib/mx_c8t6/Drivers/STM32F1xx_HAL_Driver/Src/stm32f1xx_hal_cortex.o
 .comment       0x0000000000000043       0x44 ./Src/Lib/mx_c8t6/Drivers/STM32F1xx_HAL_Driver/Src/stm32f1xx_hal_gpio.o
 .comment       0x0000000000000043       0x44 ./Src/Lib/mx_c8t6/Drivers/STM32F1xx_HAL_Driver/Src/stm32f1xx_hal_rcc.o
 .comment       0x0000000000000043       0x44 ./Src/main.o

.debug_info     0x0000000000000000     0x2bd0
 .debug_info    0x0000000000000000      0x199 ./Src/App/src/app.o
 .debug_info    0x0000000000000199      0x499 ./Src/Device/Bsp/src/bsp.o
 .debug_info    0x0000000000000632      0x1f8 ./Src/Device/Bsp/src/stm32f1xx_hal_msp.o
 .debug_info    0x000000000000082a      0x11a ./Src/Device/Bsp/src/stm32f1xx_it.o
 .debug_info    0x0000000000000944      0x21b ./Src/Device/Bsp/src/system_stm32f1xx.o
 .debug_info    0x0000000000000b5f       0x23 ./Src/Device/Bsp/startup/startup_stm32f103c8tx.o
 .debug_info    0x0000000000000b82       0x99 ./Src/Device/Hw/src/hw.o
 .debug_info    0x0000000000000c1b      0x704 ./Src/Lib/mx_c8t6/Drivers/STM32F1xx_HAL_Driver/Src/stm32f1xx_hal.o
 .debug_info    0x000000000000131f      0xa87 ./Src/Lib/mx_c8t6/Drivers/STM32F1xx_HAL_Driver/Src/stm32f1xx_hal_cortex.o
 .debug_info    0x0000000000001da6      0x5ab ./Src/Lib/mx_c8t6/Drivers/STM32F1xx_HAL_Driver/Src/stm32f1xx_hal_gpio.o
 .debug_info    0x0000000000002351      0x7d5 ./Src/Lib/mx_c8t6/Drivers/STM32F1xx_HAL_Driver/Src/stm32f1xx_hal_rcc.o
 .debug_info    0x0000000000002b26       0xaa ./Src/main.o

.debug_abbrev   0x0000000000000000      0xf96
 .debug_abbrev  0x0000000000000000      0x11e ./Src/App/src/app.o
 .debug_abbrev  0x000000000000011e      0x1b0 ./Src/Device/Bsp/src/bsp.o
 .debug_abbrev  0x00000000000002ce       0xdb ./Src/Device/Bsp/src/stm32f1xx_hal_msp.o
 .debug_abbrev  0x00000000000003a9       0x73 ./Src/Device/Bsp/src/stm32f1xx_it.o
 .debug_abbrev  0x000000000000041c      0x13f ./Src/Device/Bsp/src/system_stm32f1xx.o
 .debug_abbrev  0x000000000000055b       0x12 ./Src/Device/Bsp/startup/startup_stm32f103c8tx.o
 .debug_abbrev  0x000000000000056d       0x58 ./Src/Device/Hw/src/hw.o
 .debug_abbrev  0x00000000000005c5      0x201 ./Src/Lib/mx_c8t6/Drivers/STM32F1xx_HAL_Driver/Src/stm32f1xx_hal.o
 .debug_abbrev  0x00000000000007c6      0x2f8 ./Src/Lib/mx_c8t6/Drivers/STM32F1xx_HAL_Driver/Src/stm32f1xx_hal_cortex.o
 .debug_abbrev  0x0000000000000abe      0x1ca ./Src/Lib/mx_c8t6/Drivers/STM32F1xx_HAL_Driver/Src/stm32f1xx_hal_gpio.o
 .debug_abbrev  0x0000000000000c88      0x2b3 ./Src/Lib/mx_c8t6/Drivers/STM32F1xx_HAL_Driver/Src/stm32f1xx_hal_rcc.o
 .debug_abbrev  0x0000000000000f3b       0x5b ./Src/main.o

.debug_aranges  0x0000000000000000      0x438
 .debug_aranges
                0x0000000000000000       0x30 ./Src/App/src/app.o
 .debug_aranges
                0x0000000000000030       0x30 ./Src/Device/Bsp/src/bsp.o
 .debug_aranges
                0x0000000000000060       0x20 ./Src/Device/Bsp/src/stm32f1xx_hal_msp.o
 .debug_aranges
                0x0000000000000080       0x60 ./Src/Device/Bsp/src/stm32f1xx_it.o
 .debug_aranges
                0x00000000000000e0       0x28 ./Src/Device/Bsp/src/system_stm32f1xx.o
 .debug_aranges
                0x0000000000000108       0x28 ./Src/Device/Bsp/startup/startup_stm32f103c8tx.o
 .debug_aranges
                0x0000000000000130       0x20 ./Src/Device/Hw/src/hw.o
 .debug_aranges
                0x0000000000000150       0xe0 ./Src/Lib/mx_c8t6/Drivers/STM32F1xx_HAL_Driver/Src/stm32f1xx_hal.o
 .debug_aranges
                0x0000000000000230      0x100 ./Src/Lib/mx_c8t6/Drivers/STM32F1xx_HAL_Driver/Src/stm32f1xx_hal_cortex.o
 .debug_aranges
                0x0000000000000330       0x58 ./Src/Lib/mx_c8t6/Drivers/STM32F1xx_HAL_Driver/Src/stm32f1xx_hal_gpio.o
 .debug_aranges
                0x0000000000000388       0x90 ./Src/Lib/mx_c8t6/Drivers/STM32F1xx_HAL_Driver/Src/stm32f1xx_hal_rcc.o
 .debug_aranges
                0x0000000000000418       0x20 ./Src/main.o

.debug_rnglists
                0x0000000000000000      0x2f8
 .debug_rnglists
                0x0000000000000000       0x1f ./Src/App/src/app.o
 .debug_rnglists
                0x000000000000001f       0x21 ./Src/Device/Bsp/src/bsp.o
 .debug_rnglists
                0x0000000000000040       0x13 ./Src/Device/Bsp/src/stm32f1xx_hal_msp.o
 .debug_rnglists
                0x0000000000000053       0x43 ./Src/Device/Bsp/src/stm32f1xx_it.o
 .debug_rnglists
                0x0000000000000096       0x1a ./Src/Device/Bsp/src/system_stm32f1xx.o
 .debug_rnglists
                0x00000000000000b0       0x19 ./Src/Device/Bsp/startup/startup_stm32f103c8tx.o
 .debug_rnglists
                0x00000000000000c9       0x13 ./Src/Device/Hw/src/hw.o
 .debug_rnglists
                0x00000000000000dc       0xa3 ./Src/Lib/mx_c8t6/Drivers/STM32F1xx_HAL_Driver/Src/stm32f1xx_hal.o
 .debug_rnglists
                0x000000000000017f       0xbb ./Src/Lib/mx_c8t6/Drivers/STM32F1xx_HAL_Driver/Src/stm32f1xx_hal_cortex.o
 .debug_rnglists
                0x000000000000023a       0x3f ./Src/Lib/mx_c8t6/Drivers/STM32F1xx_HAL_Driver/Src/stm32f1xx_hal_gpio.o
 .debug_rnglists
                0x0000000000000279       0x6c ./Src/Lib/mx_c8t6/Drivers/STM32F1xx_HAL_Driver/Src/stm32f1xx_hal_rcc.o
 .debug_rnglists
                0x00000000000002e5       0x13 ./Src/main.o

.debug_macro    0x0000000000000000    0x16d36
 .debug_macro   0x0000000000000000      0x26e ./Src/App/src/app.o
 .debug_macro   0x000000000000026e      0xa90 ./Src/App/src/app.o
 .debug_macro   0x0000000000000cfe       0x22 ./Src/App/src/app.o
 .debug_macro   0x0000000000000d20       0x5b ./Src/App/src/app.o
 .debug_macro   0x0000000000000d7b       0x24 ./Src/App/src/app.o
 .debug_macro   0x0000000000000d9f       0x94 ./Src/App/src/app.o
 .debug_macro   0x0000000000000e33       0x43 ./Src/App/src/app.o
 .debug_macro   0x0000000000000e76       0x34 ./Src/App/src/app.o
 .debug_macro   0x0000000000000eaa       0x16 ./Src/App/src/app.o
 .debug_macro   0x0000000000000ec0       0x57 ./Src/App/src/app.o
 .debug_macro   0x0000000000000f17       0x97 ./Src/App/src/app.o
 .debug_macro   0x0000000000000fae      0x369 ./Src/App/src/app.o
 .debug_macro   0x0000000000001317       0xfd ./Src/App/src/app.o
 .debug_macro   0x0000000000001414       0x10 ./Src/App/src/app.o
 .debug_macro   0x0000000000001424       0x16 ./Src/App/src/app.o
 .debug_macro   0x000000000000143a       0x43 ./Src/App/src/app.o
 .debug_macro   0x000000000000147d       0x34 ./Src/App/src/app.o
 .debug_macro   0x00000000000014b1       0x10 ./Src/App/src/app.o
 .debug_macro   0x00000000000014c1       0x58 ./Src/App/src/app.o
 .debug_macro   0x0000000000001519       0x8e ./Src/App/src/app.o
 .debug_macro   0x00000000000015a7       0x1c ./Src/App/src/app.o
 .debug_macro   0x00000000000015c3      0x177 ./Src/App/src/app.o
 .debug_macro   0x000000000000173a       0x16 ./Src/App/src/app.o
 .debug_macro   0x0000000000001750       0x16 ./Src/App/src/app.o
 .debug_macro   0x0000000000001766      0x147 ./Src/App/src/app.o
 .debug_macro   0x00000000000018ad      0x103 ./Src/App/src/app.o
 .debug_macro   0x00000000000019b0       0x6a ./Src/App/src/app.o
 .debug_macro   0x0000000000001a1a      0x1df ./Src/App/src/app.o
 .debug_macro   0x0000000000001bf9       0x22 ./Src/App/src/app.o
 .debug_macro   0x0000000000001c1b      0x20f ./Src/App/src/app.o
 .debug_macro   0x0000000000001e2a       0x2e ./Src/App/src/app.o
 .debug_macro   0x0000000000001e58       0x22 ./Src/App/src/app.o
 .debug_macro   0x0000000000001e7a       0x1c ./Src/App/src/app.o
 .debug_macro   0x0000000000001e96       0x22 ./Src/App/src/app.o
 .debug_macro   0x0000000000001eb8       0xbd ./Src/App/src/app.o
 .debug_macro   0x0000000000001f75      0xd23 ./Src/App/src/app.o
 .debug_macro   0x0000000000002c98     0xe09e ./Src/App/src/app.o
 .debug_macro   0x0000000000010d36       0x6d ./Src/App/src/app.o
 .debug_macro   0x0000000000010da3     0x348d ./Src/App/src/app.o
 .debug_macro   0x0000000000014230       0x56 ./Src/App/src/app.o
 .debug_macro   0x0000000000014286      0x5bc ./Src/App/src/app.o
 .debug_macro   0x0000000000014842      0x289 ./Src/App/src/app.o
 .debug_macro   0x0000000000014acb      0x1cb ./Src/App/src/app.o
 .debug_macro   0x0000000000014c96      0x114 ./Src/App/src/app.o
 .debug_macro   0x0000000000014daa      0x1b2 ./Src/App/src/app.o
 .debug_macro   0x0000000000014f5c       0x27 ./Src/App/src/app.o
 .debug_macro   0x0000000000014f83      0x136 ./Src/App/src/app.o
 .debug_macro   0x00000000000150b9      0x1bc ./Src/App/src/app.o
 .debug_macro   0x0000000000015275       0x34 ./Src/App/src/app.o
 .debug_macro   0x00000000000152a9       0x3c ./Src/App/src/app.o
 .debug_macro   0x00000000000152e5       0x57 ./Src/App/src/app.o
 .debug_macro   0x000000000001533c       0x87 ./Src/App/src/app.o
 .debug_macro   0x00000000000153c3      0x240 ./Src/App/src/app.o
 .debug_macro   0x0000000000015603      0x140 ./Src/App/src/app.o
 .debug_macro   0x0000000000015743       0x83 ./Src/App/src/app.o
 .debug_macro   0x00000000000157c6      0x278 ./Src/Device/Bsp/src/bsp.o
 .debug_macro   0x0000000000015a3e      0x296 ./Src/Device/Bsp/src/stm32f1xx_hal_msp.o
 .debug_macro   0x0000000000015cd4      0x2a0 ./Src/Device/Bsp/src/stm32f1xx_it.o
 .debug_macro   0x0000000000015f74       0xc8 ./Src/Device/Bsp/src/system_stm32f1xx.o
 .debug_macro   0x000000000001603c       0x8e ./Src/Device/Bsp/src/system_stm32f1xx.o
 .debug_macro   0x00000000000160ca       0x51 ./Src/Device/Bsp/src/system_stm32f1xx.o
 .debug_macro   0x000000000001611b      0x28c ./Src/Device/Hw/src/hw.o
 .debug_macro   0x00000000000163a7      0x1a3 ./Src/Lib/mx_c8t6/Drivers/STM32F1xx_HAL_Driver/Src/stm32f1xx_hal.o
 .debug_macro   0x000000000001654a       0x5c ./Src/Lib/mx_c8t6/Drivers/STM32F1xx_HAL_Driver/Src/stm32f1xx_hal.o
 .debug_macro   0x00000000000165a6      0x17f ./Src/Lib/mx_c8t6/Drivers/STM32F1xx_HAL_Driver/Src/stm32f1xx_hal_cortex.o
 .debug_macro   0x0000000000016725      0x1ea ./Src/Lib/mx_c8t6/Drivers/STM32F1xx_HAL_Driver/Src/stm32f1xx_hal_gpio.o
 .debug_macro   0x000000000001690f      0x191 ./Src/Lib/mx_c8t6/Drivers/STM32F1xx_HAL_Driver/Src/stm32f1xx_hal_rcc.o
 .debug_macro   0x0000000000016aa0      0x296 ./Src/main.o

.debug_line     0x0000000000000000     0x7024
 .debug_line    0x0000000000000000      0x971 ./Src/App/src/app.o
 .debug_line    0x0000000000000971      0x9d7 ./Src/Device/Bsp/src/bsp.o
 .debug_line    0x0000000000001348      0x9ea ./Src/Device/Bsp/src/stm32f1xx_hal_msp.o
 .debug_line    0x0000000000001d32      0xaab ./Src/Device/Bsp/src/stm32f1xx_it.o
 .debug_line    0x00000000000027dd      0x579 ./Src/Device/Bsp/src/system_stm32f1xx.o
 .debug_line    0x0000000000002d56       0x7b ./Src/Device/Bsp/startup/startup_stm32f103c8tx.o
 .debug_line    0x0000000000002dd1      0x99d ./Src/Device/Hw/src/hw.o
 .debug_line    0x000000000000376e      0xa23 ./Src/Lib/mx_c8t6/Drivers/STM32F1xx_HAL_Driver/Src/stm32f1xx_hal.o
 .debug_line    0x0000000000004191      0xc0b ./Src/Lib/mx_c8t6/Drivers/STM32F1xx_HAL_Driver/Src/stm32f1xx_hal_cortex.o
 .debug_line    0x0000000000004d9c      0xabc ./Src/Lib/mx_c8t6/Drivers/STM32F1xx_HAL_Driver/Src/stm32f1xx_hal_gpio.o
 .debug_line    0x0000000000005858      0xe2c ./Src/Lib/mx_c8t6/Drivers/STM32F1xx_HAL_Driver/Src/stm32f1xx_hal_rcc.o
 .debug_line    0x0000000000006684      0x9a0 ./Src/main.o

.debug_str      0x0000000000000000    0x7f36e
 .debug_str     0x0000000000000000    0x7e041 ./Src/App/src/app.o
                                      0x7e386 (size before relaxing)
 .debug_str     0x000000000007e041      0x2a1 ./Src/Device/Bsp/src/bsp.o
                                      0x7e5e6 (size before relaxing)
 .debug_str     0x000000000007e2e2       0xa7 ./Src/Device/Bsp/src/stm32f1xx_hal_msp.o
                                      0x7e41d (size before relaxing)
 .debug_str     0x000000000007e389       0xd3 ./Src/Device/Bsp/src/stm32f1xx_it.o
                                      0x7e432 (size before relaxing)
 .debug_str     0x000000000007e45c       0x92 ./Src/Device/Bsp/src/system_stm32f1xx.o
                                      0x54699 (size before relaxing)
 .debug_str     0x000000000007e4ee       0x3e ./Src/Device/Bsp/startup/startup_stm32f103c8tx.o
                                         0x70 (size before relaxing)
 .debug_str     0x000000000007e52c       0x21 ./Src/Device/Hw/src/hw.o
                                      0x7e37b (size before relaxing)
 .debug_str     0x000000000007e54d      0x617 ./Src/Lib/mx_c8t6/Drivers/STM32F1xx_HAL_Driver/Src/stm32f1xx_hal.o
                                      0x7b39c (size before relaxing)
 .debug_str     0x000000000007eb64      0x2cb ./Src/Lib/mx_c8t6/Drivers/STM32F1xx_HAL_Driver/Src/stm32f1xx_hal_cortex.o
                                      0x7b2e8 (size before relaxing)
 .debug_str     0x000000000007ee2f      0x2f3 ./Src/Lib/mx_c8t6/Drivers/STM32F1xx_HAL_Driver/Src/stm32f1xx_hal_gpio.o
                                      0x7afef (size before relaxing)
 .debug_str     0x000000000007f122      0x239 ./Src/Lib/mx_c8t6/Drivers/STM32F1xx_HAL_Driver/Src/stm32f1xx_hal_rcc.o
                                      0x7b098 (size before relaxing)
 .debug_str     0x000000000007f35b       0x13 ./Src/main.o
                                      0x7e387 (size before relaxing)

.debug_frame    0x0000000000000000      0xdd8
 .debug_frame   0x0000000000000000       0x70 ./Src/App/src/app.o
 .debug_frame   0x0000000000000070       0x70 ./Src/Device/Bsp/src/bsp.o
 .debug_frame   0x00000000000000e0       0x38 ./Src/Device/Bsp/src/stm32f1xx_hal_msp.o
 .debug_frame   0x0000000000000118      0x104 ./Src/Device/Bsp/src/stm32f1xx_it.o
 .debug_frame   0x000000000000021c       0x58 ./Src/Device/Bsp/src/system_stm32f1xx.o
 .debug_frame   0x0000000000000274       0x2c ./Src/Device/Hw/src/hw.o
 .debug_frame   0x00000000000002a0      0x334 ./Src/Lib/mx_c8t6/Drivers/STM32F1xx_HAL_Driver/Src/stm32f1xx_hal.o
 .debug_frame   0x00000000000005d4      0x428 ./Src/Lib/mx_c8t6/Drivers/STM32F1xx_HAL_Driver/Src/stm32f1xx_hal_cortex.o
 .debug_frame   0x00000000000009fc      0x14c ./Src/Lib/mx_c8t6/Drivers/STM32F1xx_HAL_Driver/Src/stm32f1xx_hal_gpio.o
 .debug_frame   0x0000000000000b48      0x218 ./Src/Lib/mx_c8t6/Drivers/STM32F1xx_HAL_Driver/Src/stm32f1xx_hal_rcc.o
 .debug_frame   0x0000000000000d60       0x2c ./Src/main.o
 .debug_frame   0x0000000000000d8c       0x20 /Applications/STM32CubeIDE.app/Contents/Eclipse/plugins/com.st.stm32cube.ide.mcu.externaltools.gnu-tools-for-stm32.11.3.rel1.macos64_1.1.100.202310310803/tools/bin/../lib/gcc/arm-none-eabi/11.3.1/../../../../arm-none-eabi/lib/thumb/v7-m/nofp/libc_nano.a(libc_a-memset.o)
 .debug_frame   0x0000000000000dac       0x2c /Applications/STM32CubeIDE.app/Contents/Eclipse/plugins/com.st.stm32cube.ide.mcu.externaltools.gnu-tools-for-stm32.11.3.rel1.macos64_1.1.100.202310310803/tools/bin/../lib/gcc/arm-none-eabi/11.3.1/../../../../arm-none-eabi/lib/thumb/v7-m/nofp/libc_nano.a(libc_a-init.o)

.debug_line_str
                0x0000000000000000       0x64
 .debug_line_str
                0x0000000000000000       0x64 ./Src/Device/Bsp/startup/startup_stm32f103c8tx.o
                                         0x7c (size before relaxing)
